#!/bin/sh
# 🚨
# 🚨 Source: https://netactuate.dl.sourceforge.net/project/wordlist/SCOWL/2020.12.07/scowl-2020.12.07.zip?viasf=1::src/make-proper-names.lst
# 🚨

filter() {
  sort -u                                     \
  | comm -23 - working/known-upper.lst        \
  | comm -23 - r/special/not-upper
}

cat working/all.lst | grep "^[A-Z]"           \
  | comm -23 - working/abbreviations.lst.pre  \
  | cat - l/proper-names/*                    \
  | filter                                    \
  | src/add-other-spellings                   \
  | src/find-ss working/all.lst               \
  | sed "s/^\(.*\)'s\$/\1/"                   \
  | src/filter                                \
  | filter                                    \
  | sed "s/^\(.*\)/\1 \1's/"                  \
  | tr ' ' '\n'                               \
  | sort -u                                   \
  > working/proper-names.lst

