# 🚨
# 🚨 Source: https://web.archive.org/web/20071018165557if_/http://personal.riverusers.com/~thegrendel/ablesupp.zip::ablesig.lst
# 🚨
&agonothete
+airbus
+airbuses
+amebiases
+amebiasis
+amebiform
+anestrous
+antickes
+anticks
&antipasti
+archeological
+archeologically
+archeologist
+archeologists
+archeometric
+archeometrist
+archeometrists
&aulae
&autobahnen
+bazzazz
+bazzazzes
+bezzazz
+bezzazzes
+bizzazz
+bizzazzes
&botteghe
&carnifices
+carpospore
+centimorgan
+centimorgans
~chilioi
~chiliois
+chondroma
+chondromas
+chondromata
+choregrapher
+choregraphers
+choregraphic
+clast
+coinop
+cotemporanean
+cotemporaneans
+cotemporaneities
+cotemporaneity
+cotemporaneously
+cotemporaneousness
+cotemporaneousnesses
+coys
+cruiserweight
+cruiserweights
+desideria
+diencephala
+effrayed
+effraying
+encephala
+epencephala
+eponychia
+eurythmic
+eurythmical
+eurythmics
+eurythmist
+eurythmists
-fatwaed
-fatwahed
+forfaultable
+forfaulted
+forfaulter
+forfaulters
+forfaulting
+forfaulture
+forfaultures
+francomania
+francomanias
+francophil
+francophile
+francophiles
+francophils
+francophobe
+francophobes
+fructan
+fyled
+fyling
&gighe
+gingled
+gingling
+grapled
+grapling
+griples
+gulphed
+gulphing
+gynaecea
+haematomata
+haikus
+homoiothermic
+homoiothermous
+hoorded
+hoording
+hybridomata
+hyperbolae
+intransigeancies
+intransigeancy
+intransigeantism
+intransigeantisms
+intransigeantist
+intransigeantists
+intransigeantly
+intreatable
+intreaties
+intreatingly
+intreative
+intreatment
+intreatments
+intreaty
+kaurigum
+kaurigums
&kulaki
+lacrimaries
+lacrimary
+lacrimation
+lacrimations
+lacrimator
+lacrimatories
+lacrimators
+lacrimatory
+lacrimose
+lacrimosely
+lacrimosities
+lacrimosity
+lacrymaries
+lacrymary
+lacrymation
+lacrymations
+lacrymator
+lacrymatories
+lacrymators
+lacrymatory
+lacrymose
+lacrymosely
+lacrymosities
+lacrymosity
+leukaemic
+leukaemogen
+leukaemogenic
+leukaemogens
-leukemogenic
+leukoblast
+leukoblasts
+leukocratic
+leukocyte
+leukocytes
+leukocythaemia
+leukocythaemias
+leukocytic
+leukocytolyses
+leukocytolysis
+leukocytopenia
+leukocytopenias
+leukocytoses
+leukocytosis
+leukoderma
+leukodermal
+leukodermas
+leukodermia
+leukodermias
+leukodermic
+leukopenia
+leukopenias
+leukoplakia
+leukoplakias
+leukoplast
+leukoplastid
+leukoplastids
+leukoplasts
+leukopoieses
+leukopoiesis
+leukorrhoea
+leukorrhoeas
+leukosin
+leukosins
+leukotome
+leukotomes
+leukotomies
+leukotomy
+litui
+maneuverable
+maneuverer
+maneuverers
+matriclinies
+matricliny
+matzohs
+mausolea
+mesencephala
+mezuzas
+mirkier
+mirkiest
+mirkily
+mirkiness
+mirkinesses
+mirkish
+mirksome
+mirky
+moed
+moeing
+morbi
+myocardia
+oecologic
+oecological
+oecologically
+oecologist
+oecologists
+oecumenical
+oecumenicalism
+oecumenicalisms
+oecumenically
+oecumenicism
+oecumenicisms
+oecumenics
+oecumenism
+oecumenisms
+ourologic
+ourological
+ourologist
+ourologists
+ouroscopic
+ouroscopist
+ouroscopists
+pacificae
+paederastic
+paederasties
+paederasty
+pandaress
+pandaresses
+pandarism
+pandarisms
+pandarous
+panniculi
+parencephala
+pazzazz
+pazzazzes
+peculiums
+perimycia
+perinaea
+peronei
-piercings
+pizzazz
+pizzazzes
+poudered
+poudering
+poudred
+poudring
+pouldered
+pouldering
+pouldred
+pouldring
+praetoria
+procaryot
+procaryote
+procaryotes
+procaryotic
+procaryots
+proscenia
+prosencephala
+prostomia
+puerperia
+pylori
-pyrexial
+pyrexical
+quadrivia
+rancelman
+rancelmen
+ranselman
+ranselmen
+reistier
+reistiest
+reistiness
+reistinesses
+reisty
&rencontred
&rencontring
+retraicted
+retraicting
+retraited
+retraiting
+revokabilities
+revokability
+revokableness
+revokablenesses
+revokably
+rhimed
+rhiming
+rhinencephala
+rhombencephala
+rhythming
+rosaria
+rostella
+rouled
+rouling
-rouming
-roumings
+sawboneses
+scirrhi
+scirrhusses
-sida
-sidas
+signiori
+skreened
+skreening
+spagerical
+spagirical
+spunged
+spunging
+spyred
+spyring
+squitters
+steatomata
+storys
-sulfatic
+sulfuration
+sulfurations
+sulfurator
+sulfurators
+surrogata
+synkarya
+syphilomata
-tedesche
-tedeschi
+telencephala
+teniacide
+teniacides
+teniafuge
+teniafuges
+teniases
+teniasis
+teniate
+thalamencephala
+titly
+tonsilectomies
+tonsilectomy
+tonsilitic
+tonsilotomies
+tonsilotomy
-townsfolks
+trihedra
+tytely
+ungazed
+ventered
+ventering
+victrices
+wheengeing
-wheeshed
-wheeshes
-wheeshing
-whimpled
-whimpling
+whipsawn
+wilco
