# 🚨
# 🚨 Source: https://web.archive.org/web/20071018165557if_/http://personal.riverusers.com/~thegrendel/ablesupp.zip::unable.lst
# 🚨
abattu
abonnement
abonnements
abrege
abreges
accable
acharne
adelantado
adelantados
affaire
affaires
affiche
affiches
agacant
agacante
agacerie
agaceries
agathodaimon
agathodaimons
aggiornamento
aggiornamentos
agonothete
agonothetes
agregation
agregations
agrege
agreges
agremens
agrement
agrements
aidoi
aidos
aikona
akedah
akedahs
alalagmoi
alalagmos
alberghi
albergo
alcaiceria
alcaicerias
alcaide
alcaides
alcarraza
alcarrazas
alcayde
alcaydes
alcazar
alcazars
alcorza
alcorzas
aldea
aldeas
alectryon
alectryons
alfaqui
alfaquis
alfereces
alferez
alforja
alforjas
allee
allees
allons
alternat
alternats
altesse
altesses
alteza
altezas
altezza
altezzas
amabile
amende
amendes
ami
amie
amies
amigo
amigos
amis
analoga
analogon
analogons
anchoveta
anchovetas
ancile
ancilia
anno
antefixa
antibarbarus
antibarbaruses
antipasti
antipasto
antipastos
anziani
apage
aporia
aporias
appalti
appalto
appartement
appartements
apres
aqua
aquae
aquas
arbitrium
arbitriums
argumenta
argumentum
ariette
ariettes
arilli
arillus
arriere
arriero
arrieros
arrivederci
aspersoir
aspersoirs
aspersoria
aspersorium
aspersoriums
assegaai
assegaaied
assegaaiing
assegaais
attentat
attentats
aula
aulae
aulas
autobahn
autobahnen
autobahns
autocritique
autocritiques
autopista
autopistas
autoroute
autoroutes
autostrada
autostradas
autostrade
avant
avanti
avenir
avenirs
avgolemono
avgolemonos
avion
avions
avoyer
avoyers
avvogadore
avvogadores
ayuntamiento
ayuntamientos
azulejo
azulejos
bagarre
bagarres
bailli
bailliage
bailliages
baillis
baladin
baladine
baladines
baladins
bandeirante
bandeirantes
banlieue
banlieues
barasinga
barasingas
barasingha
barasinghas
baraza
barazas
barca
barcas
basoche
basoches
bastide
bastides
battuta
battutas
becasse
becasses
beccaccia
beccaccias
beneplacito
berceau
berceaux
bertillonage
bertillonages
betise
betises
beton
betons
beurre
beurres
bienseance
bienseances
bitte
blanchisseuse
blanchisseuses
blanquet
blanquets
blanquette
blanquettes
bleuatre
bluette
bluettes
bocca
boccas
bon
bona
bonamani
bonamano
bonne
bonnes
bonsoir
bordereau
bordereaux
borghetto
borghettos
borgo
borgos
botte
bottega
bottegas
botteghe
bottes
bouche
bouchee
bouchees
bouches
bouderie
bouderies
boursier
boursiers
brevete
brindisi
brindisis
brut
buonamani
buonamano
bustiers
buvette
buvettes
cadeau
cadeaux
cahier
cahiers
caldaria
caldarium
calembour
calembours
camoufleur
camoufleurs
campagna
campagnas
carabiniere
carabinieri
caramba
careme
caremes
caritas
caritates
carnifex
carnifexes
carnifices
casa
casas
cassone
cassones
cassoulet
cassoulets
cauchemar
cauchemars
causa
causae
ceinture
ceintures
cendre
chambre
chenet
chenets
cher
chere
chevre
chevres
chez
chinoiserie
chinoiseries
cito
clochard
clochards
cochleare
cochleares
cochlears
comble
combles
concours
conferencier
conferenciers
confiserie
confiseries
confiseur
confiseurs
conseil
conseils
consulta
contrat
contrats
controle
coram
corniche
corniches
corrida
corridas
cotelette
cotelettes
coulis
couvert
couverts
crible
crimen
crimina
croquis
cru
crudites
crus
cuisine
cuisines
cuisinier
cuisiniers
daube
daubes
decheance
decheances
degage
degout
degouts
degringolade
degringoladed
degringolades
degringolading
degringoler
degringolered
degringolering
degringolers
dei
dejeuner
dejeuners
delassement
delassements
delineavit
demarche
demarches
demode
depeche
depeches
deracine
dernier
derriere
derrieres
desagrement
desagrements
desoeuvre
desoriente
detente
detentes
detenu
detenue
detenues
detenus
deus
devot
devots
di
discursus
discursuses
diseur
diseurs
diseuse
diseuses
distingue
distinguee
distrait
distraite
divertissement
divertissements
divisim
dixi
duende
duendes
dunno
durchkomponiert
durchkomponirt
ebauche
ebauches
ebeniste
ebenistes
ecce
ecco
echt
ecritoire
ecritoires
egarement
egarements
embusque
embusques
emplastron
emplastrons
emplastrum
emplastrums
emplectum
emplectums
empresse
empressement
empressements
enamorado
enamorados
encierro
encierros
encomendero
encomenderos
encomienda
encomiendas
enfant
enfants
engrenage
engrenages
ennuye
entete
entetee
entrainment
entrainments
entrez
epatant
eperdu
eperdue
epicier
epiciers
epris
eprise
epuise
epuisee
equipe
equipes
ergon
ergons
escalier
escaliers
escamotage
escamotages
escargot
escargots
escribano
escribanos
escroc
escrocs
espada
espadas
esprit
esprits
espumoso
espumosos
esquisse
esquisses
estro
estros
etage
etagere
etageres
etages
etalage
etalages
etape
etapes
etat
etatisme
etatismes
etatiste
etatistes
etats
etoile
etoiles
etourderie
etourderies
etourdi
etourdie
etranger
etrangere
etrangeres
etrangers
etrenne
etrennes
evenement
evenements
excerpta
excerptum
excrementa
excrementum
excudit
exemple
exemples
exigeant
exigeante
externat
externats
extrait
extraits
fadaise
fadaises
fadeur
fadeurs
farceur
farceurs
farceuse
farceuses
farci
farruca
farrucas
fascismi
fascismo
fascista
fascisti
faubourg
faubourgs
faux
fecit
feerie
feeries
feliciter
femme
femmes
festa
festas
feuillete
feuilletes
figurante
figurantes
filet
filets
fille
filles
fils
fini
finis
flic
flics
floreat
foederati
foederatus
folie
folies
fonda
fondas
forcat
forcats
formaliter
foule
foules
fra
fraicheur
fraicheurs
franco
frappant
fras
frate
frati
fredaine
fredaines
frere
freres
friand
friande
friandes
friands
frigidaria
frigidarium
frigidariums
frigorifico
frigorificos
fripon
friponnerie
friponneries
fripons
frisee
frisees
frisette
frisettes
friseur
friseurs
frisure
frisures
friture
fritures
frizzante
fumetti
fumetto
funebre
fureur
fureurs
garni
gens
gentes
gentilhomme
gentilshommes
giga
gigas
gighe
giron
girons
gitana
gitanas
gitano
gitanos
gloire
gloires
gobbi
gobbo
gonna
gotta
goutte
gouttes
gradatim
gradini
gradino
grande
gratine
gratinee
gregatim
grossierete
grossieretes
habitans
habitant
habitants
hammerkop
hammerkops
hasta
haute
hoc
hombre
hombres
homme
hommes
hors
huissier
huissiers
ibidem
idee
idees
idem
illustrissimo
imponderabilia
improvvisatore
improvvisatores
improvvisatori
improvvisatrice
improvvisatrices
improvvisatrici
incipit
inconnu
inconnue
inconnues
inconnus
inferiae
inflatus
inflatuses
infra
ingenu
ingenue
ingenues
intimiste
intimistes
intonaco
intonacos
intra
invenit
iterum
iure
ivresse
ivresses
japonaiserie
japonaiseries
jeu
jeune
jeux
jour
jours
jura
jure
jus
katana
katanas
katorga
katorgas
kulak
kulaki
kulaks
laer
laered
laering
laers
lapsus
latifondi
lazzi
lazzo
lettre
lettres
lex
libraire
libraires
librairie
librairies
literati
literato
livraison
livraisons
lochan
lochans
longueur
longueurs
loquitur
maire
maires
majorat
majorats
majoritaire
majoritaires
mal
malentendu
malentendus
mals
mangouste
mangoustes
manque
martyria
martyrium
marxisant
mauvais
mauvaise
memoriter
menuisier
menuisiers
merveilleuse
merveilleuses
merveilleux
mesalliance
mesalliances
mesquin
mesquine
mesquinerie
mesquineries
mignon
mignonne
mille
millefeuille
millefeuilles
millefleurs
milles
minceur
minoritaire
minoritaires
missa
missae
modiste
modistes
morbi
morbus
morbuses
motoscafi
motoscafo
mouchard
mouchards
mouchoir
mouchoirs
moue
moues
mouvemente
mudejar
mudejares
naartje
naartjes
narquois
nartjie
nartjies
natura
naturae
necessaire
necessaires
negociant
negociants
niaiserie
niaiseries
nodi
nodus
nom
nomen
nomina
nomoi
nomos
noms
non
nostoi
nostos
notabilia
nouveau
nouvelle
nouvelles
novella
novellae
novellas
novelle
nugae
obiit
obiter
objet
objets
oboli
obolus
oeuvre
oeuvres
ole
organa
organon
organum
ossia
ouvert
ouverte
ouvrage
ouvrages
ouvrier
ouvriere
ouvrieres
ouvriers
pacta
pactum
palmette
palmettes
panhellenia
panhellenium
panzer
panzers
parti
partim
partis
partitura
partituras
passe
passee
passim
pensee
pensees
pensieroso
pensionnat
pensionnats
pentathla
pentathlum
pere
peres
perestroika
perestroikas
perruque
perruques
petillant
petroleur
petroleurs
petroleuse
petroleuses
pH
pHs
pianiste
pianistes
pinxit
pirogue
pirogues
plaudite
plisse
poilu
poilus
pointe
pointes
poisson
poissons
politesse
politesses
politique
politiques
poseur
poseurs
poseuse
poseuses
postulata
postulatum
praeludia
praeludium
preludi
preludio
prima
primeur
primeurs
procureur
procureurs
protospataire
protospataires
protospathaire
protospathaires
racloir
racloirs
raisonne
recitativi
recollet
recollets
reflet
reflets
regie
regies
regisseur
regisseurs
rejon
rejoneador
rejoneadora
rejoneadoras
rejoneadores
rejoneo
rejoneos
rejones
relache
relaches
religieuse
religieuses
religieux
religioso
rencontre
rencontred
rencontres
rencontring
reveur
reveurs
reveuse
reveuses
rosaria
rosarium
rosariums
salle
salles
sama
samas
sayonara
sayonaras
schnell
sculpsit
seco
secundum
sedes
semper
seriatim
serradella
serradellas
siciliana
siciliane
sicilienne
siciliennes
simpliciter
skikjoring
skikjorings
solfege
solfeges
solfeggi
solfeggio
solfeggios
spritzig
spritzigs
statim
strapontin
strapontins
succes
succursale
succursales
sucrier
sucriers
sui
sur
sympathique
tanto
tartine
tartines
teleferique
teleferiques
telepherique
telepheriques
tempore
tendenz
tendenzen
tertius
tertiuses
teste
tete
tetes
tifosi
tifoso
tiramisu
tiramisus
toison
toisons
torchere
torcheres
torchier
torchiere
torchieres
torchiers
torchon
torchons
tracasserie
tracasseries
trahison
trahisons
transmanche
tres
triptyque
triptyques
trocken
troppo
trottoir
trottoirs
trucage
trucages
truquage
truquages
truqueur
truqueurs
tubae
tyrannis
ubique
unberufen
utu
utus
vaurien
vauriens
verboten
verismo
verismos
veronique
vers
verslibriste
verslibristes
viae
vias
vicomte
vicomtes
vicomtesse
vicomtesses
vide
videlicet
videnda
videndum
vin
vins
vis
vita
vitae
vitas
vivat
vivats
voulu
wanna
winna
wysiwyg
yanqui
yanquis
zabeta
zabetas
zamarra
zamarras
zamarro
zamarros
