# 🚨
# 🚨 Source: https://web.archive.org/web/20071018165557if_/http://personal.riverusers.com/~thegrendel/supp2k.zip::mw10add.lst
# 🚨
admasses
adrenalized
aerobicize
aerobicized
aerobicizes
aerobicizing
alnicos
anestruses
animatronic
animatronically
antefixae
apoptoses
apoptosis
apoptotic
app
applet
applets
apps
archaea
archaeal
archaean
archaeans
archentera
assed
audiobook
audiobooks
bafflegab
bafflegabs
benchmarking
benchmarkings
biomarker
biomarkers
biomimetic
biomimetics
bioregion
bioregional
bioregionalism
bioregionalisms
bioregionalist
bioregionalists
bioregions
bioremediation
bioremediations
biosolid
biosolids
blastosporic
bloviation
bloviations
boffed
boffing
bohrium
bohriums
brainiac
brainiacs
brewpub
brewpubs
brownfield
brownfields
butes
caffeinated
calos
campout
campouts
canolas
cementums
centai
centas
centu
cineplex
cineplexes
colobuses
cors
cred
creds
cremini
creminis
crimini
criminis
cryptosporidia
cryptosporidioses
cryptosporidiosis
cryptosporidium
culexes
cybersex
cybersexes
delt
delts
denar
denari
denars
deni
dubnium
dubniums
dyneins
echinacea
echinaceas
ecofeminism
ecofeminisms
ecofeminist
ecofeminists
ecoterrorism
ecoterrorisms
ecoterrorist
ecoterrorists
ecotour
ecotours
eds
emoticon
emoticons
farfalle
farfalles
fibrinous
firewall
firewalls
flankens
fluoxetine
fluoxetines
freeware
freewares
frisee
frisees
fulfilment
fulfilments
gateaus
gazillion
gazillions
gazoo
gazoos
gigaflop
gigaflops
gingkos
gnostics
gopik
gos
greenfield
greenfields
hantavirus
hantaviruses
hardcores
hardwired
hassium
hassiums
homegirl
homegirls
homosocial
homosocialities
homosociality
hyperlink
hyperlinked
hyperlinking
hyperlinks
hypermedia
hypermedias
impatienses
incentivize
incentivized
incentivizes
incentivizing
inions
intertextual
intertextualities
intertextuality
intertextually
intranet
intranets
kaddishes
kermeses
kerygmas
kuna
kune
latu
leaderboard
leaderboards
lipa
lipe
luging
mahimahis
manat
manats
masculinist
masculinists
medigap
medigaps
meds
meister
meisters
meitnerium
meitneriums
meme
memes
menstrually
mesclun
mescluns
microphotographed
microphotographing
mifepristone
mifepristones
minibar
minibars
minidress
minidresses
modernes
morphed
morphing
mosh
moshed
mosher
moshers
moshes
moshing
nairas
nenes
netiquette
netiquettes
netizen
netizens
newbie
newbies
newsgroup
newsgroups
noninfringement
noninfringements
omphaloses
onces
ostinati
paclitaxel
paclitaxels
parashahs
parvenues
perp
perps
perseverative
pizzazz
pizzazzes
pizzazzy
plasmodesms
plyometric
plyometrics
portabella
portabellas
portabello
portabellos
portobello
portobellos
preconciliar
primavera
quasicrystal
quasicrystalline
quasicrystals
ramen
ramens
rapinis
rappinis
rightsize
rightsized
rightsizes
rightsizing
santimu
sensei
senseis
skinnies
som
spaetzles
spam
spammed
spammer
spammers
spamming
spams
spatzles
stotin
stotinov
superphenomenons
tacrine
tacrines
takas
tallises
talliths
tandooris
tandoors
tapenade
tapenades
techno
technos
telnet
telneted
telneting
telnets
telnetted
telnetting
teloses
tenge
testatrixes
thermographer
thermographers
tolar
tolarjev
tolars
transgender
transgendered
tsouris
tyin
tyiyn
tynt
tzimmeses
untieing
velociraptor
velociraptors
vetter
vetters
viewdatas
violoncellos
waitstaff
waitstaffs
wazoo
wazoos
wetware
wetwares
yottabyte
yottabytes
zebrines
zeptosecond
zeptoseconds
zettabyte
zettabytes
