# 🚨
# 🚨 Source: https://web.archive.org/web/20071018165557if_/http://personal.riverusers.com/~thegrendel/supp2k.zip::OSPDADD.LST
# 🚨
abaya
abayas
abductee
abductees
abegging
abessive
abessives
ablator
ablators
abled
ableism
ableisms
ableist
ableists
abortus
abortuses
abrash
abrashes
abrin
abrins
abristle
abroads
abseiler
abseilers
abusage
abusages
acantha
acanthae
acarbose
acarboses
acausal
accoladed
accolading
accoutreing
accra
accras
acer
acers
acetums
achira
achiral
achiras
acoelous
acorned
acouchi
acouchies
acouchis
acouchy
acromions
acron
acronal
acrons
actioner
actioners
activin
activins
adessive
adessives
adipsin
adipsins
admasses
admittee
admittees
adoral
advocaat
advocaats
adwoman
adwomen
adzed
adzing
aechmea
aechmeas
aerobat
aerobats
afikomen
afikomens
afterall
agamid
agamids
agamies
agamy
agapes
agemate
agemates
agented
aggada
aggadah
aggadahs
aggadot
agita
agitas
agloo
agloos
aglossia
aglossias
aglu
aglus
agnathan
agricide
agricides
ags
aguacate
aguacates
ahed
ahh
ahhed
ahhing
ahhs
ahing
ahs
aina
ainas
airbag
airbags
airish
airlock
airlocks
airpack
airpacks
airshot
airshots
airshow
airshows
airside
airsides
akaryote
akaryotes
akinesia
akinesias
akinetic
akrasia
akrasias
akratic
alanui
alanuis
aldicarb
aldicarbs
alethic
alfredo
aliasing
aliasings
aliyoth
alkie
allative
allatives
allodiums
allomone
allomones
allosaur
allosaurs
allsorts
almanack
almanacks
almondy
alocasia
alocasias
alodiums
alterities
alterity
alveola
alveolae
amauti
amautik
amautiks
amautis
ambrette
ambrettes
ammonate
ammonates
amnio
amnios
amped
amping
amplicon
amplicons
ancho
anchos
andesine
andesines
anestruses
anglified
anglifies
anglify
anglifying
anglo
anglos
anicca
aniccas
animatic
animatics
annona
annonas
anoestri
anoestrus
anomia
anomias
anomics
antbird
antbirds
antefixae
anticults
antifog
antiguns
antimales
antinome
antinomes
antinukes
antipills
antirapes
antiriots
antisnobs
antistats
anu
anyon
anyons
anyu
anyus
apeshit
aphakia
aphakias
apio
apios
apneuses
apneusis
apomixises
aporetic
aporia
aporias
app
applet
applets
apport
apports
apps
apyrexia
apyrexias
aquacrop
aquacrops
aquafarm
aquafarmed
aquafarming
aquafarms
aqualung
aqualungs
aralia
aralias
arame
arames
arborio
arborios
arcanas
arcanely
archaean
archean
arctiid
arctiids
areg
arepa
arepas
aridisol
aridisols
armguard
armguards
arrases
arriba
arrivism
arrivisms
artwear
ascared
ascoma
ascomata
aseismic
ashcake
ashcakes
askar
askari
askaris
askars
aslosh
asocials
aspermia
aspermias
aspermic
assuager
assuagers
astable
asura
asuras
asynergies
asynergy
asystole
asystoles
atar
atars
atenolol
atenolols
atonia
atonias
atoxic
atresic
atretic
attaboys
attagirl
attelet
attelets
atticize
atticized
atticizes
atticizing
attrit
attrites
attriting
attrits
attritted
attritting
auditee
auditees
aumbries
aumbry
auslese
ausleses
autarch
autarchs
autist
autists
autocide
autocides
autodial
autodials
autoharp
autoharps
autoload
automat
automats
autopen
autopens
autosave
autosaves
aversives
averter
averters
aviatic
awendaw
awendaws
axilemma
axilemmata
axinite
axinites
axolemma
axolemmas
azerty
baaskap
baaskaps
baasskap
baasskaps
babbitries
babbitry
babier
babiest
babydoll
babydolls
babylike
babysat
babysit
babysits
babysitting
backbar
backbars
backdown
backdowns
backflip
backflipped
backflipping
backflips
backhoed
backhoeing
backload
backloaded
backloading
backloads
backrooms
baedeker
baedekers
bael
baels
baglike
bagpiped
bagpiping
baigan
baigans
baignet
baignets
baitfish
baitfishes
bajee
bajees
bakelite
bakelites
bakra
bakras
balisier
balisiers
ballgown
ballgowns
balsamy
balti
baltis
banc
bancs
banda
bandaid
bandaids
bandas
bandings
bandless
bandsaw
bandsaws
bangled
bankit
bankits
bannable
baraza
barazas
barbie
barbies
barca
barcas
barfy
bargirl
bargirls
barklice
barklouse
barned
barney
barneys
barning
barosaur
barosaurs
barra
barras
barton
bartons
baryton
barytons
basanite
basanites
bashings
basho
bashos
basilect
basilects
batata
batatas
bateleur
bateleurs
batgirl
batgirls
bathings
batiked
batiking
batterer
batterers
battleax
battleaxes
bayside
bazodee
beatbox
beatboxes
beaucoups
bedboard
bedboards
bedhead
bedheads
bedsoniae
beedi
beedis
beerily
beeswaxed
beeswaxing
beetlings
begad
beheadal
beheadals
beheader
beheaders
beigne
beignes
bejel
bejels
bellings
belonoid
benadryl
benadryls
bendier
bendiest
bensh
benshed
benshes
benshing
benthon
benthons
bento
bentos
bentsh
bentshed
bentshes
bentshing
bergenia
bergenias
berk
berks
bermed
berming
bes
beses
besomed
besoming
betaware
betawares
bettings
bhaigan
bhaigans
bhajee
bhajees
bhaji
bhajis
bialies
bicep
bicorns
bidi
bidis
bigfooted
bigfooting
biggy
bigos
bigoses
bigshot
bigshots
bigstick
bigtime
bilbies
bilby
bilevel
bilevels
bilimbi
bilimbis
billibi
billibis
bimbette
bimbettes
biodata
biofuel
biofuels
biog
biogs
biometer
biometers
biomorph
biomorphs
biotroph
biotrophs
biprism
biprisms
birddog
birddogged
birddogging
birddogs
birdfeed
birdfeeds
birdlife
biriani
birianis
biro
biros
birthings
biryani
biryanis
biscotti
biscotto
bitchen
bitchin
bitmap
bitmaps
bitok
bitoks
bitsier
bitsiest
biuret
biurets
bizarro
bizarros
blackhaw
blackhaws
blackie
blackies
blacky
bladelet
bladelets
blader
bladers
blading
bladings
blaff
blaffs
blagging
blaggings
blahed
blahing
blandified
blandifies
blandify
blandifying
blatt
blatts
bleeper
bleepers
blewit
blewits
blimped
blimping
blindgut
blindguts
blissout
blissouts
blitzer
blitzers
blivet
blivets
blivit
blivits
blondine
blondined
blondines
blondining
blowlamp
blowlamps
bluebeat
bluebeats
bluette
bluettes
blurbist
blurbists
boatlift
boatlifted
boatlifting
boatlifts
bobbysox
bodywear
boffed
boffing
bogart
bogarted
bogarting
bogarts
bogue
bogued
bogues
boguing
bogusly
boho
bohos
bohrium
bohriums
boings
boink
boinked
boinking
boinks
bolded
bolding
bolix
bolixed
bolixes
bolixing
boltered
boltering
boltless
boltlike
bombable
bomblet
bomblets
bondless
boneyer
boneyest
boniato
boniatos
bonobo
bonobos
bonsais
boobook
boobooks
boocoo
boocoos
boodies
boody
boogieing
bookended
bookending
bookless
booklike
bookmarked
bookmarking
bookoo
bookoos
boomless
boongaries
boongary
boonless
boppish
boreas
boreases
bork
borked
borking
borks
bornitic
borrelia
borrelias
bosomier
bosomiest
bosset
bossets
botanics
boto
botos
botte
bottes
boudin
boudins
boursin
boursins
boxball
boxballs
boxily
braggings
bragless
brahmani
brahmanis
brahmin
brahmins
brailler
braillers
brainiac
brainiacs
brandade
brandades
brawlings
breakoff
breakoffs
brei
breis
bresaola
bresaolas
brewpub
brewpubs
brewski
brewskies
brewskis
brillo
brillos
brises
brith
briths
bronzite
bronzites
brucite
brucites
bruisings
bruncher
brunchers
brung
brux
bruxed
bruxes
bruxing
buaya
buayas
bubba
bubbas
bubu
bubus
buchu
buchus
buckhorn
buckhorns
buckjump
buckjumped
buckjumping
buckjumps
buckos
bucku
buckus
buddha
buddhas
buffest
bulbless
bulgar
bulgars
bulghar
bulghars
bulghur
bulghurs
bulkings
bullboat
bullboats
bulldyke
bulldykes
bullshat
bumelia
bumelias
bummalo
bummalos
buna
bunas
buncoes
bunkoes
bunkroom
bunkrooms
bunodont
buntal
buntals
bunyip
bunyips
buppy
burb
burka
burkas
burnouse
bursicon
bursicons
busgirl
busgirls
bustler
bustlers
butanal
butanals
butes
buto
butoh
butohs
butos
butsu
butthead
buttheads
butthole
buttholes
buyoff
buyoffs
buzzcut
buzzcuts
bypasser
bypassers
cabbagy
cabler
cablers
cablings
caboclo
caboclos
cachaca
cachacas
cacologies
cacology
caconym
caconymies
caconyms
caconymy
caddised
caftaned
cagelike
cakiness
cakinesses
cakra
cakras
calaloo
calaloos
calalu
calalus
calathea
calatheas
calcrete
calcretes
calfless
callais
callaises
calpain
calpains
calvariums
calzoni
camelid
camelids
cami
camis
cammie
cammies
camo
camogie
camogies
camoodi
camoodis
camos
camote
camotes
camwood
camwoods
canaigre
canaigres
cancered
candyass
candyasses
canelike
canework
caneworks
cang
cangs
canings
canistel
canistels
cannolis
canoeings
canolas
canopic
cantier
cantiest
cantily
canular
cany
caping
capiz
capizes
capoeira
capoeiras
capsizal
capsizals
carbene
carbenes
carborne
cardon
cardons
carhopped
carhopping
caringly
carings
cariose
carjack
carjacked
carjacking
carjacks
carnaper
carnapers
carnied
carnying
carrycot
carrycots
carveries
carvery
cascadoo
cascadoos
cassena
cassenas
cassene
cassenes
cassina
cassinas
cassine
cassines
castratos
caterings
catjang
catjangs
catsuit
catsuits
caveatted
caveatting
cavesson
cavessons
cavitand
cavitands
cecities
cecity
cecropia
cecropias
cefaclor
cefaclors
cegep
cegeps
ceilidh
ceilidhs
celotex
celotexes
cementums
cenozoic
centas
cercal
cervids
cestoses
chachka
chachkas
chaconia
chaconias
chaebol
chainlet
chainlets
chairbed
chairbeds
chalonic
chametz
chametzes
champaca
champacas
changeup
changeups
chanoyu
chanoyus
chaologies
chaology
chapaties
chapatties
charanga
charangas
charango
charangos
chatroom
chatrooms
chazerai
cheapy
checksum
checksums
chedarim
cheddary
chemzyme
chemzymes
cherem
cherems
cheshire
cheshires
chestily
chevet
chevets
chevret
chevrets
chewables
chianti
chiantis
chica
chicas
chichier
chichiest
chilis
chinwag
chinwagged
chinwagging
chinwags
chiphead
chipheads
chipotle
chipotles
chippings
chipset
chipsets
chirren
chitals
chiv
chived
chiving
chivs
chivved
chivving
chloasmas
chola
cholas
choli
cholis
chometz
chometzes
chondral
chou
chouette
chouettes
choux
chromier
chromiest
chromy
chuffle
chuffled
chuffles
chuffling
chunnel
chunnels
chupot
chuppah
chuppahs
chuppot
churro
churros
chypre
chypres
chytrid
chytrids
ciabatta
ciabattas
ciabatte
cienaga
cienagas
cienega
cienegas
cig
ciggies
ciggy
cigs
cimar
cimars
cingular
cipherer
cipherers
cissing
cissings
cissus
cissuses
cisted
citylike
civ
civs
claddagh
claddaghs
cladism
cladisms
clafouti
clafoutis
clamlike
clanky
clanless
clarsach
clarsachs
classon
classons
clawfoot
clearcut
clearcuts
clearcutting
clearway
clearways
cleg
clegs
cleruch
cleruchies
cleruchs
cleruchy
climbings
cliquism
cliquisms
clises
clisis
cloggily
closeup
closeups
clottish
clovered
clovery
clubbily
clubbings
clubface
clubfaces
clumpily
cnida
cnidae
cnidocil
cnidocils
coachings
coalface
coalfaces
coalmine
coalmines
coburg
coburgs
coccis
cockshot
cockshots
cocoplum
cocoplums
cohanim
cohen
cohens
cojones
cokelike
coky
colbies
colby
coldboot
coldbooted
coldbooting
coldboots
coletit
coletits
colobuses
colonia
colonias
colorway
colorways
coloureds
colpoda
colpodas
columnea
columneas
comals
comites
commesse
commesses
communer
communers
competer
competers
concours
congenic
conjunto
conjuntos
contango
contangos
contempo
contessa
contessas
convexed
convexing
cooccur
cooccurred
cooccurring
cooccurs
cookoff
cookoffs
coolabah
coolabahs
coolibah
coolibahs
coonass
coonasses
coparented
coparenting
copay
copays
copiable
copita
copitas
copout
copouts
copyable
copygirl
copygirls
coreq
coreqs
corival
corivals
corneae
cornett
cornetts
cornified
cornifies
cornify
cornifying
corpuses
corrido
corridos
corroder
corroders
cors
cortina
cortinae
cortinas
corvid
corvids
cosmid
cosmids
costally
costings
coteaus
cotenure
cotenures
cotinga
cotingas
cotinine
cotinines
cottaged
coturnix
coturnixes
coucal
coucals
coudes
couriered
couriering
cowlike
cowlneck
cowlnecks
cowriter
cowriters
coxless
crabbings
crablike
cradlings
crafter
crafters
craglike
cranshaw
cranshaws
crapola
crapolas
crapshoot
crapshooting
crapshoots
crapshot
crawlies
crayoner
crayoners
crazings
creatives
creeped
cremini
creminis
crenshaw
crenshaws
creodonta
creperie
creperies
crepitus
cressy
cretons
crewcut
crewcuts
creweler
crewelers
crimine
criminy
criolla
criollas
crip
crips
crit
crits
crockpot
crockpots
crocused
cronish
crotoxin
crotoxins
crottin
crottins
croucher
crouchers
croute
croutes
crownings
cru
cryobank
cryobanks
csardas
csardases
cuatro
cuatros
cubbed
cubbing
cubiti
cubitus
cufflink
cufflinks
culexes
cumbia
cumbias
cums
curlike
cursored
cursoring
cush
cushes
cuspal
cuvee
cuvees
cyathium
cyathiums
cybersex
cybersexes
cyclable
cyclin
cyclins
cyclopes
cynipid
cynipids
cytosome
cytosomes
czardases
daal
daals
daboia
daboias
dacite
dacites
dacron
dacrons
daddyish
dadgum
daemones
dagged
dagging
dairyer
dairyers
daled
daleds
dalet
dalets
damiana
damianas
dammit
dan
dancerly
dancey
dancier
danciest
dancings
dancy
danegelt
danegelts
danglings
dangly
danishes
dans
darbar
darbars
darcies
darcy
darklings
dasheki
dashekis
dast
dasyurid
dasyurids
databased
databasing
datebook
datebooks
datolite
datolites
dawdlings
dawnings
daycare
daycares
daycoach
daycoaches
dayhop
dayhops
daypack
daypacks
dayshift
dayshifts
daywear
deadlined
deadlining
deadman
deadmen
deadzone
deadzones
dealateds
debag
debagged
debagging
debags
debarker
debarkers
debud
debudded
debudding
debuds
deburr
deburred
deburring
deburrs
decani
decon
deconned
deconning
decons
decubiti
decubitus
decuply
deejayed
deejaying
def
defenced
defencing
defensin
defensins
deffer
deffest
defiable
deforcer
deforcers
defrag
defragged
defragging
defrags
defuel
defueled
defueling
defuelled
defuelling
defuels
defuser
defusers
degender
degendered
degendering
degenders
degummer
degummers
dehire
dehired
dehires
dehiring
deictics
delater
delaters
delayered
delayering
delish
delt
delts
demagogued
demagoguing
demic
demist
demisted
demister
demisters
demisting
demists
demoed
demoing
denar
denari
denars
deni
denimed
dentaliums
dentex
dentexes
depeople
depeopled
depeoples
depeopling
deployer
deployers
deporter
deporters
deranger
derangers
deration
derationed
derationing
derations
derib
deribbed
deribbing
deribs
deschool
deschooled
deschooling
deschools
deskill
deskilled
deskilling
deskills
despisal
despisals
dethatch
dethatched
dethatches
dethatching
deverbals
devonian
devore
devores
dhansak
dhansaks
dhotie
dhoties
diable
diablo
diadochies
diadochy
diapente
diapentes
diapsid
diapsids
diarchal
diastyle
diastyles
diatonics
diatreme
diatremes
diazoes
diazos
dickhead
dickheads
dickys
dicofol
dicofols
dicy
dieoff
dieoffs
dif
diff
diffs
difs
digerati
digestif
digestifs
digizine
digizines
digram
digrams
dikaryon
dikaryons
dinkie
dino
dinos
dintless
diplegic
diplegics
diprotic
dipshit
dipshits
disabler
disablers
diseur
diseurs
disomies
disomy
disowner
disowners
dividivi
dividivis
divulse
divulsed
divulses
divulsing
dobro
dobros
doctorly
docusoap
docusoaps
dodgily
doh
dohs
doiley
doileys
dolente
dolina
dolinas
doline
dolines
dolmenic
domette
domettes
donged
donging
dongle
dongles
doobie
doobies
doodah
doodahs
doodies
doodoo
doodoos
doody
doofer
doofers
doored
dooring
doowop
doowops
dopily
dopings
dormered
dotlike
douc
doucs
doula
doulas
downbow
downbows
downhole
downholes
downhome
downless
downlike
downlinked
downlinking
downspin
downspins
downzone
downzoned
downzones
downzoning
doxastic
doxastics
dracena
dracenas
drachmal
draglift
draglifts
drailed
drailing
dramadies
dramady
drawgate
drawgates
drey
dreys
drinkings
drippage
drippages
drippily
droid
droids
dromoi
dromos
droolier
drooliest
drooly
droplike
droshkys
droskys
drugola
drugolas
drumette
drumettes
drupel
drupels
drybrush
drybrushes
drywalled
drywalling
drywell
drywells
dubnium
dubniums
duchesse
duffed
duffing
dufus
dufuses
duh
dulfer
dulfers
duloses
dulosis
dulotic
dumbo
dumbos
dumkas
dumpsite
dumpsites
dumpster
dumpsters
dungheap
dungheaps
dunkable
dupion
dupions
duplet
duplets
duppies
duppy
dustings
duyker
duykers
dweebish
dyeline
dynamize
dynamized
dynamizes
dynamizing
dyslalia
dyslalias
dyspathies
dyspathy
dytiscid
dytiscids
dzo
dzos
eaceworm
eaceworms
eagled
eagling
earbob
earbobs
earlike
easeled
eastmost
ebonics
ebook
ebooks
ecesic
echium
echiums
eclipser
eclipsers
ecorche
ecorches
ecotage
ecotages
ectasia
ectasias
eds
eek
effluviums
eggcase
eggcases
eggfruit
eggfruits
ejido
ejidos
elve
email
emailed
emailing
emails
emanant
emdash
emdashes
emeritas
emmy
emmys
emoticon
emoticons
enargite
enargites
enclaved
enclaving
enclises
enclisis
endash
endashes
endpin
endpins
endplay
endplayed
endplaying
endplays
endurer
endurers
engobe
engobes
enophile
enophiles
enterics
enuf
enureses
enviro
enviros
eocene
ephemeron
ephemerons
epidurals
epigamic
epilate
epilated
epilates
epilating
epilator
epilators
epizoan
equative
equatives
ergatives
erodable
erodents
errable
erub
erubs
eruv
eruvs
esbat
esbats
escalope
escalopes
eschewer
eschewers
esne
esnes
esophaguses
essive
essives
esthetics
etatist
ethamine
ethamines
ethanal
ethanals
ethnonym
ethnonyms
ethogram
ethograms
etodolac
etodolacs
eudaimon
eudaimons
euglenid
euglenids
eurekas
euroland
eurolands
eusocial
eustasies
eustasy
evulse
evulsed
evulses
evulsing
exabyte
exabytes
exahertz
exapted
exaptive
exed
exedras
exhedra
exhedrae
exilable
exiler
exilers
exing
exocytic
exonym
exonyms
expecter
expecters
extranet
extranets
eyass
eyasses
eyefold
eyefolds
eyeleted
eyeleting
eyelift
eyelifts
fab
fabs
fabulate
fabulated
fabulates
fabulating
facadism
facadisms
facedowns
facelift
facelifted
facelifting
facelifts
facemask
facemasks
fack
facked
facking
facks
factive
fadein
fadeins
fadeout
fadeouts
fadlike
faggier
faggiest
falafels
familist
familists
fanac
fanacs
fanfic
fanfics
farebeat
farebeaten
farebeating
farebeats
farebox
fareboxes
farfalle
farfalles
farmstay
farmstays
farolito
farolitos
farragos
farruca
farrucas
fartlek
fartleks
fasters
fastigia
fastigium
fastigiums
fatals
fathomer
fathomers
fatsia
fatsias
fatwah
fatwahs
fatware
fatwares
fautor
fautors
fe
fedex
fedexed
fedexes
fedexing
feeb
feebs
feedhorn
feedhorns
feedyard
feedyards
feijoada
feijoadas
feistily
felafels
felsic
felty
fennier
fenniest
fentanyl
fentanyls
ferninst
fes
fest
fests
fetidities
fetidity
fettler
fettlers
fezzy
fiberage
fiberages
fibrose
fibrosed
fibrosing
fibster
fibsters
fiddlier
fiddliest
filename
filenames
fillable
filmi
filmis
filmlike
filses
filthied
filthies
filthying
finca
fincas
finner
finners
firewall
firewalled
firewalling
firewalls
firrier
firriest
fishkill
fishkills
fissural
fistfuck
fistfucked
fistfucking
fistfucks
fivespot
fivespots
fizzily
fizzler
fizzlers
fjordic
flacker
flackers
flamings
flankens
flaperon
flaperons
flareup
flareups
flatline
flatlined
flatlines
flatlining
flatout
flauta
flautas
fleshily
fleuret
fleurets
fleuron
fleurons
flexcash
flipbook
flipbooks
flipflop
flipflops
flir
flirs
flirtily
floorman
floormen
flory
flosser
flossers
flotel
flotels
flourier
flouriest
flowback
flowbacks
fluellen
fluellens
fluellin
fluellins
fluffer
fluffers
flukily
flunkout
flunkouts
flyback
flybacks
flysheet
flysheets
flywhisk
flywhisks
fodderer
fodderers
foldaways
foldup
foldups
foley
foleys
folic
folivore
folivores
folkier
folkiest
folksong
folksongs
followup
followups
fondued
fonduing
foo
foody
foon
foons
foos
footbag
footbags
footbed
footbeds
footlet
footlets
footlong
footrail
footrails
footrot
footrots
footwell
footwells
forbare
forehanding
formably
formica
formicas
fornent
forzandi
foulers
foureyed
fra
fragger
fraggers
francize
francized
francizes
francizing
fras
freenet
freenets
freeware
freewares
freezings
frenular
freshers
fress
fressed
fresser
fressers
fresses
fressing
fretman
fretmen
frisbee
frisbees
friskings
frites
frogbit
frogbits
frontman
frontmen
fros
frother
frothers
fructan
fructans
fryable
frybread
frybreads
fubar
fuckface
fuckfaces
fuckhead
fuckheads
fuckoff
fuckoffs
fuddies
fuddy
fufu
fufus
fuglier
fugliest
fugly
fulgencies
fulgency
funder
funders
fundings
funfest
funfests
funhouse
funhouses
funkily
funster
funsters
furo
furos
fusaria
fusarium
fuselike
fusional
fusuma
fuzzbox
fuzzboxes
fuzztone
fuzztones
gaffsail
gaffsails
gaitered
galette
galettes
galuth
galuths
gambeer
gambeers
gamblings
gameless
gametal
gammadions
gangbanged
gangbanging
gangle
gangled
gangles
gangsta
gangstas
gansey
ganseys
gapless
garbagey
garbagy
garda
gardai
garlicking
garlicks
garreted
gaseities
gaseity
gateaus
gater
gaters
gatings
gawd
gaydar
gaydars
gazeless
gazingly
gebel
gebels
gelatis
gelsolin
gelsolins
gemaric
gematria
gematrias
gemless
genetrices
genetrix
genials
genogram
genograms
genomics
genual
geocode
geocodes
geodal
germlike
getgo
getgoes
geullah
geullahs
gevald
gevalt
gewgawed
ghastily
ghomasio
ghomasios
gi
giardia
giardias
giftable
giftables
giftwrap
giftwrapped
giftwrapping
giftwraps
gigaflop
gigaflops
gildable
ginglymi
ginglymus
ginzo
ginzoes
ginzos
gippo
gippos
giri
giris
girlier
girliest
giroed
giroing
gis
gite
gites
gitting
givable
givee
givees
glabellum
glacials
glam
glammed
glamming
glams
glazily
glebal
glei
gleis
glintier
glintiest
glinty
glioses
gliosis
glitzed
glitzing
gloop
gloops
gloppier
gloppiest
gloriosa
gloriosas
glovebox
gloveboxes
gluiness
gluinesses
glums
glute
glutenin
glutenins
glutes
gmelina
gmelinas
gnostics
gobshite
gobshites
goldtone
goliath
goliaths
gomasio
gomasios
gombeen
gombeens
gomer
gomers
gonions
gonk
gonked
gonking
gonks
goonda
goondas
goonier
gooniest
goonily
gork
gorks
gorm
gormed
gorming
gorms
gos
gotcha
gotchas
goth
goths
gotta
goutweed
goutweeds
gramma
grammas
grammies
grammy
grampa
grampas
gratineing
gratines
grav
gravs
grayhen
grayhens
graysbies
graysby
greenlight
greenlighted
greenlighting
greenlights
greenlit
grex
grexes
greymail
greymails
gridded
gridironed
gridironing
grilleries
grillery
gringa
gringas
grinnie
grinnies
gripless
grister
gristers
gritless
gritter
gritters
grodier
grodiest
grody
grok
grokked
grokking
groks
grommeted
grommeting
groovily
grottily
grottoed
groupism
groupisms
grummeted
grummeting
guarddog
guarddogs
guereza
guerezas
gulleries
gullery
gullwing
gullwings
gumball
gumballs
gumline
gumlines
gummily
gump
gumped
gumping
gumps
gunda
gundas
gunge
gunges
gungy
gunkier
gunkiest
gunnera
gunneras
gurdwara
gurdwaras
gurn
gurned
gurning
gurns
gusano
gusanos
guyrope
guyropes
guywire
guywires
gwine
gyoza
gyozas
gyppo
gyppos
gyttja
gyttjas
habanero
habaneros
hachoo
hackable
hacksawed
hacksawing
hacksawn
hafizes
haftoros
haglike
hagrider
hagriders
haick
haicks
haikus
haimish
haint
haints
hairgrip
hairgrips
hairweave
hairweaved
hairweaves
hairweaving
hairwove
hairwoven
haka
hakas
haku
hakus
halachoth
halakhah
halakhahs
halakhic
halakhoth
halal
halalled
halalling
halals
halfpipe
halfpipes
halfwit
halfwits
halier
haliers
hallal
hallucal
halon
halons
haloumi
haloumis
hametz
hametzes
handax
handaxes
handclap
handclaps
hander
handers
haoma
haomas
haplitic
haptera
hapteron
hardass
hardasses
hardcores
hardnews
hardrock
harewood
harewoods
harissa
harissas
harplike
hassium
hassiums
hatchecks
hatcheted
hatcheting
hauntings
hawkbit
hawkbits
hawsed
hawsing
hayey
hayrake
hayrakes
hazarder
hazarders
hazeless
hazmat
hazmats
headbang
headbanged
headbanging
headbangs
headcase
headcases
headfast
headfasts
headful
headfuls
headrail
headrails
headshot
headshots
headwear
healings
heaper
heapers
heapy
heatings
heckuva
heelwork
heelworks
hegemon
hegemons
helenium
heleniums
heli
heliced
helideck
helidecks
heliodor
heliodors
helis
helleris
helpline
helplines
hemipod
hemipode
hemipodes
hemipods
hemisect
hemisected
hemisecting
hemisects
henge
henges
henley
henleys
hennin
hennins
hennish
hepped
hepper
heppest
herbaged
herbariums
herdbook
herdbooks
herem
herems
herolike
heuchera
heucheras
hevea
heveas
hexylic
hickie
hidy
hiera
hieron
hierurgies
hierurgy
highmost
highrise
highrises
hijab
hijabs
hijiki
hijikis
hijra
hijrah
hijrahs
hijras
hilahila
hims
hinctier
hinctiest
hincty
hindward
hiply
hiree
hirees
hissier
hissiest
hitman
hitmen
hittable
hivelike
hiver
hivers
hiziki
hizikis
hobber
hobbers
hocket
hockets
hodman
hodmen
holddown
holddowns
holme
holmes
holocene
holstered
holstering
homebrew
homebrews
homegirl
homegirls
homepage
homepages
hometz
hometzes
homeys
homie
homies
homings
homodont
hongi
hongied
hongies
hongiing
hoo
hoodmold
hoodmolds
hooktip
hooktips
hoos
hoover
hoovered
hoovering
hoovers
hopingly
hordeola
hordeolum
hornings
hos
hosannahs
hoselike
hoser
hosers
hosey
hoseyed
hoseying
hoseys
hoteling
hotelings
hothoused
hothousing
hotlink
hotlinks
hotspot
hotspots
houndish
houndy
hourless
hourlies
hourlong
housecat
housecats
houting
houtings
howlings
hryvnia
hryvnias
huaca
huacas
huemul
huemuls
huffer
huffers
huia
hulaed
hulaing
hulloo
hullooed
hullooing
hulloos
humidex
humidexes
humifies
humify
humifying
humiture
humitures
humper
humpers
humpie
humpies
hunkey
hunkeys
hunkie
hunnic
hupot
huppah
huppahs
huppot
hurtable
huskie
hyalitis
hyalitises
hydrarch
hydrilla
hydrillas
hymner
hymners
hypalgia
hypalgias
hypernym
hypernyms
hypers
hyphenic
hyponym
hyponymies
hyponyms
hyponymy
icemaker
icemakers
icescape
icescapes
ichthus
ichthuses
ichthys
ichthyses
ictal
idiogram
idiograms
idiotype
idiotypes
idiotypies
idiotypy
igg
igged
igging
iggs
iguanid
iguanids
iiwi
iiwis
illude
illuded
illudes
illuding
immixt
impled
impurer
impurest
incent
incented
incenting
incents
incher
inchers
indicial
indument
induments
inedibly
inessive
inessives
infill
infills
infobahn
infobahns
infotain
infotained
infotaining
infotains
inholder
inholders
inions
inlaw
inlawed
inlawing
inlawries
inlawry
inlaws
inlying
innage
innages
innit
inosine
inosines
inputter
inputters
intactly
intermat
intermats
intermatted
intermatting
intifada
intifadas
intranet
intranets
inukshuk
inukshuks
inversed
inversing
invertin
invertins
invitor
invitors
ippon
ippons
ironman
ironmen
isleted
isobutyl
isobutyls
isocrat
isocrats
isodoses
isolani
isolanis
isolette
isolettes
isolex
isolexes
isophone
isophones
isostacies
isostacy
izba
izbas
jacklight
jacklighted
jacklighting
jacklights
jacklit
jacuzzi
jacuzzis
jadelike
jaggies
jailable
jak
jakeses
jaks
jaminder
jaminders
jamlike
jammable
jansky
janskys
jargony
jari
jaris
jarless
jasmined
jaspe
jawless
jazzbo
jazzbos
jazzfest
jazzfests
jazzish
jeaned
jello
jellos
jetfoil
jetfoils
jetful
jetfuls
jetlag
jetlags
jetpack
jetpacks
jetway
jetways
jibaro
jibaros
jiggier
jiggiest
jiggish
jiggler
jigglers
jiggy
jiglike
jimmie
jinnis
jivy
jocked
jocking
joeboat
joeboats
johnnie
jointings
jokeless
jolliers
jooal
jooals
jook
jooked
jooking
jooks
journaled
journaling
journo
journos
judicare
judicares
judogi
judogis
juku
jukus
jumar
jumared
jumaring
jumars
jumpable
jurassic
juryless
jutelike
juvie
kabalism
kabalisms
kabalist
kabalists
kabinett
kabinetts
kaddishes
kaffiyah
kaffiyahs
kahawai
kahawais
kaiaked
kaiaking
kalathoi
kalathos
kalpac
kalpacs
kama
kamas
kanaka
kanakas
kanga
kangas
kanzu
kanzus
kaonic
kapeika
kapeikas
karateka
karatekas
kavya
kavyas
kazachoks
kazatske
kazatskes
keffiyah
keffiyahs
kegged
kegging
keiretsu
keiretsus
kelt
kelts
kempy
kente
kentes
kentia
kentias
kermeses
kernelly
kernings
kernoi
kernos
kerygmas
ketamine
ketamines
ketoxime
ketoximes
kewpie
kewpies
keypal
keypals
khanga
khangas
khuskhus
khuskhuses
kiack
kiacks
kibitka
kibitkas
kickless
kidcom
kidcoms
kiddushim
kideo
kideos
kidglove
kidlit
kidlits
kikumon
kikumons
killable
killy
kiltlike
kincob
kincobs
kinless
kipuka
kipukas
kiruv
kiruvs
kitbag
kitbags
kitcheny
klavier
klaviers
kleenex
kleenexes
klepto
kleptos
klezmers
klick
klicks
klik
kliks
klismoi
klismos
klondike
klondikes
kludged
kludging
kludgy
kluged
kluging
knaidel
knaidlach
knawe
knawes
kneesies
kobos
kois
koji
kojis
kolache
kolaches
kombu
kombus
kookily
kram
krams
kreplech
kretek
kreteks
krewe
krewes
krumkake
krumkakes
kuchens
kuna
kunas
kurtoses
kvell
kvelled
kvelling
kvells
kvetcher
kvetchers
kwachas
kye
kyes
kylices
laa
laas
lablab
lablabs
lacinia
lacinias
laddery
laddish
ladhood
ladhoods
ladyless
laff
laffs
lah
lahs
laicals
lakebed
lakebeds
laks
laksa
laksas
lakses
lalang
lalangs
lalique
laliques
lambada
lambadas
lamers
laminals
laminin
laminins
lampless
lamplit
lancado
lancados
landfilled
landfilling
landmarked
landmarking
landmine
landmines
landrail
landrails
landslidden
laogai
laogais
lappage
lappages
laquei
laqueus
larbo
larbos
larchen
laryngals
lashup
lashups
lastborn
lastborns
lateralled
lateralling
lathlike
latilla
latillas
latina
latinas
lavash
lavashes
lavatera
lavateras
laxes
layback
laybacks
leadened
leadening
leadens
leadfeet
leadfoot
leadfoots
leafbird
leafbirds
lecithal
lecithic
lect
lects
lefse
lefses
leftie
leftmost
lekked
lekking
lenite
lenited
lenites
lenitic
leniting
lenslike
lentoids
leppies
leppy
leptin
leptins
les
lesbo
lesbos
leses
lesioning
lessers
lesses
leucoses
leucosis
levis
lexises
liegedom
liegedoms
lifecare
lifecares
lifespan
lifespans
limboed
limboing
limewood
limewoods
linctus
linctuses
linguica
linguicas
lingula
lingulae
lingular
linotype
linotyped
linotypes
linotyping
lionet
lionets
lipa
lipemia
lipemias
lipemic
lipread
lipreading
lipreads
lipuria
lipurias
liquidus
liquiduses
liquory
listeria
listerias
listserv
listservs
liteness
litenesses
literatus
lithics
lithops
lithopses
livedo
livedos
livelongs
livered
livering
liveyere
liveyeres
loadless
lobola
lobolas
lobolo
lobolos
localed
localing
lochias
lockings
lockless
lockset
locksets
loggish
logicism
logicisms
login
logins
logon
logons
loid
loided
loiding
loids
lollopy
loma
lomas
longjump
longjumped
longjumping
longjumps
longneck
longnecks
longwall
longyi
longyis
lookism
lookisms
lookist
lookists
loonie
loonily
loosebox
looseboxes
lopolith
lopoliths
lordy
loreless
lotter
lotters
lovebite
lovebites
loveseat
loveseats
lowlily
lowp
lowped
lowping
lowps
lozenged
lubed
lubing
lucite
lucites
luging
luller
lullers
lumberly
lumma
lunateds
lunates
lunchbox
lunchboxes
lurex
lurexes
luringly
lutfisk
lutfisks
lych
lyches
lycra
lycras
lyolyses
lyolysis
lyricon
lyricons
machoism
machoisms
maderize
maderized
maderizes
maderizing
madrasa
madrasas
madtom
madtoms
mafiosos
magalog
magalogs
maggid
maggidim
maggiore
maggiores
maggotier
maggotiest
magickal
mahaleb
mahalebs
mahimahis
maiasaur
maiasaurs
maildrop
maildrops
mailgram
mailgrams
mailroom
mailrooms
majlis
majlises
makework
makeworks
malacia
malacias
malacoid
mallings
mamzer
mamzerim
mamzers
manat
manats
manga
manganin
manganins
mangas
mantram
mantrams
maquila
maquilas
mara
maras
marcatos
marginals
marigram
marigrams
maritage
maritages
marka
markas
maroquin
maroquins
martele
martyria
martyrium
masa
masala
masalas
masas
mascle
mascles
mashgiah
mashgihim
masonite
masonites
matai
matais
matier
matiest
maturers
maxed
maxing
maybird
maybirds
mazaltov
mazeltov
mbaqanga
mbaqangas
mechitza
mechitzas
mechitzot
medevaced
medevacing
medicant
medicants
medicide
medicides
medigap
medigaps
medrese
medreses
meds
meg
mega
megaflop
megaflops
megaplex
megaplexes
megara
megaron
megilla
megillas
megilloth
megs
mehndi
mehndis
meister
meisters
melena
melenas
melty
meme
memes
memetics
meneer
meneers
menilite
menilites
mens
mensh
menshen
menshes
mentee
mentees
meranti
merantis
mergee
mergees
mergings
merkin
merkins
merogonies
merogony
mes
mescla
mesclas
mesclun
mescluns
mesozoan
mesozoans
metamale
metamales
methanal
methanals
metol
metols
metoo
metoos
mewer
mewers
mic
microcap
microcaps
mics
midlevel
midlevels
midlifer
midlifers
midrashot
mielie
mielies
miffily
mikve
mikves
mikvos
mikvot
milded
milding
milds
milkings
milkless
mimetism
mimetisms
mimulus
mindfuck
mindfucked
mindfucking
mindfucks
minibar
minibars
minicam
minicams
minimi
minimus
minipill
minipills
minneola
minneolas
mintmark
mintmarks
mips
mirepoix
mirin
mirins
misallot
misallots
misallotted
misallotting
mischoose
mischooses
mischoosing
mischose
mischosen
misere
miseres
misfuel
misfueled
misfueling
misfuelled
misfuelling
misfuels
misstamp
misstamped
misstamping
misstamps
misstepped
misstepping
mithraea
mithraeum
mixdown
mixdowns
mixedly
mizuna
mizunas
mobbism
mobbisms
mocktail
mocktails
modals
modemed
modeming
modulars
moguled
mohawk
mohawks
mohican
mohicans
moksha
mokshas
mollusca
molluscum
mommie
mommuck
mommucked
mommucking
mommucks
monensin
monensins
monilial
monokine
monokines
monologged
monologging
monologued
monologuing
monopod
monopods
monosemies
monosemy
monoski
monoskis
mook
mooks
mooli
moolis
moonball
moonballs
mooner
mooners
mooneyed
moonwalked
moonwalking
mootness
mootnesses
mopiness
mopinesses
morendo
moreness
morenesses
mornay
mornays
morphed
morphing
morphings
mosh
moshed
mosher
moshers
moshes
moshing
moshings
mousepad
mousepads
mouthings
mridang
mridangs
muchacha
muchachas
mucho
mucigen
mucigens
mucros
mudbath
mudbaths
mudbug
mudbugs
mudflap
mudflaps
mudhen
mudhens
mugginses
mugshot
mugshots
multigym
multigyms
mungoes
muppie
muppies
muraled
muralled
murrhines
murrines
musick
musicked
musicking
musicks
muskox
muskoxen
muskroot
muskroots
mustelid
mustelids
mutuals
mux
muxes
myc
mycs
mylar
mylars
myositic
myrmidones
myrrhed
myxameba
myxamebae
myxamebas
naff
naffed
naffing
naffs
nailable
nairas
nairu
nairus
nakfa
nakfas
nala
nalas
namaskar
namaskars
namaste
namastes
nametape
nametapes
nancys
nanna
nannas
nannyish
nanobot
nanobots
nanotube
nanotubes
napa
napas
nappa
nappas
naproxen
naproxens
naptime
naptimes
narced
narcing
narcoma
narcomas
narcomata
nasalism
nasalisms
naughties
naysaid
naysay
naysaying
naysays
neatnik
neatniks
necklaced
necklacing
neddies
neddy
neg
negatory
negs
nenes
neocon
neocons
neogene
neolocal
neophile
neophiles
neper
nepers
neral
nerals
nereises
netback
netbacks
netizen
netizens
neurular
neustic
newbie
newbies
newsbeat
newsbeats
newsdesk
newsdesks
newsgirl
newsgirls
newsily
newswire
newswires
newwaver
newwavers
nexts
niagara
niagaras
nicoise
nidate
nidated
nidates
nidating
nidation
nidations
nigella
nigellas
niggly
nimby
nimbyism
nimbyisms
nimbys
ninjitsu
ninjitsus
niobite
niobites
nitidities
nitidity
nocturia
nocturias
nonaries
nonary
nondrip
nonglares
noninert
nonjuries
nonlevel
nonloyal
nonlyric
nonnasal
nonnoble
nonoral
nonparties
nonrun
nontonic
nonvital
nonvocals
nonwool
nookie
noplace
norming
normings
nosedived
nosediving
nosedove
nosewing
nosewings
notchy
notecard
notecards
notelet
notelets
notornes
notornises
notwork
notworks
novelese
noveleses
nowel
nowels
nubbed
nubecula
nubeculae
nubuck
nubucks
nuchas
nuciform
numchuck
numchucks
numnah
numnahs
nuncheck
nunchecks
nybble
nybbles
nyetwork
nyetworks
oaky
oba
obas
obento
obentos
obruk
obruks
obscurers
oda
odah
odahs
odas
odorizer
odorizers
offguard
offline
offshores
offsite
ogonek
ogoneks
oi
oidioid
okta
oktas
olestra
olestras
olicook
olicooks
olingo
olingos
omerta
omertas
omnibusses
omphaloses
onces
oner
oners
onlaid
onlay
onlaying
onlays
online
onliner
onliners
onload
onloaded
onloading
onloads
onscreen
oolemma
oolemmas
opaleye
opaleyes
oracies
oracy
orbiteer
orbiteered
orbiteering
orbiteers
orbless
ordurous
orebodies
orebody
oreodont
oreodonts
orf
orfs
orgasmed
orgasming
orgiast
orgiasts
orienter
orienters
orlon
orlons
ornises
orphism
orphisms
orthotics
osiered
ossature
ossatures
osteites
ostomate
ostomates
ostraka
ostrakon
ouguiyas
outa
outbulge
outbulged
outbulges
outbulging
outcall
outcalls
outcities
outcity
outcrowd
outcrowded
outcrowding
outcrowds
outfence
outfenced
outfences
outfencing
outfloat
outfloated
outfloating
outfloats
outgaze
outgazed
outgazes
outgazing
outgleam
outgleamed
outgleaming
outgleams
outgushed
outgushing
outlead
outleading
outleads
outled
outplace
outplaced
outplaces
outplacing
outpupil
outpupils
outrig
outrigged
outrigging
outrigs
outsaid
outsay
outsaying
outsays
outsmell
outsmelled
outsmelling
outsmells
outsmelt
outsweep
outsweeping
outsweeps
outswept
outswing
outswinging
outswings
outswung
outta
outwell
outwelled
outwelling
outwells
outyear
outyears
ovenable
overarmed
overarming
overarms
overbreed
overbreeding
overbreeds
overdyer
overdyers
overfit
overfold
overfolds
overhit
overhits
overhitting
overlept
overlock
overlocks
overpack
overpacked
overpacking
overpacks
ovoidals
oximeter
oximeters
oximetries
oximetry
oxlike
oxymorons
oxyntic
oxytocia
oxytocias
ozalid
ozalids
pacey
pacy
paczki
pada
padas
padless
padsaw
padsaws
pageful
pagefuls
pakora
pakoras
palapa
palapas
paleate
palleted
palleting
palmful
palmfuls
palmtop
palmtops
palpebras
palstave
palstaves
pangram
pangrams
panini
panino
panmixises
panner
panners
pannick
pannicks
pantalet
pantalets
papadam
papadams
papadom
papadoms
papadum
papadums
papism
papisms
pappadam
pappadams
paradores
parae
parafoil
parafoils
parasail
parasailed
parasailing
parasails
parashot
paratype
paratypes
parbake
parbaked
parbakes
parbaking
parclose
parcloses
parenties
parenty
parev
parkade
parkades
parkette
parkettes
parlaries
parlary
parmesan
parmesans
parosmia
parosmias
parpen
parpend
parpends
parpens
parrier
parriers
parula
parulas
parveh
pashm
pashms
passback
passbacks
passibly
pastily
pastings
pastoria
pastorium
pastoriums
pastorly
patas
pathname
pathnames
patinaed
patootie
patooties
patriate
patriated
patriates
patriating
pattened
pauropod
pauropods
pausings
pavisse
pavisses
payphone
payphones
payslip
payslips
paystub
paystubs
payware
paywares
peachily
pearwood
pearwoods
pedaler
pedalers
pedaller
pedallers
peekapoo
peekapoos
pekepoo
pekepoos
pelham
pelhams
peltless
pelyte
pelytes
penlike
pepino
pepinos
peptalk
peptalked
peptalking
peptalks
pere
perentie
perenties
perenty
peres
perfin
perfins
perforin
perforins
perfumy
periti
peritus
permian
permuter
permuters
pernio
perniones
perp
perps
perspex
perspexes
perv
perve
perves
pervs
pesante
petabyte
petabytes
petalage
petalages
petnaper
petnapers
petro
petrosa
petrosae
pettable
pettis
pfenig
pfenigs
phacelia
phacelias
pharming
pharmings
phatter
phattest
phene
phenes
phereses
pheresis
phialine
phonetics
phoresies
phoresy
phreak
phreaked
phreaking
phreaks
phyllid
phyllids
physales
physalis
physalises
physio
physios
phytin
phytins
picante
piccata
pickler
picklers
picong
picongs
picowave
picowaved
picowaves
picowaving
piculet
piculets
piechart
piecharts
piercings
piloti
pilotis
pimozide
pimozides
pinfire
pinfires
pingoes
pipa
pipas
pisolith
pisoliths
pisspot
pisspots
pistou
pistous
pitahaya
pitahayas
pitaya
pitayas
pithoi
pithos
pitta
pittas
pizzaz
pizzazes
pizzazz
pizzazzes
pizzelle
pizzelles
placings
plaguier
plaguiest
plano
playlisted
playlisting
plenaries
pleon
pleonal
pleonic
pleons
pliocene
pliofilm
pliofilms
plotful
plummer
plummest
plunky
plushed
poblano
poblanos
poboy
poboys
pocosen
pocosens
pocoson
pocosons
podetia
podetium
poil
poils
pointing
pointings
poishas
pokable
policer
policers
polies
polyol
polyols
polyped
polypeds
pomelike
pomo
pomos
pompilid
pompilids
ponchoed
poncy
pontic
pontics
pooka
pookas
pooler
poolers
poontang
poontangs
poplared
poplitei
popliteus
popoff
popoffs
poppadom
poppadoms
poppadum
poppadums
popsicle
popsicles
populuxe
populuxes
porelike
porked
porking
porpoised
porpoising
porta
portae
portas
portside
posable
positif
positifs
posole
posoles
postgrad
postgrads
postop
postops
postpose
postposed
postposes
postposing
postpunk
potbound
pothos
pothoses
potoroo
potoroos
pouffy
poutine
poutines
prajna
prajnas
prana
pranas
prazosin
prazosins
prealter
prealtered
prealtering
prealters
preapplied
preapplies
preapply
preapplying
prebade
prebid
prebidden
prebidding
prebids
prebirth
prebirths
preboard
preboarded
preboarding
preboards
prebought
prebuild
prebuilding
prebuilds
prebuilt
prebuy
prebuying
prebuys
precalc
precalcs
prechoose
prechooses
prechoosing
prechose
prechosen
predeath
predeaths
predella
predellas
predried
predries
predry
predrying
prefund
prefunded
prefunding
prefunds
pregames
preguide
preguided
preguides
preguiding
prelaw
prelaws
preop
preops
preoral
preowned
prepave
prepaved
prepaves
prepaving
prepose
preposed
preposes
preposing
prepubes
prepubis
prepupa
prepupae
prepupas
preradio
prerinsed
prerinsing
pres
presales
preses
preship
preshipped
preshipping
preships
presolve
presolved
presolves
presolving
prestore
prestored
prestores
prestoring
pretell
pretelling
pretells
preterms
pretold
prevalue
prevalued
prevalues
prevaluing
preverb
preverbs
previsit
previsited
previsiting
previsits
preweigh
preweighed
preweighing
preweighs
prewire
prewired
prewires
prewiring
preworked
preworking
preworks
preworn
prewrought
prezzes
pricily
prodrug
prodrugs
proform
proforma
proforms
progun
promoed
promoing
propanol
propanols
prophies
prophy
propria
proprium
propylons
prosomata
protozoons
protrade
provo
provos
prunt
prunted
prunts
prytanea
prytaneum
psellism
psellisms
psocine
pst
ptooey
ptui
pucked
pucking
pudu
pudus
puerpera
puerperae
puffbird
puffbirds
pulas
punchbag
punchbags
punji
punjis
puntat
puntats
purfler
purflers
purlings
purtier
purtiest
purty
pushback
pushbacks
pushcard
pushcards
pushout
pushouts
putdown
putdowns
puttie
pyjama
pyrazole
pyrazoles
pyretics
pyrex
pyrexes
qabala
qabalah
qabalahs
qabalas
qabalism
qabalisms
qabalist
qabalists
qadi
qadis
qepiq
qi
qindarkas
qis
quacky
quamish
qubit
qubits
qubyte
qubytes
quelea
queleas
quena
quenas
quinsied
quippy
racecar
racecars
racewalk
racewalked
racewalking
racewalks
radder
raddest
ragfish
ragfishes
ragg
ragga
raggas
raggedier
raggediest
raggs
ragstone
ragstones
ragworm
ragworms
rai
raillink
raillinks
rais
raita
raitas
rakable
rakeable
raku
rakus
ramada
ramadas
ramage
ramages
ramal
rambla
ramblas
ramen
ramens
ramona
ramonas
ramtilla
ramtillas
randily
rankless
rantings
ranulae
ranular
rapable
rapeable
rapinis
raspings
rasse
rasses
rastle
rastled
rastles
rastling
ratables
ratshit
rattily
rattlier
rattliest
razzia
razzias
reais
realtor
realtors
reblent
recarpet
recarpeted
recarpeting
recarpets
recaster
recasters
recced
recceing
recement
recemented
recementing
recements
recensor
recensored
recensoring
recensors
recit
recits
recoat
recoated
recoating
recoats
reconfer
reconferred
reconferring
reconfers
reconned
reconning
redback
redbacks
redliner
redliners
reebok
reeboks
reelings
reflag
reflagged
reflagging
reflags
reiki
reikis
rejig
rejigged
rejigging
rejigs
reknot
reknots
reknotted
reknotting
reland
relanded
relanding
relands
releasee
releasees
releasor
releasors
relleno
rellenos
remittee
remittees
remixer
remixers
replow
replowed
replowing
replows
repoint
repointed
repointing
repoints
reptilia
reptilium
rerent
rerented
rerenting
rerents
resat
reselect
reselected
reselecting
reselects
reshower
reshowered
reshowering
reshowers
resilin
resilins
resit
resits
resitting
resoften
resoftened
resoftening
resoftens
resoil
resoiled
resoiling
resoils
restable
restabled
restables
restabling
retallied
retallies
retally
retallying
retotal
retotaled
retotaling
retotalled
retotalling
retotals
retracer
retracers
retronym
retronyms
reuptake
reuptakes
reversi
reversis
rewear
rewearing
rewears
rewore
reworn
rexine
rexines
rheme
rhemes
rhexes
rhexis
rhodinal
rhotic
ribbies
ribeye
ribeyes
ribozyme
ribozymes
ricker
rickers
riflip
riflips
rightish
rigodon
rigodons
rilievos
rimaye
rimayes
rimshot
rimshots
rindless
rindy
ringings
ringless
ringster
ringsters
ripenings
ripsawed
ripsawing
ripsawn
ristra
ristras
riteless
ritenuto
riverines
roadmap
roadmaps
roady
roastings
rober
robers
rockable
rockings
rodes
rogered
rogering
rollaways
romaji
romajis
roo
roofie
roofies
roos
rootcap
rootcaps
rootedly
rootle
rootled
rootles
rootling
rootworm
rootworms
ropeable
roquette
roquettes
rosacea
rosaceas
rosehip
rosehips
roshi
roshis
rosti
rostis
roughies
roughy
rubati
rubberier
rubberiest
rubbies
rubby
rubefied
rubefies
rubefy
rubefying
rubel
rubels
rubicon
rubicons
ruderies
rudery
rufiyaas
rugalach
rugalachs
rugelach
rugelachs
runnable
runup
runups
runza
runzas
rustbelt
rustbelts
sabal
sabals
sabbatics
sabji
sabjis
saboted
saffian
saffians
sahukar
sahukars
sailless
sakai
sakais
salet
salets
saltfish
saltfishes
samadhi
samadhis
sambal
sambals
sambol
sambols
samhita
samhitas
samoyed
samoyeds
san
sancoche
sancoches
sandable
sandless
sangoma
sangomas
sanidine
sanidines
sanpaku
sanpakus
santera
santeras
santeria
santerias
santero
santeros
santoor
santoors
sapele
sapeles
sapients
sarangi
sarangis
sarcina
sarcinae
sarcinas
sardined
sardining
sargo
sargos
saronic
sarpanch
sarpanches
sarsa
sarsas
sarsnet
sarsnets
sashless
sastra
sastras
sastrugas
saucepot
saucepots
sauciers
saunaed
saunaing
savvily
sawdusty
sawine
sawines
sayed
sayeds
scalings
scammer
scammers
scaredly
scarfer
scarfers
scattily
scenics
schiz
schizes
schlockier
schlockiest
schlub
schlubs
schmatte
schmattes
schmeared
schmearing
schmoozy
schnozes
schoolie
schoolies
schtetl
schtetlech
schtetls
schuls
scienter
scissel
scissels
scleromas
scombrid
scombrids
scooch
scooched
scooches
scooching
scoosh
scooshed
scooshes
scooshing
scootch
scootched
scootches
scootching
scotty
scribbly
scrooged
scroogie
scroogies
scrooging
scrunchies
scrunchy
scubaed
scubaing
scuffer
scuffers
sculch
sculches
scultch
scultches
scumless
scummily
scutwork
scutworks
scuzz
scuzzbag
scuzzbags
scuzzes
scuzzily
seablite
seablites
seahorse
seahorses
seajack
seajacked
seajacking
seajacks
sealift
sealifted
sealifting
sealifts
seamoss
seamosses
searoom
searooms
seasonals
seatback
seatbacks
seatbelt
seatbelts
seatrout
seatrouts
seconal
seconals
secreta
secreters
seguing
seitan
seitans
selkie
selkies
sellback
sellbacks
selloff
selloffs
semibold
semillon
semillons
semimild
seminoma
seminomas
seminomata
semiopen
semioval
senesce
senesced
senesces
senescing
sensei
senseis
senza
septage
septages
septuply
sequining
serged
serger
sergers
serotyped
serotyping
serovar
serovars
serpulid
serpulids
servibar
servibars
setpoint
setpoints
sewellel
sewellels
shacked
shacking
shadkhan
shadkhanim
shadkhans
shagger
shaggers
shaikh
shaikha
shaikhas
shaikhs
shallu
shallus
shamably
shamash
shamashim
shamiana
shamianas
shamisen
shamisens
sharia
sharias
shastra
shastras
shazam
shechita
shechitas
shedrow
shedrows
sheesh
sheika
sheikas
sheikha
sheikhas
sheygets
shidduch
shidduchim
shikseh
shiksehs
shinties
shinty
shipless
shirtily
shitless
shitlist
shitlists
shitload
shitloads
shiviti
shivitis
shivved
shivving
shlepper
shleppers
shlocky
shlub
shlubs
shmatte
shmattes
shnorrer
shnorrers
shochet
shochetim
shoebox
shoeboxes
shogi
shogis
shoneen
shoneens
shothole
shotholes
showtime
showtimes
shpilkes
shrapnels
shtinker
shtinkers
shusher
shushers
shuttler
shuttlers
shvartse
shvartses
shvartze
shvartzes
shwa
shwas
siabon
siabons
sibship
sibships
sideroad
sideroads
sidh
sidhe
sievert
sieverts
sigla
siglum
sika
sikas
sila
silas
siliculas
silicule
silicules
siliquas
silkie
silurian
simulium
simuliums
sinamay
sinamays
sinfonias
singings
sinklike
sinlike
sireless
siriases
siriasis
siruped
siruping
siscowet
siscowets
sitella
sitellas
sitfast
sitfasts
situla
situlae
siwash
siwashed
siwashes
siwashing
sixain
sixains
sizeism
sizeisms
sizeist
sizeists
sjambokked
sjambokking
skank
skanked
skanker
skankers
skanking
skanks
skanky
skell
skells
skewgee
skinnies
skort
skorts
skyboard
skyboards
skylike
skyscape
skyscapes
slabbings
slalomer
slalomers
slammings
slantly
slayable
slayings
sleazoid
sleazoids
sleekers
slicken
slickened
slickening
slickens
slieve
slieves
slighters
slippily
slitlike
slitty
sloka
slokas
sloke
slokes
slotter
slotters
sludged
sludging
sluglike
smileys
smilier
smiliest
smilodon
smilodons
smily
smirkily
smoocher
smoochers
smoosh
smooshed
smooshes
smooshing
smriti
smritis
smurf
smurfed
smurfing
smurfs
smush
smushed
smushes
smushing
snacker
snackers
snakepit
snakepits
snapshoot
snapshooting
snapshoots
snarf
snarfed
snarfing
snarfs
snarkily
sneery
sniffly
sniglet
sniglets
snippings
snoek
snoeks
snortings
soakings
soapboxed
soapboxing
soba
sobas
soca
socas
soddier
soddiest
sodless
sofabed
sofabeds
sofer
soferim
sofrito
sofritos
soh
sohs
solars
soleuses
solfa
solfaed
solfaing
solfaist
solfaists
solfas
soliduses
solunar
som
sommer
somnific
soms
sondage
sondages
sophi
sophis
sored
soredia
soredial
soredium
sortings
sosatie
sosaties
sottedly
soukous
soukouses
soum
soupless
souplike
souslik
sousliks
sowback
sowbacks
spacelab
spacelabs
spaetzles
spaldeen
spaldeens
spam
spammed
spamming
spams
spansule
spansules
sparklet
sparklets
sparver
sparvers
spasmed
spasming
spatlese
spatlesen
spatleses
spayad
spayads
spayard
spayards
spaza
spazas
spazz
spazzed
spazzing
spectrin
spectrins
spiffied
spiffies
spiffying
spivvy
spod
spodding
spoddings
spodosol
spodosols
spods
spooler
spoolers
spooner
spooners
spoorer
spoorers
sporont
sporonts
spoutings
spurter
spurters
sputtery
squabber
squabbest
squamates
squamule
squamules
squawkier
squawkiest
squawky
squushier
squushiest
squushy
stabbings
stachys
stachyses
staghorn
staghorns
staglike
stalkings
stallage
stallages
stamened
standpats
standups
statelet
statelets
statin
statins
steerings
stellite
stellites
stent
stents
steptoe
steptoes
stetson
stetsons
stewable
stewy
stickie
stickies
stilet
stilets
stinkily
stirrings
stockage
stockages
stoep
stoeps
stompie
stompies
stonecat
stonecats
stoor
stoors
stopless
stopoff
stopoffs
storer
storers
stot
stotin
stotins
stots
stotted
stotting
stoved
stovetop
stovetops
stovies
stoving
strappier
strappiest
strappy
strine
strines
strippies
strippy
stubbies
stubborner
stubbornest
stunty
subaqua
subaural
subclaim
subclaims
subfuscs
subgrouped
subgrouping
sublimit
sublimits
subocean
subsong
subsongs
subvirus
subviruses
succi
succubas
succus
sugarer
sugarers
suk
suks
sumoist
sumoists
sunbake
sunbakes
sunbaking
sunbed
sunbeds
sundowned
sundowning
sundried
sundrily
sungazer
sungazers
sunhat
sunhats
suni
sunis
sunnies
sunray
sunrays
sunspace
sunspaces
suntanned
suntanning
suntrap
suntraps
supari
suparis
superbug
superbugs
supergun
superguns
supermax
supremes
surat
surats
surfie
surfies
surfside
surimis
surplused
surplusing
surplussed
surplussing
surreals
surtitle
surtitles
susu
susus
swakara
swakaras
swannied
swannies
swanny
swannying
swaption
swaptions
sweeney
sweeneys
swinnies
swinny
swiper
swipers
swonk
swonken
synarchies
synarchy
syndeton
syndetons
synechia
synechiae
synkarya
synkaryon
synoptics
syntagm
syntagms
syntenic
syntenies
synteny
synthpop
synthpops
syrah
syrahs
syrette
syrettes
syruped
syruping
sysadmin
sysadmins
tabanca
tabancas
tabi
tabis
tabooli
taboolis
tabouleh
taboulehs
tackie
tackies
tacrine
tacrines
tagetes
tageteses
taggant
taggants
tagline
taglines
tagma
tagmata
taguan
taguans
tahina
tahinas
taiaha
taiahas
tailfin
tailfins
tailspinned
tailspinning
takas
takeaways
talbot
talbots
talcarie
talcaries
talkback
talkbacks
talkfest
talkfests
talliths
tallits
talls
talweg
talwegs
tana
tanas
tanbur
tanburs
tandoors
tanga
tangas
tangi
tangis
tangoist
tangoists
tangor
tangors
tankless
tannoy
tannoys
tanoak
tanoaks
tantie
tanties
tantrism
tantrisms
taonga
taongas
tapases
tapeable
tapenade
tapenades
tappable
tapu
tapus
taqueria
taquerias
tardive
tarmacked
tarmacking
tartare
tartier
tartiest
tartily
tartine
tartines
taskbar
taskbars
taskless
tasselly
tassely
tauon
tauons
tawa
tawas
taxol
taxols
tayra
tayras
te
teasable
tech
techno
technos
techs
tectums
teddered
teddering
teeoff
teeoffs
tef
teflon
teflons
tefs
tegg
teggs
tegu
tegus
tehee
teheed
teheeing
tehees
tekkie
tekkies
telco
telcos
telecom
telecoms
telemarked
telemarking
teleshop
teleshopped
teleshopping
teleshops
teletype
teletyped
teletypes
teletyping
tellin
tellins
telnet
telneted
telneting
telnets
telnetted
telnetting
temmoku
temmokus
tempe
tempes
tendu
tendus
tenga
tenge
tenges
tentoria
tentorium
tenuring
terabyte
terabytes
teraflop
teraflops
terr
terrs
terylene
terylenes
terzetti
terzetto
terzettos
tes
tesseral
tetri
tevatron
tevatrons
thalweg
thalwegs
thar
thebes
thisaway
thymoma
thymomas
thymomata
ticced
ticcing
tickbird
tickbirds
tickly
ticqueur
ticqueurs
tidepool
tidepools
tiebreak
tiebreaks
tikka
tikkas
timbery
tinnie
tinnies
tinsnips
tipsheet
tipsheets
tipuna
titubant
tiyin
toeas
tofutti
tofuttis
toheroa
toheroas
toitoi
toitois
tolar
tolars
tommycod
tommycods
tommyto
tommytoes
tonalite
tonalites
tonto
toolbar
toolbars
toonie
toonies
toorie
toories
topo
topolect
topolects
torics
torquey
torrs
toteable
totsiens
toucanet
toucanets
touchpad
touchpads
tourista
touristas
towable
towbar
towbars
towsack
towsacks
trackpad
trackpads
tragal
trampings
trampy
tranchet
tranchets
trappier
trappiest
trappy
trasher
trashers
trevallies
trevally
trialog
trialogs
triassic
tricep
tricycled
tricycling
trilith
triliths
tritiate
tritiated
tritiates
tritiating
trog
trogs
tropicals
troppo
trowser
truantly
trunking
trunkings
tsaddik
tsaddikim
tsaritsa
tsaritsas
tsatske
tsatskes
tshwala
tshwalas
tsimmeses
tsitses
tsotsi
tsotsis
tsouris
tuan
tuans
tubeworm
tubeworms
tucotuco
tucotucos
tuftings
tumesce
tumesced
tumesces
tumescing
tunings
tupek
tupeks
tupuna
turion
turions
turnon
turnons
tusheries
tushery
tusses
tutued
twaddly
tweely
tweeness
tweenesses
tweens
twinkie
twinkies
twinleaf
twinleaves
twite
twites
twizzle
twizzled
twizzles
twizzling
twoonie
twoonies
tyiyn
tyiyns
tylose
tyloses
tylosis
tyyn
tzimmeses
tzitzes
uakari
uakaris
ubuntu
ubuntus
udon
udons
uhuru
uhurus
ulluco
ullucos
ulpans
umeboshi
umeboshis
umma
ummah
ummahs
ummas
umph
umphed
umphing
umphs
unacidic
unadded
unadept
unagreed
unamazed
unarched
unawake
unaxed
unbale
unbaled
unbales
unbaling
unbanded
unbasted
unbobbed
unboiled
unbonded
unbooted
unbottle
unbottled
unbottles
unbottling
unbowing
uncanned
uncarded
uncarted
uncarved
uncast
unceded
unchair
unchaired
unchairing
unchairs
unchaster
unchastest
unclassy
unclawed
uncleft
uncloudy
uncrewed
undented
undersetting
underuse
underused
underuses
underusing
unfelted
unflawed
unfluted
unfreely
ungarbed
ungated
ungazing
ungelded
ungiving
unhairer
unhairers
unibody
unicycled
unicycling
unilobar
unironic
unisize
unitable
unjam
unjammed
unjamming
unjams
unkeeled
unleadeds
unliked
unmailed
unmanlier
unmanliest
unpadded
unpitted
unpurely
unretire
unretired
unretires
unretiring
unribbed
unsafer
unsafest
unsnag
unsnagged
unsnagging
unsnags
untimed
ununbium
ununbiums
unvested
unwet
upcourt
uplinked
uplinking
upsize
upsized
upsizes
upsizing
upstager
upstagers
uptalk
uptalks
uptempo
uptempos
upthrusted
uptrended
uptrending
uredines
urinator
urinators
urogram
urograms
urostomies
urostomy
urp
urped
urping
urps
ursid
ursids
username
usernames
usneae
ute
utes
vacherin
vacherins
vada
vadas
vaidya
vaidyas
valeta
valetas
valla
vallated
vallates
vallating
valleyed
vallum
vallums
vampy
vaneless
vanload
vanloads
vanpooled
vanpooling
varec
varecs
varias
variceal
varroa
varroas
vaseline
vaselines
veges
vegged
vegging
veiltail
veiltails
velcro
velcros
veleta
veletas
vellus
velluses
velvetier
velvetiest
vendables
venene
venenes
venologies
venology
ventrad
venus
venuses
vibriones
vid
vids
viewdatas
vigia
vigias
virginia
virginias
virilize
virilized
virilizes
virilizing
virogene
virogenes
virusoid
virusoids
visna
visnas
vitelli
vivax
vivaxes
vivo
viyella
viyellas
vlei
vleis
vocab
vocabs
vocalese
vocaleses
vodou
vodous
voetsak
vogueings
voguings
voicings
volk
volks
volvent
volvents
von
voop
vooped
vooping
voops
voudon
voudons
voudoun
voudouns
vuln
vulned
vulning
vulns
vum
wabbit
wacked
wacker
wackest
wacking
wackoes
wada
wadas
waffly
wagglier
waggliest
waitered
waitering
waitlist
waitlisted
waitlisting
waitlists
waitron
waitrons
wakame
wakames
wakil
wakils
wallless
wandlike
wank
wanked
wanker
wankers
wanking
wanks
wannabe
wannabee
wannabees
wannabes
wannish
wantless
wardless
wardrobed
wardrobing
warmboot
warmbooted
warmbooting
warmboots
warrantied
warrantying
washily
waterbus
waterbuses
waterbusses
waterhen
waterhens
waterjet
waterjets
waterski
waterskis
wavicle
wavicles
wawa
wawas
waxable
wayleave
wayleaves
waypoint
waypoints
wazoo
wazoos
weakon
weakons
webcam
webcams
webcast
webcasts
webhead
webheads
webisode
webisodes
webpage
webpages
website
websites
weck
wecks
weepily
weirded
weirding
wejack
wejacks
wels
wendigoes
wenge
wenges
wetsuit
wetsuits
wetware
wetwares
wharfie
wharfies
wheesh
wheeshed
wheeshes
wheeshing
wheesht
wheeshted
wheeshtes
wheeshting
whenua
whenuas
whimsier
whimsiest
whinger
whingers
whoopie
whoopies
whup
whupped
whupping
whups
wicca
wiccan
wiccans
wiccas
wickies
wickless
wicky
widebodies
widebody
wildcard
wildcards
wilded
willie
wimmin
wimped
wimping
winchman
winchmen
windigoes
windowy
windpuff
windpuffs
windsail
windsails
winesap
winesaps
wirefree
wireroom
wirerooms
wiseguy
wiseguys
witans
witblits
witblitses
wizzes
woggish
womanism
womanisms
womanist
womanists
womblike
womyn
wontless
woodchop
woodchops
woodrush
woodrushes
woodtone
woodtones
woomerah
woomerahs
workably
workflow
workflows
workhour
workhours
worktop
worktops
workwear
wormcast
wormcasts
wormgear
wormgears
worsleya
worsleyas
woulds
wounder
wounders
wrapover
wrapovers
wreather
wreathers
wrencher
wrenchers
wristed
wristing
wrybill
wrybills
wurtzite
wurtzites
wushu
wushus
xenopus
xenopuses
xericities
xericity
xoana
xoanon
xystuses
yachtie
yachties
yacker
yackers
yag
yags
yakka
yakkas
yakow
yakows
yakuza
yancha
yanchas
yappy
yarmulka
yarmulkas
yatra
yatras
yawey
yclad
yeahs
yeps
yersinia
yersiniae
yessir
yessiree
yipee
yobberies
yobbery
yobbish
yogism
yogisms
yohimbe
yohimbes
yokked
yokking
yorkie
yorkies
yous
yuchier
yuchiest
yuchy
yukata
yukatas
yukkier
yukkiest
yukky
yuppified
yuppifies
yuppify
yuppifying
yuppy
yutz
yutzes
za
zakat
zakats
zakuska
zakuski
zandoli
zandolis
zari
zaris
zas
zastrugas
zebroids
zedonk
zedonks
zendo
zendos
zep
zeppole
zeppoles
zeppoli
zeps
zho
zhos
zila
zilas
zileuton
zileutons
zilla
zillas
zine
zines
zippo
zippos
zircaloy
zircaloys
zitty
zo
zoariums
zocalo
zocalos
zolpidem
zolpidems
zonings
zooey
zoogenies
zoogeny
zooier
zooiest
zooned
zooning
zootoxic
zootoxin
zootoxins
zos
zouk
zouks
zugzwang
zugzwangs
zuz
zuzes
zymurgic
zzz
