# 🚨
# 🚨 Source: https://web.archive.org/web/20071018165557if_/http://personal.riverusers.com/~thegrendel/supp2k.zip::plurals.lst
# 🚨
acciaccature
acetums
acromions
administratrixes
aggiornamenti
aliyoth
allodiums
alnicos
alodiums
alphoses
amphisbaenae
andantini
anestruses
antefixae
antipastos
apomixises
appoggiature
arcanas
archentera
armamentariums
arrases
asparaguses
bacchanalias
barramundies
barricados
bedsoniae
bialies
bonsais
brontosauri
buckos
buncoes
bunkoes
butes
buttinskis
buttinskys
cafetoria
calos
calvariums
calzoni
cannolis
canolas
castratos
cementums
cestoses
chapaties
chapatties
chedarim
chilis
chitals
chlamydias
chloasmas
chylomicra
clostridiums
colobuses
concertini
condominia
contralti
coreopsises
corneae
corpuses
coteaus
creodonta
culexes
cyclopes
cypripedia
czardases
daemones
danishes
decrescendi
dentaliums
dickys
diencephalons
dihedra
diminuendoes
dominatrixes
droshkys
droskys
drosophilae
dyneins
eceses
eds
effluviums
emeritas
encephalons
enchiridions
endomixes
enoses
enureses
epilimnia
epineuria
epiphenomenons
epitheliums
esophaguses
exedras
falafels
farragos
felafels
fianchetti
filses
flankens
forzandi
frangipanis
fricandeaux
gammadions
gateaus
gelatis
gemeinschaften
gesellschaften
gingkos
gonions
gos
hafizes
haftoros
haikus
halachoth
hamadryades
helleris
herbariums
heterokarya
hydromedusas
hypolimnions
impatienses
inions
kaddishes
kazachoks
kenoses
kermeses
kerygmas
kiddushim
kilohertzes
klezmers
kobos
kois
kolache
kuchens
kurtoses
kwachas
kylices
lexises
lochias
mafiosos
mahimahis
manicottis
megahertzes
megilloth
mesencephalons
metencephalons
microfilarias
midrashot
mikvos
mikvot
millimicra
mimeses
mucros
mugginses
muskellunges
myelencephalons
myrmidones
nairas
nancys
nenes
nephritises
nereises
neurohypophysises
noctilucas
noeses
notornes
notornises
oesophaguses
omnibusses
omphaloses
opprobria
ornises
osteites
ostinati
ouguiyas
oxymorons
palaestras
palpebras
pancratia
panettoni
panmixises
paradores
parae
parashahs
parashot
pastorali
penicilliums
perihelions
phosphori
phylloxerae
pingoes
plasmodesms
pococuranti
polies
portamentos
presternums
prezzes
pronephra
propylons
proscenia
prosencephalons
prosomata
protozoons
pulas
pyroses
qindarkas
quadrivia
quarterstaffs
ranulae
rapinis
rappinis
reais
rhinencephalons
rhombencephalons
rilievos
risorgimenti
rubati
rufiyaas
saltarelli
santimu
sastrugas
scarabaei
scherzandi
schnozes
schuls
scleromas
scriptoriums
shrapnels
siliculas
siliquas
sinfonias
soleuses
soliduses
sostenuti
spaetzles
spatzles
squeteagues
stegosauri
strappadoes
strophuluses
submaxillas
substratums
succubas
superphenomenons
superstratums
surimis
syneses
synkarya
takas
tallises
talliths
tallits
tandoors
tectums
telencephalons
teloses
teniases
tessiture
testatrixes
thebes
toeas
tomatilloes
torrs
triskelia
tsimmeses
tusses
tzimmeses
ulpans
uredines
usneae
varias
vibriones
viewdatas
violoncellos
vitelli
wackoes
wendigoes
windigoes
witans
wizzes
wunderkinds
xystuses
zastrugas
zoariums
zucchetti
