# 🚨
# 🚨 Source: https://web.archive.org/web/20071018165557if_/http://personal.riverusers.com/~thegrendel/supp2k.zip::stale.lst
# 🚨
aal
aalii
aaliis
aals
aasvogel
aasvogels
abamp
abamps
abasedly
abaxile
abduce
abduced
abduces
abducing
abeyancies
abeyancy
ablegate
ablegates
ables
ablings
ablins
ablush
abmho
abmhos
aboded
aboding
aboideau
aboideaus
aboideaux
abolla
abollae
aboma
abomas
aboon
abrosia
abrosias
absonant
acaridan
acaridans
acarine
acarines
acaulose
acaulous
accusant
accusants
aceldama
aceldamas
acerous
acescent
acescents
acetamid
acetamids
acetoxyl
acetoxyls
aclinic
aconitic
acquest
acquests
acrasia
acrasias
acrasin
acrasins
acronic
acrotic
acrotism
acrotisms
acta
actinoids
acutance
acutances
additory
addrest
adeem
adeemed
adeeming
adeems
adenyl
adenyls
adipic
adiposis
adipous
adoze
adunc
aduncous
aeried
aerified
aerifies
aerify
aerifying
aeroduct
aeroducts
aerugo
aerugos
aff
affiche
affiches
affrayer
affrayers
aftosa
aftosas
agalloch
agallochs
agalwood
agalwoods
agapeic
agatize
agatized
agatizes
agatizing
agatoid
agee
agene
agenes
agenize
agenized
agenizes
agenizing
agger
aggers
aginner
aginners
agiotage
agiotages
agisted
agisting
agitable
aglee
agma
agmas
agminate
agravic
agrestal
agrypnia
agrypnias
ahull
aimful
aimfully
ains
ainsell
ainsells
airbound
aircoach
aircoaches
airn
airns
airward
airwise
airwoman
airwomen
aiver
aivers
ajee
ajiva
ajivas
ajowan
ajowans
al
alan
aland
alands
alane
alang
alanin
alanins
alans
alant
alants
alaska
alaskas
alation
alations
albata
albatas
albicore
albicores
alchymies
alchymy
alec
alecs
alexine
alexines
alfaki
alfakis
alfaqui
alfaquin
alfaquins
alfaquis
algor
algors
aliner
aliners
alist
alkalified
alkalifies
alkalify
alkalifying
alkalin
alkalise
alkalised
alkalises
alkalising
allanite
allanites
allergin
allergins
allobar
allobars
alma
almah
almahs
almas
alme
almeh
almehs
almes
almner
almners
almonries
almonry
almuce
almuces
almud
almude
almudes
almuds
almug
almugs
alodial
alphabeted
alphabeting
alphyl
alphyls
alpinely
als
alterant
alterants
alumin
alumine
alumines
alumins
amadavat
amadavats
amarna
amberies
ambery
amebean
ameerate
ameerates
amelcorn
amelcorns
ami
amia
amias
amids
amie
amies
amiga
amigas
amin
amins
amirate
amirates
amis
ammonal
ammonals
amnic
amorini
amorino
amoroso
amotion
amotions
amu
amus
analgia
analgias
analyser
analysers
ananke
anankes
anatoxin
anatoxins
ancone
andesyte
andesytes
aneared
anearing
anears
anenst
anergia
anergias
anethol
anethole
anetholes
anethols
anga
angas
anginous
anguine
angulose
angulous
ankus
ankuses
ankush
ankushes
anlas
anlases
annates
annulose
anolyte
anolytes
anoopsia
anoopsias
anopia
anopias
anopsia
anopsias
anorexies
anorexy
anorthic
ansa
ansae
ansated
anserines
antalgic
antalgics
antepast
antepasts
antherid
antherids
anthoid
anticar
antick
anticks
antidora
antifat
antiking
antikings
antipole
antipoles
antipyic
antipyics
antiweed
antlike
anural
anviled
anviling
anvilled
anvilling
anviltop
anviltops
apagoge
apagoges
apagogic
apholate
apholates
aphorise
aphorised
aphorises
aphorising
apiarians
apiculi
apiculus
apimania
apimanias
apiologies
apiology
apneal
apnoeal
apocarp
apocarps
apolog
apologs
apostacies
apostacy
apothece
apotheces
appellor
appellors
appriser
apprisers
aquarian
aquarians
aquatone
aquatones
arabesk
arabesks
arabize
arabized
arabizes
arabizing
araceous
arbelest
arbelests
arborous
arboured
arbuscle
arbuscles
arbute
arbutean
arbutes
arcature
arcatures
archaise
archaised
archaises
archaising
arcus
arcuses
areic
arenose
arenous
areologies
areology
argental
argentum
argentums
argle
argled
argles
argling
ariel
ariels
ariose
arles
armatured
armaturing
armigero
armigeros
armilla
armillae
armillas
armings
armonica
armonicas
armourer
armourers
arnotto
arnottos
aroynt
aroynted
aroynting
aroynts
arpen
arpens
arrhizal
arseno
arsino
arugola
arugolas
arval
arvo
arvos
arythmia
arythmias
arythmic
ascorbic
ashlared
ashlaring
ashlered
ashlering
ashman
ashmen
ashplant
ashplants
askoi
askos
aspersor
aspersors
asphyxies
asphyxy
aspirata
aspiratae
aspis
aspises
asrama
asramas
assagaied
assagaiing
assegaied
assegaiing
asswage
asswaged
asswages
asswaging
asthenies
astheny
astonies
astony
astonying
astrals
astrict
astricted
astricting
astricts
astringe
astringed
astringes
astringing
atabal
atabals
atalaya
atalayas
atamasco
atamascos
atechnic
ates
athanasies
athanasy
atma
atmas
atomical
atomics
atropism
atropisms
attemper
attempered
attempering
attempers
attent
audad
audads
audient
audients
auditives
augurer
augurers
aulic
aurate
aurated
aures
auris
aurist
aurists
aurum
aurums
autecism
autecisms
autotype
autotypes
autotypies
autotypy
ava
avianize
avianized
avianizes
avianizing
avicular
avigator
avigators
avion
avions
aviso
avisos
avodire
avodires
avoset
avosets
awa
awaiter
awaiters
awee
awmous
awny
axal
axeman
axemen
axite
axites
axonic
azon
azons
azoted
azotise
azotised
azotises
azotising
babblings
babool
babools
bacca
baccae
baccated
bacchii
bacchius
backmost
backout
backouts
backwashed
backwashing
baculine
badgerly
baff
baffed
baffies
baffing
baffs
baffy
bagass
bahadur
bahadurs
baidarka
baidarkas
bairnish
bairnlier
bairnliest
bairnly
baith
bakemeat
bakemeats
baklawa
baklawas
bakshish
bakshished
bakshishes
bakshishing
bal
baldrick
baldricks
balisaur
balisaurs
ballonne
ballonnes
bals
balsamed
balsaming
bannet
bannets
barbal
barbless
barbut
barbuts
barefit
barleduc
barleducs
barmie
baronne
baronnes
barrable
barretor
barretors
barye
baryes
basaltes
bashlyk
bashlyks
bassly
bassy
batcher
batchers
bathless
battener
batteners
baubee
baubees
baulkier
baulkiest
baulky
bausond
bawdric
bawdrics
bawsunt
bawtie
bawties
bawty
bayamo
bayamos
bayard
bayards
beadlike
beadman
beadmen
beamily
beamless
beamlike
beanlike
beauish
beblood
beblooded
beblooding
bebloods
becap
becapped
becapping
becaps
becarpet
becarpeted
becarpeting
becarpets
bechalk
bechalked
bechalking
bechalks
becharm
becharmed
becharming
becharms
beclamor
beclamored
beclamoring
beclamors
beclasp
beclasped
beclasping
beclasps
becloak
becloaked
becloaking
becloaks
beclog
beclogged
beclogging
beclogs
beclothe
beclothed
beclothes
beclothing
beclown
beclowned
beclowning
beclowns
becoward
becowarded
becowarding
becowards
becrawl
becrawled
becrawling
becrawls
becrime
becrimed
becrimes
becriming
becrowd
becrowded
becrowding
becrowds
becrust
becrusted
becrusting
becrusts
becudgel
becudgeled
becudgeling
becudgelled
becudgelling
becudgels
becurse
becursed
becurses
becursing
becurst
bedamn
bedamned
bedamning
bedamns
bedarken
bedarkened
bedarkening
bedarkens
bedchair
bedchairs
bedeafen
bedeafened
bedeafening
bedeafens
bedel
bedell
bedells
bedels
bedeman
bedemen
bedframe
bedframes
bedgown
bedgowns
bediaper
bediapered
bediapering
bediapers
bedimple
bedimpled
bedimples
bedimpling
bedirtied
bedirties
bedirty
bedirtying
bedlamp
bedlamps
bedless
bedlike
bedmaker
bedmakers
bedotted
bedquilt
bedquilts
bedrape
bedraped
bedrapes
bedraping
bedrench
bedrenched
bedrenches
bedrenching
bedrivel
bedriveled
bedriveling
bedrivelled
bedrivelling
bedrivels
bedrug
bedrugged
bedrugging
bedrugs
bedstand
bedstands
bedtick
bedticks
bedumb
bedumbed
bedumbing
bedumbs
bedunce
bedunced
bedunces
beduncing
bedward
bedwards
bedwarf
bedwarfed
bedwarfing
bedwarfs
beechier
beechiest
beechy
beefless
befinger
befingered
befingering
befingers
beflag
beflagged
beflagging
beflags
beflea
befleaed
befleaing
befleas
befleck
beflecked
beflecking
beflecks
beflower
beflowered
beflowering
beflowers
befret
befrets
befretted
befretting
befringe
befringed
befringes
befringing
begall
begalled
begalling
begalls
begaze
begazed
begazes
begazing
begirdle
begirdled
begirdles
begirdling
beglad
begladded
begladding
beglads
begloom
begloomed
beglooming
beglooms
begorah
begorrah
begrim
begrimmed
begrimming
begrims
begroan
begroaned
begroaning
begroans
begulf
begulfed
begulfing
begulfs
behowl
behowled
behowling
behowls
bejumble
bejumbled
bejumbles
bejumbling
bekiss
bekissed
bekisses
bekissing
beknight
beknighted
beknighting
beknights
beknot
beknots
beknotted
beknotting
belaced
beladied
beladies
belady
beladying
beleap
beleaped
beleaping
beleaps
beleapt
beliquor
beliquored
beliquoring
beliquors
belleek
belleeks
bemadam
bemadamed
bemadaming
bemadams
bemadden
bemaddened
bemaddening
bemaddens
bemean
bemeaned
bemeaning
bemeans
bemingle
bemingled
bemingles
bemingling
bemist
bemisted
bemisting
bemists
bemix
bemixed
bemixes
bemixing
bemixt
bemuddle
bemuddled
bemuddles
bemuddling
bemurmur
bemurmured
bemurmuring
bemurmurs
bemuzzle
bemuzzled
bemuzzles
bemuzzling
bename
benamed
benames
benaming
bendee
bendees
bendways
bendwise
benedick
benedicks
benempt
benempted
benzal
benzidin
benzidins
benzole
benzoles
bepimple
bepimpled
bepimples
bepimpling
berake
beraked
berakes
beraking
berascal
berascaled
berascaling
berascals
berhyme
berhymed
berhymes
berhyming
berime
berimed
berimes
beriming
beringed
bernicle
bernicles
berobed
berouged
bescorch
bescorched
bescorches
bescorching
bescour
bescoured
bescouring
bescours
bescreen
bescreened
bescreening
bescreens
beshadow
beshadowed
beshadowing
beshadows
beshame
beshamed
beshames
beshaming
beshiver
beshivered
beshivering
beshivers
beshout
beshouted
beshouting
beshouts
beshroud
beshrouded
beshrouding
beshrouds
beslaved
beslime
beslimed
beslimes
besliming
besmile
besmiled
besmiles
besmiling
besmoke
besmoked
besmokes
besmoking
besmooth
besmoothed
besmoothing
besmooths
besmudge
besmudged
besmudges
besmudging
besmut
besmuts
besmutted
besmutting
besnow
besnowed
besnowing
besnows
besoothe
besoothed
besoothes
besoothing
bespouse
bespoused
bespouses
bespousing
bespread
bespreading
bespreads
bestrow
bestrowed
bestrowing
bestrown
bestrows
bestud
bestudded
bestudding
bestuds
beswarm
beswarmed
beswarming
beswarms
betatter
betattered
betattering
betatters
betaxed
bethank
bethanked
bethanking
bethanks
bethesda
bethesdas
bethorn
bethorned
bethorning
bethorns
bethump
bethumped
bethumping
bethumps
betime
beton
betons
beuncled
bevomit
bevomited
bevomiting
bevomits
bevor
bevors
bewearied
bewearies
beweary
bewearying
beweep
beweeping
beweeps
bewept
bewig
bewigging
bewigs
bewinged
beworm
bewormed
beworming
beworms
beworried
beworries
beworry
beworrying
bewrap
bewrapped
bewrapping
bewraps
bewrapt
bewrayer
bewrayers
beylic
beylics
beylik
beyliks
bezil
bezils
bezzant
bezzants
bhakta
bhaktas
bheestie
bheesties
bheesty
bhistie
bhisties
bhoot
bhoots
bhut
bhuts
biacetyl
biacetyls
biaxal
bidarkee
bidarkees
bidental
bielded
bielding
biffin
biffins
biflex
bifold
biforate
biforked
biformed
bigaroon
bigaroons
bihourly
billie
bimensal
bimethyl
bimethyls
binit
binits
binocle
binocles
biocycle
biocycles
bioethic
biogen
biogens
bionomies
bionomy
biont
biontic
bionts
biotics
biovular
biparted
biparty
birdfarm
birdfarms
birdseye
birdseyes
birretta
birrettas
bishoped
bishoping
bisk
bisks
bisnaga
bisnagas
bistred
bittings
bivinyl
bivinyls
bize
bizes
biznaga
biznagas
blackboy
blackboys
blackgum
blackgums
bleedings
blellum
blellums
blindage
blindages
blinkard
blinkards
blite
blites
bloodings
bloomeries
bloomery
blotless
blousily
blowball
blowballs
blowsed
blowsily
blowzed
blueball
blueballs
bluecap
bluecaps
bluegum
bluegums
bluejay
bluejays
bluewood
bluewoods
blume
blumed
blumes
bluming
blype
blypes
bo
boatsman
boatsmen
boccia
boccias
bogyism
bogyisms
bolled
bolling
bolthead
boltheads
bombload
bombloads
bombyx
bombyxes
bonduc
bonducs
bonita
bonitas
bonnock
bonnocks
bonspell
bonspells
bonzer
boodled
boodler
boodlers
boodling
booteries
bootery
bortz
bortzes
bos
boschbok
boschboks
boshbok
boshboks
boshvark
boshvarks
bosker
bothria
bothrium
bothriums
botryose
boughpot
boughpots
bourtree
bourtrees
bousouki
bousoukia
bousoukis
bousy
bowingly
bowlike
bowpot
bowpots
boyarism
boyarisms
boyla
boylas
brachials
bradoon
bradoons
braize
braizes
brambled
brambling
branned
branner
branners
branning
brantail
brantails
brasil
brasilin
brasilins
brasils
brassage
brassages
brassish
braunite
braunites
brawlie
braws
braza
brazas
brecham
brechams
brechan
brechans
bren
brens
brevier
breviers
bridally
brin
brins
britzska
britzskas
brocoli
brocolis
brogueries
broguery
broguish
brokage
brokages
bromal
bromals
bromid
bromids
bromin
bromins
broo
broos
brosy
brothered
brothering
browless
brucin
brucins
brugh
brughs
bruiter
bruiters
brulot
brulots
brulyie
brulyies
brulzie
brulzies
bruted
brutified
brutifies
brutify
brutifying
bruting
bubaline
bubinga
bubingas
buckayro
buckayros
buckeen
buckeens
buckish
budger
budgers
bugsha
bugshas
bulger
bulgers
bulimiac
bulkage
bulkages
bulleting
bullweed
bullweeds
bumblings
bumpered
bumpering
bunglings
bunn
bunns
buoyage
buoyages
bura
buras
burd
burdener
burdeners
burdie
burdies
burds
burgout
burgouts
burgrave
burgraves
burker
burkers
burkite
burkites
burlesk
burlesks
burnie
burnies
burnings
busbar
busbars
busher
bushers
bushgoat
bushgoats
buttals
butyral
butyrals
butyrous
butyryl
butyryls
buzuki
buzukia
buzukis
buzzwig
buzzwigs
byrl
byrled
byrling
byrls
byrnie
byrnies
bytalk
bytalks
bywork
byworks
byzant
byzants
cabestro
cabestros
cabezone
cabezones
cabildo
cabildos
caboched
caboshed
cabresta
cabrestas
cabresto
cabrestos
cacomixl
cacomixls
cadgy
caecally
caeoma
caeomas
caid
caids
cain
cains
cairny
cajaput
cajaputs
cajon
cajones
calamined
calamining
calathos
calceate
calctufa
calctufas
calctuff
calctuffs
calesa
calesas
calisaya
calisayas
calkin
calkins
callipee
callipees
calycate
calyceal
calypter
calypters
camail
camailed
camails
cambism
cambisms
camelia
camelias
camisa
camisas
camisia
camisias
campagna
campagne
camphine
camphines
canakin
canakins
canalise
canalised
canalises
canalising
canaller
canallers
cancha
canchas
canities
cannelon
cannelons
cannie
canonise
canonised
canonises
canonising
canso
cansos
cantdog
cantdogs
cantraip
cantraips
cantrap
cantraps
capelan
capelans
caperer
caperers
capless
capmaker
capmakers
caponier
caponiers
capouch
capouches
capric
capsicin
capsicins
capsidal
carabin
carabine
carabines
carabins
carapax
carapaxes
carassow
carassows
carate
carates
carbamic
carbamyl
carbamyls
carbora
carboras
carcel
carcels
cardcase
cardcases
careerer
careerers
carex
carices
caried
carless
carlish
carn
carns
caroach
caroaches
caroch
carpings
carritch
carritches
carroch
carroches
carrotin
carrotins
carse
carses
carte
cartes
caryatic
caryotin
caryotins
casava
casavas
cascable
cascables
caseic
casky
casus
catenoid
catenoids
cateress
cateresses
catface
catfaces
catfall
catfalls
catlin
catling
catlings
catlins
caudates
cauld
caulds
cavalero
cavaleros
caveator
caveators
cavie
cayenned
cazique
caziques
cebid
cebids
ceboid
ceboids
ceiler
ceilers
celiacs
centare
centares
centeses
centesis
centiare
centiares
centrings
centums
ceratin
ceratins
cerebric
cerusite
cerusites
cessed
cessing
cestoids
chabouk
chabouks
chabuk
chabuks
chaleh
chalehs
challie
challies
chally
chanfron
chanfrons
chang
changs
chantage
chantages
chantor
chantors
chao
chaqueta
chaquetas
chark
charked
charking
charks
charquid
charrier
charriest
charro
charros
charry
chasings
chasmy
chaufer
chaufers
chauffer
chauffers
cheddite
cheddites
chedite
chedites
cheero
cheeros
chegoe
chegoes
chiccories
chiccory
chimbley
chimbleys
chimblies
chimbly
chimla
chimlas
chimley
chimleys
chinone
chinones
chints
chintses
chipmuck
chipmucks
chirker
chirkest
chirm
chirmed
chirming
chirms
chiro
chiros
chirre
chirres
chitlin
chitling
chitties
chitty
chivaree
chivareed
chivareeing
chivarees
chivari
chivaried
chivaries
chivariing
chlorid
chlorids
chlorin
chlorins
choana
choanae
chokey
chored
choreman
choremen
choreoid
choring
choush
choushes
chowse
chowsed
chowses
chowsing
chowtime
chowtimes
chromings
chubasco
chubascos
chuckies
chucky
chuddah
chuddahs
chudder
chudders
churnings
chymic
chymics
chymist
chymists
cibol
cibols
ciboule
ciboules
cicoree
cicorees
cinnamyl
cinnamyls
ciphonies
ciphony
citola
citolas
citrated
citrin
citrins
cityward
civicism
civicisms
civism
civisms
clach
clachs
clag
clagged
clagging
clags
claucht
claught
claughted
claughting
claughts
claxon
claxons
cleeked
cleeking
clerid
clerids
clift
clifts
climatal
clinged
clivers
clodpate
clodpates
clon
clons
clotty
clour
cloured
clouring
clours
clowder
clowders
clupeoid
clupeoids
coadmire
coadmired
coadmires
coadmiring
coadmit
coadmits
coadmitted
coadmitting
coaeval
coaevals
coagencies
coagency
coagent
coagents
coala
coalas
coalbox
coalboxes
coalpit
coalpits
coalsack
coalsacks
coalshed
coalsheds
coalyard
coalyards
coannex
coannexed
coannexes
coannexing
coappear
coappeared
coappearing
coappears
coassist
coassisted
coassisting
coassists
coassume
coassumed
coassumes
coassuming
coastings
coatee
coatees
coattend
coattended
coattending
coattends
coattest
coattested
coattesting
coattests
cobb
cobbs
cocinera
cocineras
cockbill
cockbilled
cockbilling
cockbills
cockish
cocktailed
cocktailing
cockup
cockups
cocobola
cocobolas
cocomat
cocomats
codder
codders
codebtor
codebtors
codeia
codeias
codein
codeina
codeinas
codeins
coden
codens
coderive
coderived
coderives
coderiving
coeffect
coeffects
coembodied
coembodies
coembody
coembodying
coemploy
coemployed
coemploying
coemploys
coempt
coempted
coempting
coempts
coenact
coenacted
coenacting
coenacts
coenamor
coenamored
coenamoring
coenamors
coendure
coendured
coendures
coenduring
coenure
coenures
coequate
coequated
coequates
coequating
coerect
coerected
coerecting
coerects
coexert
coexerted
coexerting
coexerts
coff
coffing
coffret
coffrets
coffs
coft
cognise
cognised
cognises
cognising
cogway
cogways
cohog
cohogs
coiffe
coiffes
coigne
coignes
coinfer
coinferred
coinferring
coinfers
coinhere
coinhered
coinheres
coinhering
coinmate
coinmates
cointer
cointerred
cointerring
cointers
coleseed
coleseeds
colessee
colessees
colessor
colessors
collaret
collarets
colleger
collegers
colotomies
colotomy
colourer
colourers
columbic
columel
columels
comatik
comatiks
combater
combaters
comelily
comether
comethers
comous
compone
compony
comte
comtes
conelrad
conelrads
conepate
conepates
conepatl
conepatls
confetto
coni
conioses
coniosis
conus
cooee
cooeed
cooeeing
cooees
cooey
cooeyed
cooeying
cooeys
coof
coofs
cookey
cookeys
coopt
coopted
coopting
cooption
cooptions
coopts
copastor
copastors
copatron
copatrons
copemate
copemates
copen
copens
copihue
copihues
coplot
coplots
coplotted
coplotting
copperah
copperahs
coppra
coppras
coprah
coprahs
copremia
copremias
copremic
copurified
copurifies
copurify
copurifying
corby
coredeem
coredeemed
coredeeming
coredeems
coreign
coreigns
corelate
corelated
corelates
corelating
corklike
cornetcies
cornetcy
cornus
cornuses
coronoid
cory
cosmism
cosmisms
cosmist
cosmists
coss
cotype
cotypes
coumarou
coumarous
couranto
courantoes
courantos
courtesied
courtesying
couteau
couteaux
cowskin
cowskins
coypou
coypous
cozey
cozeys
cozie
craal
craaled
craaling
craals
crampit
crampits
crankly
crases
crasis
cravened
cravening
creepie
creepies
creesh
creeshed
creeshes
creeshing
cribbled
crinites
cris
crisic
croceine
croceines
crocine
crojik
crojiks
crossarm
crossarms
croupily
crozer
crozers
cruisings
crunodal
crunode
crunodes
cruset
crusets
crusily
cryotron
cryotrons
cuif
cuifs
cullay
cullays
cummin
cummins
cundum
cundums
cuneatic
cuniform
cuniforms
cupolaing
cupula
cupulae
curagh
curaghs
curara
curaras
curber
curbers
curf
curfs
curite
curites
curvedly
curvey
cuspidal
cuspides
cuspis
cusso
cussos
custodes
custos
custumal
custumals
cutcheries
cutchery
cutinise
cutinised
cutinises
cutinising
cuttle
cuttled
cuttles
cuttling
cyclecar
cyclecars
cyclonal
cyeses
cyesis
cymbling
cymblings
cymol
cymols
cystein
cysteins
cyton
cytons
dacker
dackered
dackering
dackers
dactyli
dactylus
daddle
daddled
daddles
daddling
dahabieh
dahabiehs
dahabiya
dahabiyas
daiker
daikered
daikering
daikers
daimen
dak
dakerhen
dakerhens
daks
damewort
dameworts
dandered
dandering
dandriff
dandriffs
daneweed
daneweeds
danewort
daneworts
darbies
daric
darics
darkey
darkeys
dartle
dartled
dartles
dartling
dashier
dashiest
dashy
daubier
daubiest
daubries
daubry
dauby
daunder
daundered
daundering
daunders
dautie
dauties
davies
davy
dawk
dawks
dawt
dawted
dawtie
dawties
dawting
dawts
deair
deaired
deairing
deairs
deash
deashed
deashes
deashing
deathcup
deathcups
deathy
deave
deaved
deaves
deaving
debruise
debruised
debruises
debruising
decenaries
decenary
decentre
decentred
decentres
decentring
decern
decerned
decerning
decerns
deckel
deckels
decolour
decoloured
decolouring
decolours
decrown
decrowned
decrowning
decrowns
decuman
decurve
decurves
decurving
deemster
deemsters
deerweed
deerweeds
deewan
deewans
deferents
defi
defis
deflea
defleaed
defleaing
defleas
defoamer
defoamers
degame
degames
degami
degamis
degasser
degassers
degerm
degermed
degerming
degerms
deifical
deiform
dejeuner
dejeuners
dekare
dekares
delead
deleaded
deleading
deleads
deleave
deleaved
deleaves
deleaving
delime
delimed
delimes
deliming
demast
demasted
demasting
demasts
demergered
demergering
demerited
demeriting
demoness
demonesses
demonise
demonised
demonises
demonising
demotist
demotists
dempster
dempsters
dentated
deperm
depermed
deperming
deperms
depolish
depolished
depolishes
depolishing
derat
derats
deratted
deratting
deray
derays
dere
deringer
deringers
derm
derms
dernier
derries
derry
desand
desanded
desanding
desands
desilver
desilvered
desilvering
desilvers
desinent
desmoids
desugar
desugared
desugaring
desugars
deuteric
dev
devel
develed
develing
develope
developes
devels
devs
dewax
dewaxed
dewaxes
dewaxing
dewool
dewooled
dewooling
dewools
dexy
dezinc
dezinced
dezincing
dezincked
dezincking
dezincs
dhak
dhaks
dhoolies
dhooly
dhoora
dhooras
dhourra
dhourras
diableries
diablery
diabolo
diabolos
diacetyl
diacetyls
dialings
dialist
dialists
dialler
diallers
diallings
diallist
diallists
dialoger
dialogers
dialyse
dialysed
dialyser
dialysers
dialysing
diamin
diamins
diaphonies
diaphony
diatron
diatrons
diazin
diazins
dicyclic
dicyclies
dicycly
didactyl
diemaker
diemakers
digamist
digamists
digestor
digestors
dikdik
dikdiks
dilatate
dilemmic
diluvion
diluvions
dimetric
dingey
dingeys
dingies
dinked
dinking
dinkly
diobol
diobolon
diobolons
diobols
dioxid
dioxids
diplomaed
diplomaing
dipsades
dipsas
diptyca
diptycas
disbosom
disbosomed
disbosoming
disbosoms
disbound
disbowel
disboweled
disboweling
disbowelled
disbowelling
disbowels
discase
discased
discases
discasing
discept
discepted
discepting
discepts
discipled
discipling
disclike
discrown
discrowned
discrowning
discrowns
dishelm
dishelmed
dishelming
dishelms
disherit
disherited
disheriting
disherits
dishlike
disject
disjected
disjecting
disjects
dispend
dispended
dispending
dispends
displume
displumed
displumes
displuming
distent
disulfid
disulfids
disyoke
disyoked
disyokes
disyoking
dita
ditas
ditcher
ditchers
dithiol
divinise
divinised
divinises
divinising
divinize
divinized
divinizes
divinizing
doat
doated
doating
doats
dobie
dobies
dobla
doblas
doblon
doblones
doblons
doby
dodoism
dodoisms
dogvane
dogvanes
doiled
doited
dol
dols
domine
domines
dongola
dongolas
donnerd
donnered
donnert
donzel
donzels
doolee
doolees
dooly
dorbug
dorbugs
dormient
dorneck
dornecks
dornock
dornocks
dorper
dorpers
dorr
dorrs
dorser
dorsers
dorty
dosseret
dosserets
dotardly
dotier
dotiest
doty
dowable
dowie
downcasts
downcome
downcomes
dozened
dozening
dozenths
draffish
drearies
dredgings
dreggish
dreigh
driftpin
driftpins
dropshot
dropshots
drouk
drouked
drouking
drouks
drouthier
drouthiest
drouthy
druidess
druidesses
drumble
drumbled
drumbles
drumbling
drumlier
drumliest
drumly
dubonnet
dubonnets
duecento
duecentos
duettist
duettists
dui
dulcets
dumbcane
dumbcanes
dunch
dunches
dunt
dunted
dunting
dunts
duolog
duologs
dure
dured
dures
durr
durrs
dustrag
dustrags
dwine
dwined
dwines
dwining
dyarchic
dyeweed
dyeweeds
dyspnoic
dystaxia
dystaxias
dyvour
dyvours
eanling
eanlings
earthpea
earthpeas
earthset
earthsets
easies
easter
easters
eau
eaux
ebbet
ebbets
ebonise
ebonised
ebonises
ebonising
ecaudate
eche
eched
eches
eching
eclipsis
eclipsises
ecraseur
ecraseurs
ectatic
ecthyma
ecthymata
ectozoa
ectozoan
ectozoans
ectozoon
educables
eductive
eff
effs
effulge
effulged
effulges
effulging
eger
egers
eglatere
eglateres
eide
eidos
ektexine
ektexines
elain
elains
elaphine
elaterin
elaterins
eldrich
electroed
electroing
elegise
elegised
elegises
elegising
elenchic
elmier
elmiest
elmy
eloigner
eloigners
eloiner
eloiners
embar
embarred
embarring
embars
emborder
embordered
embordering
emborders
embosk
embosked
embosking
embosks
embrute
embruted
embrutes
embruting
embryon
embryons
eme
emerod
emerods
emeroid
emeroids
emes
emetin
emetins
empaler
empalers
emptings
emptins
emyd
emyde
emydes
emyds
enactory
endemial
endopod
endopods
endosarc
endosarcs
endosmos
endosmoses
endosome
endosomes
endplate
endplates
enginous
enneagon
enneagons
ennuye
ennuyee
enorm
enravish
enravished
enravishes
enravishing
enscroll
enscrolled
enscrolling
enscrolls
entasia
entasias
entastic
enthetic
entopic
entozoans
enzym
enzyms
eolipile
eolipiles
eolopile
eolopiles
eonism
eonisms
epeiric
epheboi
ephebos
ephedrin
ephedrins
epiclike
epiderm
epiderms
epigenic
epilogued
epiloguing
epinaoi
epinaos
epistasies
epistasy
epizooties
epizooty
epopoeia
epopoeias
erective
ergate
ergates
eringo
eringoes
eringos
erodent
erringly
eructate
eructated
eructates
eructating
erugo
erugos
es
escar
escars
escuage
escuages
eses
espanol
espanoles
esquired
esquiring
estated
estating
estrin
estrins
etamin
etamins
etape
etapes
eternise
eternised
eternises
eternising
etherish
ethnos
ethnoses
etna
etnas
etoile
etoiles
etwee
etwees
eulachan
eulachans
eupepsies
eupepsy
euphroe
euphroes
eupnoeic
eustacies
eustacy
eutaxies
eutaxy
everyway
evite
evited
evites
eviting
evonymus
evonymuses
exergual
exoderm
exoderms
exodoi
exodos
exosmic
exosmose
exosmoses
explicits
exposal
exposals
exsecant
exsecants
exuvium
eyepoint
eyepoints
eyesome
eyestone
eyestones
eyewater
eyewaters
eyne
faciend
faciends
fadge
fadged
fadges
fadging
fahlband
fahlbands
falbala
falbalas
fameless
fanega
fanegada
fanegadas
fanegas
fanfaron
fanfarons
fanga
fangas
fangless
fano
fanos
fanum
fanums
faradise
faradised
faradises
faradising
farcer
farcers
farle
farles
farnesol
farnesols
fashious
fatbird
fatbirds
faucals
favourer
favourers
fease
feased
feases
feasing
feastful
fecial
fecials
feck
fecks
feetless
feezed
feezing
fehs
fellowed
fellowing
felstone
felstones
feminacies
feminacy
feminie
fencibles
fenthion
fenthions
feod
feodaries
feodary
feods
fer
feracities
feracity
fernless
ferrel
ferreled
ferreling
ferrelled
ferrelling
ferrels
ferrum
ferrums
fesswise
fet
fets
fetted
fetting
feuar
feuars
feudaries
feudary
fiar
fiars
fibrilla
fibrillae
fightings
figuline
figulines
figurate
filemot
fille
filles
fimble
fimbles
finalis
finalism
finalisms
finickin
finikin
finmark
finmarks
finnmark
finnmarks
fique
fiques
firefang
firefanged
firefanging
firefangs
firehall
firehalls
firepan
firepans
firepink
firepinks
fireworm
fireworms
fishbolt
fishbolts
fishbone
fishbones
fisheyes
fishpole
fishpoles
fissate
fitchee
fitchy
fixit
fixure
fixures
fiz
flagless
flambee
flammed
flamming
flancard
flancards
flanger
flangers
flatcap
flatcaps
flatwash
flatwashes
flavoury
fledgier
fledgiest
fledgy
flemish
flemished
flemishes
flemishing
fleshings
flichter
flichtered
flichtering
flichters
flinder
flinkite
flinkites
flite
flited
flites
fliting
flocced
floccing
floggings
florence
florences
flossie
flossies
flued
fluidise
fluidised
fluidises
fluidising
fluorid
fluorids
fluorin
fluorins
fluyt
fluyts
flyte
flyted
flytes
focalise
focalised
focalises
focalising
fogfruit
fogfruits
fogie
folles
follis
fon
fondlings
fons
foolfish
foolfishes
footlike
forbidal
forbidals
forebodies
forebody
foreboom
forebooms
foreby
forebye
foredate
foredated
foredates
foredating
forerank
foreranks
formol
formols
forrit
foveated
foveolet
foveolets
fowlpox
fowlpoxes
foxfish
foxfishes
foxings
foxskin
foxskins
fozier
foziest
foziness
fozinesses
fozy
fremd
frenetics
frenzily
frere
freres
fretsome
fricando
fricandoes
frillings
frized
frizing
frolicky
fromage
fromages
fromenties
fromenty
frouzier
frouziest
frouzy
frug
frugged
frugging
frugs
fucous
fugio
fugios
fulgid
fullam
fullams
fullered
fulleries
fullering
fullery
fumette
fumettes
fumuli
fumulus
funest
fungals
furcraea
furcraeas
furibund
furler
furlers
furnaced
furnacing
fusel
fusels
futural
fuzil
fuzils
fytte
fyttes
gabbard
gabbards
gabbart
gabbarts
gaddi
gaddis
gadi
gadis
gainless
galivant
galivanted
galivanting
galivants
galores
gama
gamas
gamashes
gambia
gambias
gamodeme
gamodemes
gandered
gandering
gane
ganymede
ganymedes
gapeseed
gapeseeds
gaposis
gaposises
garotter
garotters
gasalier
gasaliers
gasking
gaskings
gassings
gastral
gateless
gatelike
gateman
gatemen
gaun
gauntleted
gauntleting
gavelock
gavelocks
gawsie
gawsy
gazump
gazumped
gazumper
gazumpers
gazumping
gazumps
gearcase
gearcases
geck
gecked
gecking
gecks
ged
geds
geepound
geepounds
geest
geests
gelant
gelants
gemsbuck
gemsbucks
genseng
gensengs
gentil
geologer
geologers
geoprobe
geoprobes
germanic
gettered
gettering
gherao
gheraoed
gheraoes
gheraoing
giftless
giga
gighe
giglet
giglets
giglot
giglots
gingal
gingall
gingalls
gingals
gingeley
gingeleys
gingeli
gingelies
gingelis
gingely
ginnings
gipsied
gipsies
gipsy
gipsying
girsh
girshes
gitano
gitanos
gjetost
gjetosts
glassman
glassmen
glaziest
glazy
gleanings
gled
gleds
gleeted
gleeting
glegly
glegness
glegnesses
gliff
gliffs
glime
glimed
glimes
gliming
gloomings
glopped
glopping
glossina
glossinas
glost
glosts
glowflies
glowfly
glucinic
glucinum
glucinums
glumpier
glumpiest
glumpily
glumpy
glunch
glunched
glunches
glunching
glutelin
glutelins
glyceric
glyconic
glyconics
goban
gobang
gobangs
gobans
gobbed
gobbing
gobioid
gobioids
gobonee
gobony
godlily
godroon
godroons
godship
godships
gogos
goldarn
goldarns
goldeye
goldeyes
goldurn
goldurns
gombo
gombos
gomerel
gomerels
gomeril
gomerils
goneness
gonenesses
gonfanon
gonfanons
gonium
gooky
goonie
gooral
goorals
gor
gorbellies
gorbelly
gorblimy
gorgedly
gothite
gothites
gowd
gowds
gox
goxes
graal
graals
graciles
gracilis
graecize
graecized
graecizes
graecizing
gramercies
graplin
grapline
graplines
graplins
grassily
grayout
grayouts
greaved
greenth
greenths
gremmie
gremmies
gremmy
greyish
greyly
greyness
greynesses
griff
griffs
grillade
grillades
grinderies
grindery
grizzler
grizzlers
groupoid
groupoids
grubworm
grubworms
grueled
grueler
gruelers
gruelled
grueller
gruellers
gruffier
gruffiest
gruffily
gruffy
grumose
grumphie
grumphies
grumphy
grushie
guaiocum
guaiocums
guanase
guanases
guanidin
guanidins
guanin
guanins
gude
gudes
gudgeoned
gudgeoning
guglet
guglets
guid
guids
guitguit
guitguits
gullably
gumbotil
gumbotils
gumlike
gumtree
gumtrees
gumweed
gumweeds
gunfighting
gunfought
gunpaper
gunpapers
gurged
gurging
gurnet
gurnets
gursh
gurshes
guttery
guttle
guttled
guttler
guttlers
guttles
guttling
gweduck
gweducks
gynaecia
gynaecium
gynandries
gynandry
gynecia
gynecic
gynecium
gyniatries
gyniatry
gypseian
gypsydom
gypsydoms
gypsyish
gypsyism
gypsyisms
gyroidal
haaf
haafs
haar
haars
hackee
hackees
hadjee
hadjees
haemal
haematal
haematic
haematics
haematin
haematins
haemic
haemin
haemins
haemoid
haeredes
haeres
haffit
haffits
hafter
hafters
hagadic
hagadist
hagadists
hagberries
hagberry
hagbush
hagbushes
hagbut
hagbuts
hagdon
hagdons
haha
hahas
hairband
hairbands
haircap
haircaps
hairlock
hairlocks
hairwork
hairworks
halakha
halakhas
halakist
halakists
halalah
halalahs
halflife
halflives
halid
halids
haloids
halolike
hance
hances
handlike
handloom
handlooms
handsewn
handwrit
hangfire
hangfires
hangnest
hangnests
hanked
hanking
hantle
hantles
hapax
hapaxes
haplopia
haplopias
haptical
hardset
hariana
harianas
harkener
harkeners
harmin
harmins
harpin
harpings
harpins
hashhead
hashheads
hassel
hassels
hatteria
hatterias
haulmier
haulmiest
haulmy
haulyard
haulyards
haverel
haverels
havior
haviors
haviour
haviours
hawkey
hawkeys
hawkie
hawkies
hawknose
hawknoses
hayings
hectical
hecticly
heelings
heeze
heezed
heezes
heezing
hegumene
hegumenes
hegumenies
hegumeny
heil
heiled
heiling
heils
heliac
heliast
heliasts
helicities
helicity
helio
helios
hellery
hemagog
hemagogs
hematal
hematoid
hemiolia
hemiolias
hemipter
hemipters
hempie
hempier
hempiest
hempweed
hempweeds
hempy
heniquen
heniquens
hepatize
hepatized
hepatizes
hepatizing
heptarch
heptarchs
herdman
herdmen
heredes
heretrices
heretrix
heretrixes
heritrices
heritrix
heritrixes
hermaean
herried
herries
herry
herrying
heuch
heuchs
heugh
heughs
hexade
hexades
hexaplar
hexarchies
hexarchy
highted
highth
highths
highting
hights
hillo
hilloa
hilloaed
hilloaing
hilloas
hilloed
hilloes
hilloing
hillos
hiltless
hinger
hingers
hinnied
hinnying
hippish
hirple
hirpled
hirples
hirpling
hirsel
hirseled
hirseling
hirselled
hirselling
hirsels
hirsle
hirsled
hirsles
hirsling
hisn
hissings
histamin
histamins
histidin
histidins
histoid
hodad
hodaddies
hodaddy
hodads
hoddin
hoddins
hoelike
hogmane
hogmanes
hogmenay
hogmenays
hognose
hognoses
hoidened
hoidening
holard
holards
holibut
holibuts
holk
holked
holking
holks
holloo
hollooed
hollooing
holloos
hologynies
hologyny
holstein
holsteins
homaged
homaging
homebreds
hominian
hominians
homogonies
homogony
homosex
homosexes
honeyful
honourer
honourers
hoodie
hoodies
hoolie
hooly
hoopoo
hoopoos
hoptoad
hoptoads
hordein
hordeins
horste
horstes
hospitia
hospitium
hotpress
hotpressed
hotpresses
hotpressing
hotrod
hotrods
howdie
howk
howked
howking
howks
hoydened
hoydening
huaracho
huarachos
huic
hulloa
hulloaed
hulloaing
hulloas
humanise
humanised
humanises
humanising
humorful
humpless
huntedly
hurds
huswife
huswifes
huswives
hyaenic
hydragog
hydragogs
hydria
hydriae
hydrid
hydrids
hydropsies
hydropsy
hyenoid
hygeist
hygeists
hygieist
hygieists
hymnless
hyp
hyphemia
hyphemias
hypnic
hypoacid
hyponea
hyponeas
hyponoia
hyponoias
hyps
hyte
icekhana
icekhanas
icelike
iconical
idolise
idolised
idoliser
idolisers
idolises
idolising
idoneities
idoneity
idoneous
iglu
iglus
ignatia
ignatias
ignified
ignifies
ignify
ignifying
imbalm
imbalmed
imbalmer
imbalmers
imbalming
imbalms
imbark
imbarked
imbarking
imbarks
imblaze
imblazed
imblazes
imblazing
imbodied
imbodies
imbody
imbodying
imbolden
imboldened
imboldening
imboldens
imid
imids
immies
immunise
immunised
immunises
immunising
immy
impavid
imphee
imphees
impi
impings
impis
impledge
impledged
impledges
impledging
imporous
impregn
impregned
impregning
impregns
impreses
inarable
inarm
inarmed
inarming
inarms
inburst
inbursts
inby
inbye
incage
incaged
incages
incaging
incisory
incisure
incisures
incog
incogs
incomer
incomers
incony
incorpse
incorpsed
incorpses
incorpsing
indamin
indamins
indevout
indicias
indignly
indol
indols
indorsee
indorsees
indorser
indorsers
indorsor
indorsors
indow
indowed
indowing
indows
indulin
indulins
infeoff
infeoffed
infeoffing
infeoffs
infirmed
infirming
infirms
infrugal
ingate
ingates
ingoted
ingoting
inklike
inkpot
inkpots
innless
innuendoed
innuendoing
inosite
inosites
inquiet
inquieted
inquieting
inquiets
insnarer
insnarers
insulars
insurant
insurants
inswathe
inswathed
inswathes
inswathing
inswept
interage
intort
intorted
intorting
intorts
intrant
intrants
introfied
introfies
introfy
introfying
inturn
inturned
inturns
invected
inverities
inverity
invertor
invertors
invirile
invital
inwall
inwalled
inwalling
inwalls
iodid
iodids
ionics
ionomer
ionomers
ireless
irone
irones
isarithm
isarithms
isatine
isatines
isatinic
isleless
isograph
isographs
isogriv
isogrivs
isolead
isoleads
isospories
isospory
iterum
ither
jacinthe
jacinthes
jackaroo
jackaroos
jackeroo
jackeroos
jackies
jacky
jaculate
jaculated
jaculates
jaculating
jadishly
jagg
jaggaries
jaggary
jaggheries
jagghery
jaggs
jagra
jagras
jalop
jaloppies
jaloppy
jalops
jambed
jambing
janiform
janisaries
janisary
janty
japanize
japanized
japanizes
japanizing
jargonel
jargonels
jarina
jarinas
jarvey
jarveys
jauk
jauked
jauking
jauks
jaup
jauped
jauping
jaups
javelined
javelining
jawan
jawans
jeed
jeeing
jees
jejunities
jejunity
jemidar
jemidars
jereed
jereeds
jerid
jerids
jerreed
jerreeds
jerrid
jerrids
jerries
jerry
jessant
jesse
jestful
jestings
jeton
jetons
jetton
jettons
jeu
jeux
jezail
jezails
jibingly
jiminy
jimminy
jimp
jimper
jimpest
jimply
jimpy
jin
jingal
jingall
jingalls
jingals
jingko
jingkoes
jinker
jinkers
jins
jiveass
joannes
jobname
jobnames
jointuring
jole
joles
jordan
jordans
jotty
jouk
jouked
jouking
jouks
jovialties
jovialty
jowed
jowing
jube
jubes
jubhah
jubhahs
jubile
jubiles
jugglings
jugula
jugulum
jumpoff
jumpoffs
jupe
jupes
jurant
jurants
juvenal
juvenals
kaas
kabaka
kabakas
kabar
kabars
kabaya
kabayas
kabeljou
kabeljous
kabiki
kabikis
kae
kaes
kailyard
kailyards
kain
kains
kajeput
kajeputs
kalam
kalams
kalewife
kalewives
kalian
kalians
kalium
kaliums
kalyptra
kalyptras
kamik
kamiks
kane
kanes
kantar
kantars
kaoliang
kaoliangs
kapa
kapas
karn
karns
kathodal
kathodic
kauries
kaury
kavakava
kavakavas
kavass
kavasses
kayles
kebar
kebars
kebbie
kebbies
keblah
keblahs
keckle
keckled
keckles
keckling
keddah
keddahs
keelhale
keelhaled
keelhales
keelhaling
keeve
keeves
keir
keirs
keitloa
keitloas
kelped
kelping
kelter
kelters
kenotron
kenotrons
kep
kepped
keppen
kepping
keps
keramics
kevil
kevils
kex
kexes
keyset
keysets
keyster
keysters
khalifa
khalifas
khamseen
khamseens
khazen
khazenim
khazens
kheda
khedah
khedahs
khedas
khirkah
khirkahs
kibla
kiblas
kiester
kiesters
killdee
killdees
kilobaud
kilobauds
kilomole
kilomoles
kiltings
kipskin
kipskins
kirn
kirned
kirning
kirns
kismat
kismats
kismetic
kissably
kistful
kistfuls
kitling
kitlings
kittel
klong
klongs
knacked
knacking
knesset
knessets
knosp
knosps
knotlike
kolhoz
kolhozes
kolhozy
kolinski
kolkhos
kolkhoses
kolkhosy
kop
kops
koss
kotow
kotowed
kotower
kotowers
kotowing
kotows
koumys
koumyses
koumyss
koumysses
kousso
koussos
krubi
krubis
krubut
krubuts
kryolite
kryolites
kryolith
kryoliths
kue
kues
kumys
kumyses
kurbash
kurbashed
kurbashes
kurbashing
kusso
kussos
kyanise
kyanised
kyanises
kyanising
kyar
kyars
labiated
labourer
labourers
labroid
labroids
lacewood
lacewoods
lacker
lackered
lackering
lackers
lacquey
lacqueyed
lacqueying
lacqueys
lactean
lacteous
lacunary
lacune
lacunes
ladypalm
ladypalms
laevo
lagered
lagering
lagune
lagunes
laich
laichs
laicise
laicised
laicises
laicising
laighs
laith
laithly
lakings
lall
lalled
lalling
lalls
laminous
lampad
lampads
lampyrid
lampyrids
lanated
lanciers
lanely
langrel
langrels
langshan
langshans
lanital
lanitals
lappered
lappering
lapsus
larksome
lashkar
lashkars
lat
lathwork
lathworks
lattin
lattins
lauwine
lauwines
laveer
laveered
laveering
laveers
lawine
lawines
lawings
lazuli
lazulis
leafworm
leafworms
lear
lears
leben
lebens
lecythi
lecythus
leftwing
leglike
legong
legongs
legumin
legumins
lehayim
lehayims
lehr
lehrs
lekythi
lekythoi
lekythos
lekythus
leucemia
leucemias
leucemic
leucin
leucins
leud
leudes
leuds
leukon
leukons
levogyre
lezzy
liber
libers
libri
licencer
licencers
lichenin
lichenins
lichi
lichis
lienal
lienteries
lientery
lieve
liever
lievest
ligroine
ligroines
liguloid
lilliput
lilliputs
lima
liman
limans
limas
limeless
limnic
limuloid
limuloids
lin
lineless
linelike
lingier
lingiest
lingy
linkable
linky
lins
lintol
lintols
linum
linums
lioniser
lionisers
lipin
lipins
lipper
lippered
lippering
lippers
lithemia
lithemias
lithemic
litoral
livier
liviers
livyer
livyers
loamless
locusta
locustae
locustal
locutories
locutory
loessal
loftless
logan
logans
logicise
logicised
logicises
logicising
logicize
logicized
logicizes
logicizing
lomein
lomeins
lomenta
lomentum
lomentums
longleaf
longleaves
longly
loof
loofs
loppered
loppering
lordoma
lordomas
loricates
lorimer
lorimers
loriner
loriners
losingly
lothsome
louie
louies
loveably
lovevine
lovevines
lowings
lowlifer
lowlifers
lowse
loxed
loxing
lucence
lucences
luckie
luckies
luetics
luggie
luggies
luna
lunars
lunas
lunet
lunets
lungee
lungees
lusus
lususes
lutea
luteum
lyard
lyricise
lyricised
lyricises
lyricising
lyssa
lyssas
maccabaw
maccabaws
macchia
macchie
madre
madres
madzoon
madzoons
maffia
maffias
maftir
maftirs
magians
magister
magisters
maihem
maihems
maill
mailless
maills
mairs
maists
majagua
majaguas
malaroma
malaromas
malfed
malmier
malmiest
malmy
maltol
maltols
mamie
mamies
mammati
mammatus
mammet
mammets
mammey
mammeys
mammie
mammitides
mammitis
manatoid
manche
manches
mangabies
mangaby
mangey
manihot
manihots
manlily
manuary
margented
margenting
marlings
marrer
marrers
marrowed
marrowing
maryjane
maryjanes
massedly
mastiche
mastiches
mastix
mastixes
mateship
mateships
matilda
matildas
matings
matsah
matsahs
mattedly
mattin
mattrass
mattrasses
matza
matzah
matzahs
matzas
matzoon
matzoons
maumet
maumetries
maumetry
maumets
maundies
maundy
maut
mauts
mavie
mavies
mawed
mawing
mawn
maxicoat
maxicoats
maximite
maximites
maybush
maybushes
mayvin
mayvins
meagrely
medii
medius
medusal
megadyne
megadynes
megilph
megilphs
melanian
melanist
melanists
melder
melders
melilite
melilites
melodia
melodias
melodise
melodised
melodises
melodising
mendigo
mendigos
merises
merisis
merk
merks
mesally
mesian
mesnalties
mesnalty
mesophyl
mesophyls
messman
messmen
mestee
mestees
mesteso
mestesoes
mestesos
mestino
mestinoes
mestinos
metalise
metalised
metalises
metalising
metazoa
metazoon
metepa
metepas
meterage
meterages
methoxy
methoxyl
metump
metumps
mezquit
mezquite
mezquites
mezquits
miasm
miasms
miaul
miauled
miauling
miauls
mib
mibs
micawber
micawbers
micell
micella
micellae
micells
micrified
micrifies
micrify
micrifying
microhm
microhms
microluces
microlux
microluxes
micromho
micromhos
micrurgies
micrurgy
midmonth
midmonths
midnoon
midnoons
midspace
midspaces
midstories
midstory
midwatch
midwatches
mig
migg
miggle
miggles
miggs
migs
mijnheer
mijnheers
milesimo
milesimos
milkwood
milkwoods
milleped
millepeds
milliare
milliares
millier
milliers
milliluces
millilux
milliluxes
millimho
millimhos
milliohm
milliohms
milliped
millipeds
milneb
milnebs
miltier
miltiest
milty
mimbar
mimbars
mimetite
mimetites
mimical
mincier
minciest
mincy
minimals
minnies
minny
minorca
minorcas
mirkily
misadapt
misadapted
misadapting
misadapts
misadd
misadded
misadding
misadds
misagent
misagents
misalter
misaltered
misaltering
misalters
misassay
misassayed
misassaying
misassays
misate
misatone
misatoned
misatones
misatoning
misaver
misaverred
misaverring
misavers
misaward
misawarded
misawarding
misawards
misbegan
misbegin
misbeginning
misbegins
misbegun
misbias
misbiased
misbiases
misbiasing
misbiassed
misbiasses
misbiassing
misbill
misbilled
misbilling
misbills
misbind
misbinding
misbinds
misbuild
misbuilding
misbuilds
misbuilt
misclass
misclassed
misclasses
misclassing
miscoin
miscoined
miscoining
miscoins
miscook
miscooked
miscooking
miscooks
misdrive
misdriven
misdrives
misdriving
misdrove
miseat
miseaten
miseating
miseats
misedit
misedited
misediting
misedits
misenrol
misenrolled
misenrolling
misenrols
misenter
misentered
misentering
misenters
misentries
misentry
misevent
misevents
misfaith
misfaiths
misform
misforming
misforms
misframe
misframed
misframes
misframing
misgraft
misgrafted
misgrafting
misgrafts
misgrew
misgrow
misgrowing
misgrown
misgrows
misguess
misguessed
misguesses
misguessing
misinfer
misinferred
misinferring
misinfers
misinter
misinterred
misinterring
misinters
misjoin
misjoined
misjoining
misjoins
miskal
miskals
miskeep
miskeeping
miskeeps
miskept
mislabor
mislabored
mislaboring
mislabors
mislain
mislie
mislies
mislight
mislighted
mislighting
mislights
mislit
mislive
mislived
mislives
misliving
mislodge
mislodged
mislodges
mislodging
mislying
mismade
mismake
mismakes
mismaking
mismeet
mismeeting
mismeets
mismet
mismove
mismoved
mismoves
mismoving
mispage
mispaged
mispages
mispaging
mispaint
mispainted
mispainting
mispaints
misparse
misparsed
misparses
misparsing
mispart
misparted
misparting
misparts
mispatch
mispatched
mispatches
mispatching
mispen
mispenned
mispenning
mispens
misplant
misplanted
misplanting
misplants
mispoint
mispointed
mispointing
mispoints
mispoise
mispoised
mispoises
mispoising
misraise
misraised
misraises
misraising
misrefer
misreferred
misreferring
misrefers
misseat
misseated
misseating
misseats
missel
missels
misshod
missound
missounded
missounding
missounds
misspace
misspaced
misspaces
misspacing
misstart
misstarted
misstarting
misstarts
missteer
missteered
missteering
missteers
misstop
misstopped
misstopping
misstops
misstyle
misstyled
misstyles
misstyling
missuit
missuited
missuiting
missuits
mistbow
mistbows
mistend
mistended
mistending
mistends
mistouch
mistouched
mistouches
mistouching
mistrace
mistraced
mistraces
mistracing
mistryst
mistrysted
mistrysting
mistrysts
mistutor
mistutored
mistutoring
mistutors
misunion
misunions
misyoke
misyoked
misyokes
misyoking
mitier
mitiest
mitsvah
mitsvahs
mitsvoth
mity
mixible
mochila
mochilas
modelist
modelists
moderatos
modi
modus
moistful
moldwarp
moldwarps
moltenly
momi
momus
momuses
monades
monas
monaxon
monaxons
monde
mondes
mondos
monecian
monetise
monetised
monetises
monetising
monie
monitive
monofuel
monofuels
monologies
monology
monopodies
monopody
mony
mool
mooley
mooleys
mools
moonbow
moonbows
moonsail
moonsails
moorish
moorwort
moorworts
mooter
mooters
mopoke
mopokes
morelle
morelles
morphin
morphins
morrion
morrions
moschate
mosk
mosks
mosser
mossers
motey
mothery
motioner
motioners
motorings
mouchoir
mouchoirs
moulter
moulters
moveably
mucidities
mucidity
mucor
mucors
mucose
mudcap
mudcapped
mudcapping
mudcaps
mudrock
mudrocks
mueddin
mueddins
mugg
muggs
muhlies
muhly
muled
muling
mullock
mullocks
mullocky
multijet
mumm
mumms
mumper
mumpers
mun
mundungo
mundungos
mungoose
mungooses
muns
munting
muntings
mura
muraenid
muraenids
muras
muriated
murkly
murr
murra
murras
murrha
murrhas
murries
murrs
murry
musca
muscae
muskit
muskits
muspike
muspikes
musted
musting
mut
mutch
mutches
mutineered
mutineering
muts
mutular
myases
myasis
mycele
myceles
mycelian
myoid
myopies
myopy
myoscope
myoscopes
myrrhic
mysost
mysosts
mystagog
mystagogs
mysticly
myxocyte
myxocytes
nabis
naboberies
nabobery
nabobess
nabobesses
nabobism
nabobisms
naething
naethings
naevoid
nailfold
nailfolds
nailset
nailsets
nam
nandin
nandins
nanowatt
nanowatts
narcein
narceins
narcose
naric
nasalise
nasalised
nasalises
nasalising
natantly
navar
navars
navette
navettes
navicert
navicerts
nebule
nebulise
nebulised
nebulises
nebulising
nebuly
necklike
needlings
negaton
negatons
neif
neifs
neist
neomorph
neomorphs
nephrism
nephrisms
nervine
nervines
nervule
nervules
netop
netops
neuraxon
neuraxons
neuroid
neurosal
newmown
nextdoor
nicol
nicols
nicotin
nicotins
nided
nidget
nidgets
niding
nighness
nighnesses
nihil
nihils
nilghai
nilghais
nimious
nitchie
nitchies
nitrid
nitrids
nitrolic
nitroso
nixe
noctuoid
noddled
noddling
nom
nomarch
nomarchs
nombles
nomism
nomisms
nomistic
nomoi
nomos
noms
nona
nonadult
nonadults
nonas
nonelect
nonfocal
nonguilt
nonguilts
nonleafy
nonman
nonmen
nonmodal
nonobese
nonpar
nonquota
nonrival
nonrivals
nonrural
nontax
nontaxes
nontrump
nonusing
noo
nooklike
nooser
noosers
normless
notturni
notturno
nounally
nounless
novelise
novelised
novelises
novelising
nubia
nubias
nubilose
nuchals
nucleal
nucleole
nucleoles
nudicaul
nuggety
numinouses
nunnish
nurl
nurled
nurling
nurls
nutbrown
nutgrass
nutgrasses
nutwood
nutwoods
nylghau
nylghaus
oarlike
oatlike
obe
obeahism
obeahisms
obelise
obelised
obelises
obelising
obelism
obelisms
obes
obia
obias
obiism
obiisms
oblongly
obole
oboles
oceloid
ochered
ochering
ochrea
ochreae
ochred
ochring
ochrous
ochry
octangle
octangles
octarchies
octarchy
octuplex
octyl
octyls
odontoids
odourful
odyl
odyle
odyles
odyls
oecologies
oecology
oedipean
oestrin
oestrins
oestriol
oestriols
oestrum
oestrums
ogreism
ogreisms
ogrism
ogrisms
oilcamp
oilcamps
oilhole
oilholes
oilproof
oiltight
oilway
oilways
oinologies
oinology
oinomel
oinomels
okeh
okehs
ologist
ologists
omniarch
omniarchs
omniform
omnimode
omnivora
omophagies
omophagy
ondogram
ondograms
onerier
oneriest
onery
oodlins
oogenies
oogeny
oolachan
oolachans
oomiack
oomiacks
oorali
ooralis
oorie
oot
oots
opercele
operceles
opercule
opercules
oppilant
opticist
opticists
optime
optimes
optionals
optionee
optionees
oratress
oratresses
oratrices
oratrix
orchitic
orectic
orective
orgiac
orgic
origan
origans
orometer
orometers
orphical
orra
orrice
orrices
oscinine
ose
oses
otalgies
otalgy
otoscopies
otoscopy
ottavas
ouistiti
ouistitis
ourang
ourangs
ourebi
ourebis
ourie
outadd
outadded
outadding
outadds
outask
outasked
outasking
outasks
outbake
outbaked
outbakes
outbaking
outbark
outbarked
outbarking
outbarks
outbawl
outbawled
outbawling
outbawls
outbeam
outbeamed
outbeaming
outbeams
outbeg
outbegged
outbegging
outbegs
outblaze
outblazed
outblazes
outblazing
outbleat
outbleated
outbleating
outbleats
outbless
outblessed
outblesses
outblessing
outbribe
outbribed
outbribes
outbribing
outcaper
outcapered
outcapering
outcapers
outcavil
outcaviled
outcaviling
outcavilled
outcavilling
outcavils
outcheat
outcheated
outcheating
outcheats
outchid
outchidden
outchide
outchided
outchides
outchiding
outcook
outcooked
outcooking
outcooks
outcount
outcounted
outcounting
outcounts
outcrawl
outcrawled
outcrawling
outcrawls
outcried
outcrow
outcrowed
outcrowing
outcrows
outcrying
outdoer
outdoers
outdream
outdreamed
outdreaming
outdreams
outdreamt
outdrop
outdropped
outdropping
outdrops
outecho
outechoed
outechoes
outechoing
outers
outfable
outfabled
outfables
outfabling
outfast
outfasted
outfasting
outfasts
outfawn
outfawned
outfawning
outfawns
outfeast
outfeasted
outfeasting
outfeasts
outfeel
outfeeling
outfeels
outfelt
outfind
outfinding
outfinds
outfire
outfired
outfires
outfiring
outfound
outfrown
outfrowned
outfrowning
outfrowns
outgave
outgive
outgiven
outgives
outglow
outglowed
outglowing
outglows
outgnaw
outgnawed
outgnawing
outgnawn
outgnaws
outgrin
outgrinned
outgrinning
outgrins
outgroup
outgroups
outguide
outguided
outguides
outguiding
outhowl
outhowled
outhowling
outhowls
outhumor
outhumored
outhumoring
outhumors
outjinx
outjinxed
outjinxes
outjinxing
outjut
outjuts
outjutted
outjutting
outkeep
outkeeping
outkeeps
outkept
outkiss
outkissed
outkisses
outkissing
outlain
outlie
outlies
outliver
outlivers
outmove
outmoved
outmoves
outmoving
outpitied
outpities
outpity
outpitying
outplod
outplodded
outplodding
outplods
outpreen
outpreened
outpreening
outpreens
outpress
outpressed
outpresses
outpressing
outpush
outpushed
outpushes
outpushing
outraise
outraised
outraises
outraising
outrave
outraved
outraves
outraving
outrock
outrocked
outrocking
outrocks
outroll
outrolled
outrolling
outrolls
outsavor
outsavored
outsavoring
outsavors
outsaw
outscold
outscolded
outscolding
outscolds
outscorn
outscorned
outscorning
outscorns
outsee
outseeing
outseen
outsees
outsert
outserts
outserve
outserved
outserves
outserving
outshame
outshamed
outshames
outshaming
outsin
outsinned
outsinning
outsins
outsmoke
outsmoked
outsmokes
outsmoking
outsnore
outsnored
outsnores
outsnoring
outstart
outstarted
outstarting
outstarts
outstate
outstated
outstates
outstating
outsteer
outsteered
outsteering
outsteers
outstudied
outstudies
outstudy
outstudying
outstunt
outstunted
outstunting
outstunts
outsulk
outsulked
outsulking
outsulks
outtask
outtasked
outtasking
outtasks
outthank
outthanked
outthanking
outthanks
outthrob
outthrobbed
outthrobbing
outthrobs
outtower
outtowered
outtowering
outtowers
outtrot
outtrots
outtrotted
outtrotting
outvaunt
outvaunted
outvaunting
outvaunts
outvoice
outvoiced
outvoices
outvoicing
outwar
outwarred
outwarring
outwars
outwaste
outwasted
outwastes
outwasting
outwhirl
outwhirled
outwhirling
outwhirls
outwile
outwiled
outwiles
outwiling
outwind
outwinded
outwinding
outwinds
outwish
outwished
outwishes
outwishing
outyelp
outyelped
outyelping
outyelps
overable
overbed
overbet
overbets
overbetted
overbetting
overcold
overcoy
overcram
overcrammed
overcramming
overcrams
overdare
overdared
overdares
overdaring
overdear
overdeck
overdecked
overdecking
overdecks
overeasy
overfear
overfeared
overfearing
overfears
overfoul
overgoad
overgoaded
overgoading
overgoads
overhate
overhated
overhates
overhating
overheld
overhigh
overhold
overholding
overholds
overholy
overhope
overhoped
overhopes
overhoping
overhot
overidle
overjust
overlands
overlax
overlet
overlets
overletting
overlewd
overlive
overlived
overlives
overliving
overlove
overloved
overloves
overloving
overmeek
overmelt
overmelted
overmelting
overmelts
overmild
overnear
overneat
overnew
overpert
overplied
overplies
overply
overplying
overrank
overrash
overrife
overrude
oversad
oversale
oversales
oversave
oversaved
oversaves
oversaving
overseed
overseeded
overseeding
overseeds
oversick
overside
oversides
overslow
oversoak
oversoaked
oversoaking
oversoaks
oversoft
oversoon
overspin
overspins
overstir
overstirred
overstirring
overstirs
oversup
oversupped
oversupping
oversups
overtart
overtoil
overtoiled
overtoiling
overtoils
overtrim
overtrimmed
overtrimming
overtrims
overurge
overurged
overurges
overurging
overvote
overvoted
overvotes
overvoting
overwarm
overwarmed
overwarming
overwarms
overwary
overween
overweened
overweening
overweens
overwet
overwets
overwetted
overwetting
overwily
overwise
overzeal
overzeals
ovibos
oviducal
ownable
owse
owsen
oxalic
oxidable
oxidate
oxidated
oxidates
oxidating
oxidise
oxidised
oxidiser
oxidisers
oxidises
oxidising
oxim
oxims
oxysalt
oxysalts
oxysome
oxysomes
oyer
oyers
ozonise
ozonised
ozonises
ozonising
pabular
pachadom
pachadoms
packly
packness
packnesses
packwax
packwaxes
paction
pactions
padle
padles
padnag
padnags
padshah
padshahs
paeanism
paeanisms
paganise
paganised
paganises
paganising
paganist
paganists
pagod
pagods
paik
paiked
paiking
paiks
painch
painches
palabra
palabras
palais
paleways
palewise
palikar
palikars
pandoor
pandoors
pandura
panduras
pangen
pangene
pangenes
pangens
papillar
paprica
papricas
papyrian
papyrine
parachor
parachors
parakite
parakites
paranoea
paranoeas
paraquet
paraquets
parchesi
parchesis
parchisi
parchisis
pardee
pardine
parecism
parecisms
parflesh
parfleshes
pargo
pargos
paris
parises
parodoi
parodos
paroquet
paroquets
parotoid
parotoids
parridge
parridges
parritch
parritches
parroket
parrokets
parroty
parura
paruras
parvolin
parvolins
paschals
pashadom
pashadoms
pasquil
pasquils
passee
passless
passus
passuses
patamar
patamars
patinize
patinized
patinizes
patinizing
pattamar
pattamars
pattee
paty
paughty
paulin
paulins
paupered
paupering
pausal
pavillon
pavillons
pavin
pavins
pavise
paviser
pavisers
pawnee
pawnees
paxwax
paxwaxes
payably
peakless
peaklike
pearlash
pearlashes
pech
pechan
pechans
peched
peching
pechs
pedalier
pedaliers
pedro
pedros
peebeen
peebeens
peerie
peeries
peery
peesweep
peesweeps
pegless
peglike
peise
peised
peises
peising
pele
peles
pelon
pelorian
pembina
pembinas
pemphix
pemphixes
penalities
penality
penang
penangs
penial
penicil
penicils
pennine
pennines
pensee
pensees
penster
pensters
pentomic
peonism
peonisms
peponida
peponidas
peponium
peponiums
peptid
peptids
perdy
peregrin
peregrins
perigon
perigons
periodid
periodids
peripter
peripters
perkish
peroxid
peroxids
peroxy
perpent
perpents
perspiry
petnap
petnapped
petnapping
petnaps
petsai
petsais
pettedly
pettle
pettled
pettles
pettling
petto
peytral
peytrals
peytrel
peytrels
phantast
phantasts
phaseal
phelonia
phelonion
phelonions
phenetol
phenetols
philabeg
philabegs
philibeg
philibegs
phonal
phpht
pht
phylaxis
phylaxises
phyleses
phylesis
phylesises
phylloids
phylon
physes
physis
phytoid
pian
pianic
pians
piasaba
piasabas
piasava
piasavas
picacho
picachos
pical
pickadil
pickadils
pickwick
pickwicks
picolin
picolins
picric
piedfort
piedforts
piefort
pieforts
pierrot
pierrots
pignora
pignus
pily
pima
pimas
pina
pinang
pinangs
pinas
pinchbug
pinchbugs
pinder
pinders
pinelike
pingrass
pingrasses
pinkey
pinkeys
pinkings
pintada
pintadas
pinwales
piraya
pirayas
piriform
pirojki
piroque
piroques
pirozhok
piscator
piscators
pitchily
pithless
plack
placks
placoids
planate
planch
planche
planches
plasmoid
plasmoids
plastrum
plastrums
playday
playdays
playdown
playdowns
playless
playlike
plectron
plectrons
plench
plenches
plenism
plenisms
plenist
plenists
pliotron
pliotrons
plotties
plougher
ploughers
plowhead
plowheads
plowland
plowlands
ployed
ploying
plumiped
plumipeds
pluvian
poaceous
pocketer
pocketers
pockily
podomere
podomeres
poechore
poechores
poetise
poetised
poetiser
poetisers
poetises
poetising
poetless
poh
poind
poinded
poinding
poinds
pointman
pointmen
poiser
poisers
poitrel
poitrels
pollist
pollists
polybrid
polybrids
polygonies
polygony
polypi
polypus
polypuses
polytype
polytypes
ponent
pontific
poortith
poortiths
popeless
popelike
poplitic
porkwood
porkwoods
porose
portless
posingly
postanal
posteen
posteens
postform
postformed
postforming
postforms
postheat
postheats
postin
postins
postique
postiques
postsync
postsynced
postsyncing
postsyncs
potlach
potlache
potlaches
potlike
potman
potmen
potsie
potteen
potteens
pouff
pouffs
poulter
poulters
poussie
poussies
poutful
powter
powters
poyou
poyous
praelect
praelected
praelecting
praelects
preact
preacted
preacting
preacts
preanal
preaver
preaverred
preaverring
preavers
prebasal
prebind
prebinding
prebinds
prebless
preblessed
preblesses
preblessing
preboom
prebound
precent
precented
precenting
precents
precited
precoup
precure
precured
precures
precuring
predusk
predusks
preelect
preelected
preelecting
preelects
preenact
preenacted
preenacting
preenacts
prefrank
prefranked
prefranking
prefranks
prelegal
prelimit
prelimited
prelimiting
prelimits
premedic
premedics
presift
presifted
presifting
presifts
prester
presters
pretrim
pretrimmed
pretrimming
pretrims
preunion
preunions
preunite
preunited
preunites
preuniting
priedieu
priedieus
priedieux
prima
primage
primages
primas
primine
primines
primsie
principe
principi
prisere
priseres
prissies
prochain
prochein
proette
proettes
progger
proggers
prognose
prognosed
prognoses
prognosing
pronota
pronotum
propenol
propenols
propenyl
proteide
proteides
protopod
protopods
protoxid
protoxids
protyl
protyls
prussic
prythee
pshawed
pshawing
psiloses
psilosis
psilotic
ptomain
ptomains
pudic
puggries
puggry
pulicene
pulicide
pulicides
pulings
pulpily
pulpless
pulsion
pulsions
pulsojet
pulsojets
pulvinar
pumpless
pumplike
punditic
punkey
punkeys
punto
puntos
puparial
pupilary
puppydom
puppydoms
pur
puranic
purgings
purin
purins
purs
pursily
pusley
pusleys
puton
putons
pyaemia
pyaemias
pyaemic
pye
pyes
pyic
pyin
pyins
pyranoid
pyritous
pyrologies
pyrology
pyrrol
pyrrols
qaid
qaids
quackism
quackisms
quadplex
quadplexes
quadrans
quadrantes
quantong
quantongs
quassin
quassins
quate
quatorze
quatorzes
quatre
quatres
quaylike
querida
queridas
quey
queys
quillet
quillets
quinela
quinelas
quinic
quinin
quinina
quininas
quinins
quinnat
quinnats
quinol
quinolin
quinolins
quinols
quintar
quintars
quintin
quintins
quippish
quippu
quippus
quomodo
quomodos
qursh
qurshes
rabboni
rabbonis
racemoid
racemous
rackwork
rackworks
radded
radding
radiable
radiale
radialia
radicate
radicated
radicates
radicating
radicel
radicels
ragee
ragees
raggies
raggle
raggles
raggy
raia
raias
rainband
rainbands
rainwashed
rainwashing
raisings
raisonne
rakeoff
rakeoffs
ralline
ramee
ramees
ramilie
ramilies
ramillie
ramillies
rammier
rammiest
rammy
rampole
rampoles
rance
rances
ranpike
ranpikes
ras
ratal
ratals
ratan
ratanies
ratans
ratany
ratatat
ratatats
ratch
ratches
rath
rathole
ratholes
rato
ratooner
ratooners
ratos
ratten
rattened
rattener
ratteners
rattening
rattens
rattlings
ravelly
ravining
raygrass
raygrasses
reaccede
reacceded
reaccedes
reacceding
reaccent
reaccented
reaccenting
reaccents
readd
readded
readdict
readdicted
readdicting
readdicts
readding
readds
readorn
readorned
readorning
readorns
realise
realised
realiser
realisers
realises
realising
realter
realtered
realtering
realters
reanoint
reanointed
reanointing
reanoints
rearmice
rearmouse
reassail
reassailed
reassailing
reassails
reassort
reassorted
reassorting
reassorts
reavail
reavailed
reavailing
reavails
reavow
reavowed
reavowing
reavows
reawake
reawaked
reawakes
reawaking
reawoke
reawoken
rebill
rebilled
rebilling
rebills
rebodied
rebodies
rebody
rebodying
rebop
rebops
recane
recaned
recanes
recaning
recarried
recarries
recarry
recarrying
recept
recepts
rechange
rechanged
rechanges
rechanging
rechew
rechewed
rechewing
rechews
rechoose
rechooses
rechoosing
rechose
rechosen
recircle
recircled
recircles
recircling
reclasp
reclasped
reclasping
reclasps
reclean
recleaned
recleaning
recleans
recoal
recoaled
recoaling
recoals
recoupe
recouple
recoupled
recouples
recoupling
recrate
recrated
recrates
recrating
recrown
recrowned
recrowning
recrowns
redamage
redamaged
redamages
redamaging
redan
redans
redbay
redbays
redders
redecide
redecided
redecides
redeciding
redefeat
redefeated
redefeating
redefeats
redenied
redenies
redeny
redenying
redip
redipped
redipping
redips
redipt
redock
redocked
redocking
redocks
redowa
redowas
redrawer
redrawers
redried
redries
redry
redrying
reearn
reearned
reearning
reearns
reeject
reejected
reejecting
reejects
reembodied
reembodies
reembody
reembodying
reenjoy
reenjoyed
reenjoying
reenjoys
reevoke
reevoked
reevokes
reevoking
reexpel
reexpelled
reexpelling
reexpels
refall
refallen
refalling
refalls
refell
reflew
reflies
reflood
reflooded
reflooding
refloods
reflown
refly
reflying
refront
refronted
refronting
refronts
regauge
regauged
regauges
regauging
regloss
reglossed
reglosses
reglossing
reglow
reglowed
reglowing
reglows
regma
regmata
regrate
regrated
regrates
regrating
rehammer
rehammered
rehammering
rehammers
reheel
reheeled
reheeling
reheels
rehem
rehemmed
rehemming
rehems
rei
reif
reifs
reincite
reincited
reincites
reinciting
reindex
reindexed
reindexes
reindexing
reissuer
reissuers
reitbok
reitboks
reloader
reloaders
remail
remailed
remailing
remails
remorid
rendible
renig
renigged
renigging
renigs
rennase
rennases
reobject
reobjected
reobjecting
reobjects
reordain
reordained
reordaining
reordains
repacified
repacifies
repacify
repacifying
repanel
repaneled
repaneling
repanelled
repanelling
repanels
repaper
repapered
repapering
repapers
reperk
reperked
reperking
reperks
repin
repinned
repinning
repins
replead
repleaded
repleading
repleads
repled
replunge
replunged
replunges
replunging
reprobe
reprobed
reprobes
reprobing
repursue
repursued
repursues
repursuing
requin
requins
reremice
reremouse
rerise
rerisen
rerises
rerising
reroll
rerolled
reroller
rerollers
rerolling
rerolls
rerose
resaddle
resaddled
resaddles
resaddling
resaid
resalute
resaluted
resalutes
resaluting
resay
resaying
resays
reseek
reseeking
reseeks
reseize
reseized
reseizes
reseizing
reshave
reshaved
reshaven
reshaves
reshaving
resift
resifted
resifting
resifts
resinified
resinifies
resinify
resinifying
resketch
resketched
resketches
resketching
resmelt
resmelted
resmelting
resmelts
resmooth
resmoothed
resmoothing
resmooths
resojet
resojets
resought
respace
respaced
respaces
respacing
respade
respaded
respades
respading
respeak
respeaking
respeaks
resplice
respliced
resplices
resplicing
resplit
resplits
resplitting
respoke
respoken
respread
respreading
respreads
restrive
restriven
restrives
restriving
restrove
retack
retacked
retacking
retacks
retailor
retailored
retailoring
retailors
retaker
retakers
retax
retaxed
retaxes
retaxing
retear
retearing
retears
retemper
retempered
retempering
retempers
retint
retinted
retinting
retints
retore
retorn
retrack
retracked
retracking
retracks
retrim
retrimmed
retrimming
retrims
retwist
retwisted
retwisting
retwists
reutter
reuttered
reuttering
reutters
revehent
revenued
reverso
reversos
revuist
revuists
rewan
rewax
rewaxed
rewaxes
rewaxing
rhamnus
rhamnuses
rheophil
rhizoma
rhizomata
rhodamin
rhodamins
ribless
riblike
ricinus
ricinuses
ridgil
ridgils
riever
rievers
riftless
rikisha
rikishas
rikshaw
rikshaws
riminess
riminesses
rimmer
rimmers
rin
rinning
rins
riped
ripes
riping
risus
risuses
robbin
robbins
rockabies
rockabyes
rockless
rodded
rodding
rodsman
rodsmen
rolltop
rompish
ronion
ronions
rooser
roosers
rosaria
rosarium
rosariums
roseries
rosery
rosing
rosinol
rosinols
rosinous
rosolio
rosolios
rosulate
rouche
rouches
rouen
rouens
rouped
roupet
roupily
rouping
rousseau
rousseaus
rowth
rowths
rubace
rubaces
rubaiyat
rubigo
rubigos
rubying
rubylike
ructious
rufflike
rugal
rugging
ruglike
rumpless
rungless
runkle
runkled
runkles
runkling
runround
runrounds
ruralise
ruralised
ruralises
ruralising
rushlike
rusine
russified
russifies
russify
russifying
ryke
ryked
rykes
ryking
rynd
rynds
sab
sabbed
sabbing
sabe
sabed
sabeing
sabes
sabine
sabines
sabir
sabirs
sabs
sacbut
sacbuts
sacrals
sae
safrol
safrols
sagaman
sagamen
saganash
saganashes
sagbut
sagbuts
saggard
saggards
sagier
sagiest
sagum
sagy
sahiwal
sahiwals
sailorly
saiyid
saiyids
sajou
sajous
saladang
saladangs
salarying
saleably
salicine
salicines
sall
salpian
salpians
salpid
salpids
salsilla
salsillas
saltie
saltiers
salties
saltwork
salvagee
salvagees
sambhar
sambhars
sambhur
sambhurs
sambuke
sambukes
samek
sameks
samshu
samshus
sanddab
sanddabs
sandlike
sandling
sandlings
sandpeep
sandpeeps
saned
sanes
sanga
sangar
sangars
sangas
sanger
sangers
sangh
sanghs
saning
sanitaries
sanitise
sanitised
sanitises
sanitising
sanjak
sanjaks
sannop
sannops
sansar
sansars
santalic
santol
santols
saponine
saponines
sapour
sapours
sarment
sarmenta
sarments
sarmentum
sarsar
sarsars
satara
sataras
satinpod
satinpods
sau
saughy
saul
sauls
sautoir
sautoire
sautoires
sautoirs
savingly
savourer
savourers
sawbill
sawbills
scalepan
scalepans
scannings
scarey
schmelze
schmelzes
schmoos
schnozz
schrik
schriks
schuit
schuits
sciatics
scimetar
scimetars
sclerose
sclerosed
scleroses
sclerosing
scolioma
scoliomas
scorepad
scorepads
scottie
scouther
scouthered
scouthering
scouthers
scowder
scowdered
scowdering
scowders
scowed
scowing
scraich
scraiched
scraiching
scraichs
scraigh
scraighed
scraighing
scraighs
scrannels
screeded
screeding
scrimpit
scrive
scrived
scrives
scriving
scroggier
scroggiest
scroggy
sculk
sculked
sculker
sculkers
sculking
sculks
sculp
sculped
sculping
sculps
scuppaug
scuppaugs
scyphate
seabeach
seabeaches
seadrome
seadromes
seascout
seascouts
seawan
seawans
seawant
seawants
sebacic
sebasic
secalose
secaloses
secpar
secpars
secundum
sedilium
seducive
seemer
seemers
segetal
seggar
seggars
seisable
seiser
seisers
seisings
seisure
seisures
selamlik
selamliks
seldomly
semifit
semigala
semihigh
semihobo
semihoboes
semihobos
semimute
semiraw
semises
seneca
senecas
seniles
sensates
sensating
sentients
sepic
septical
septics
serdab
serdabs
sered
serfish
serflike
sering
sesspool
sesspools
sestines
setenant
setenants
seton
setons
setous
setulose
setulous
sewar
sewars
sextan
sextans
sextarii
sextarius
sforzato
sforzatos
shadrach
shadrachs
shaird
shairds
shairn
shairns
shaled
shammos
shamois
shamoy
shamoyed
shamoying
shamoys
shanti
shantih
shantihs
shantis
sharker
sharkers
sharn
sharns
sharny
shaugh
shaughs
shaul
shauled
shauling
shauls
shawed
shawing
sheal
shealing
shealings
sheals
shebean
shebeans
sheenful
sheeve
sheeves
sheitan
sheitans
shelvier
shelviest
shelvy
sheuch
sheuchs
shewer
shewers
shicksa
shicksas
shillala
shillalas
shily
shippen
shippens
shippon
shippons
shist
shists
shnaps
shool
shooled
shooling
shools
shootings
shopboy
shopboys
shopman
shopmen
shorl
shorls
shuckings
shwanpan
shwanpans
siameses
sibb
sibbs
siccan
sickee
sickees
sidler
sidlers
sienite
sienites
sieur
sieurs
siffleur
siffleurs
siganid
siganids
sighless
sighlike
sigmoids
siker
siller
sillers
sillibub
sillibubs
siluroid
siluroids
sim
simioid
simlin
simlins
sims
sipe
siped
sipes
siping
sistered
sistering
siver
sivers
sizeably
sizier
siziest
siziness
sizinesses
sizy
skeen
skeens
skelm
skelms
skiffled
skiffling
skimo
skimos
skioring
skiorings
skippet
skippets
skite
skited
skites
skiting
skoaled
skoaling
skreegh
skreeghed
skreeghing
skreeghs
skreigh
skreighed
skreighing
skreighs
skyman
skymen
skyphoi
skyphos
slabbery
slaker
slakers
slaverer
slaverers
sleekier
sleekiest
sleeky
slipe
sliped
slipes
sliping
slipless
slipout
slipouts
sliverer
sliverers
slivovic
slivovices
slumgum
slumgums
slumism
slumisms
slurban
smallage
smallages
smaragde
smeddum
smeddums
smeek
smeeked
smeeking
smeeks
smerk
smerked
smerking
smerks
smithers
smokepot
smokepots
snaglike
snapless
snapshotted
snapshotting
snapweed
snapweeds
snash
snashes
snaw
snawed
snawing
snaws
sned
snedded
snedding
sneds
sneesh
sneeshes
snobbily
snooked
snooking
snool
snooled
snooling
snools
snoozier
snooziest
snoozy
snouting
snowland
snowlands
snowlike
snuffily
snuggies
soapless
soaplike
sockman
sockmen
socman
socmen
sodamide
sodamides
soddies
softa
softas
sogged
soja
sojas
soland
solander
solanders
solands
solano
solanos
solarise
solarised
solarises
solarising
solarism
solarisms
solecise
solecised
solecises
solecising
solecize
solecized
solecizes
solecizing
soleless
soleret
solerets
solidary
soliquid
soliquids
sombrely
sonarman
sonarmen
sonder
sonders
sonovox
sonovoxes
sooey
sordine
sordines
sorel
sorels
soritic
sorn
sorned
sorner
sorners
sorning
sorns
soroche
soroches
sortably
soth
soths
soullike
souped
souping
sovranly
sowans
sowar
sowars
sozin
sozine
sozines
sozins
spado
spadones
spaeings
spagyrics
spail
spails
spait
spaits
spale
spales
spanless
sparoid
sparoids
spathal
spavie
spavies
spaviet
speerings
speise
speises
speltz
speltzes
spelunk
spelunked
spelunking
spelunks
spicated
spicer
spicers
spinage
spinages
spinate
spinnies
spinny
spinula
spinulae
splatted
splatting
splenia
splenium
spode
spodes
sponsal
spoonily
sporal
sporoid
sporozoa
sporozoon
sporular
sprattle
sprattled
sprattles
sprattling
sprug
sprugs
spurgall
spurgalled
spurgalling
spurgalls
squadroned
squadroning
squeg
squegged
squegging
squegs
sraddha
sraddhas
sradha
sradhas
staggart
staggarts
staggie
staggies
staig
staigs
stannum
stannums
stanzaed
stasima
stasimon
statal
staumrel
staumrels
staw
stealage
stealages
stealings
steevings
stelene
stelic
stellified
stellifies
stellify
stellifying
stemmeries
stemmery
stereoed
stereoing
stewbum
stewbums
stey
stibial
stibium
stibiums
stickout
stickouts
stingo
stingos
stobbed
stobbing
stockcar
stockcars
stoled
stonable
stonish
stonished
stonishes
stonishing
stooker
stookers
storables
stoure
stoures
stourie
stoury
stowp
stowps
stramonies
stramony
strang
stratas
stratous
strawed
strawing
strobic
strobil
strobils
stroyer
stroyers
studdie
studdies
stuiver
stuivers
styliser
stylisers
suasory
suba
subacrid
subalar
subas
subbings
subcause
subcauses
subcell
subcells
subclassed
subclassing
subclerk
subclerks
subepoch
subepochs
suber
suberic
suberise
suberised
suberises
suberising
subers
subfix
subfixes
subfluid
subidea
subideas
subitem
subitems
subnasal
subnodal
suboptic
suboral
suboval
subovate
subpubic
subrent
subrents
subsale
subsales
subsect
subsects
subshaft
subshafts
subtone
subtones
subtopia
subtopias
subtunic
subtunics
suburbed
subvicar
subvicars
succoth
suckless
sudation
sudations
sudor
sudoral
sudors
suffari
suffaris
sugh
sughed
sughing
sughs
suldan
suldans
sulfid
sulfids
sulfo
sulpha
sulphas
sulphid
sulphids
sulphite
sulphites
sulphone
sulphones
sumpweed
sumpweeds
sunback
sunket
sunkets
sunland
sunlands
superlain
superlay
superlie
superlies
superlying
supersex
supersexes
surgy
svaraj
svarajes
swail
swails
swanpan
swanpans
swarty
swastica
swasticas
swayful
sweer
swingings
swithe
swithly
swive
swived
swives
swiving
swobber
swobbers
swoun
swouned
swouning
swouns
sybo
syboes
syke
sykes
sylphy
sylvin
sylvins
symbion
symbions
symbiot
symbiots
syn
syncom
syncoms
syndet
syndets
synectic
synergia
synergias
synonyme
synonymes
syntonies
syntony
synura
synurae
syren
syrens
tabbis
tabbises
taber
tabered
tabering
tabers
tabooley
tabooleys
tabuli
tabulis
tacket
tackets
tackey
tacnode
tacnodes
tae
taffarel
taffarels
tagrag
tagrags
taiglach
talar
talars
tallol
tallols
talmudic
talooka
talookas
talukas
tamal
tamals
tambur
tamburs
tamein
tameins
tammie
tampan
tampans
tanto
tapadera
tapaderas
tapadero
tapaderos
tapalo
tapalos
tarama
taramas
tarantas
tarantases
tarsia
tarsias
tartana
tartanas
tassie
tassies
tate
tates
tatouay
tatouays
tawie
tawney
tawneys
tawsed
tawsing
taxite
taxites
taxitic
taxpaid
taxwise
teaboard
teaboards
teabowl
teabowls
teabox
teaboxes
teamaker
teamakers
teaware
teawares
tectite
tectites
teenful
teentsier
teentsiest
teentsy
tegumen
tegumina
teind
teinds
telega
telegas
teleman
telemen
telfered
telfering
telfords
telomic
tendence
tendences
tenebrae
tenesmic
tenfolds
tenpence
tenpences
tensibly
teopan
teopans
terebic
terefah
termly
termtime
termtimes
terpinol
terpinols
terrases
terreen
terreens
terrella
terrellas
territ
territs
tetanise
tetanised
tetanises
tetanising
tetotum
tetotums
teuch
teugh
teughly
tew
tewed
tewing
tews
textless
thack
thacked
thacking
thacks
thae
thairm
thairms
tharm
tharms
thawer
thawers
thawless
thein
theins
thelitis
thelitises
thenage
thenages
thenal
therme
thermes
thiazin
thiazins
thinclad
thinclads
thindown
thindowns
thio
thionin
thionins
thirlage
thirlages
thoracal
thowless
thrave
thraves
threep
threeped
threeping
threeps
thrip
thruput
thruputs
thumbkin
thumbkins
thyreoid
tictoc
tictocked
tictocking
tictocs
tidelike
tieclasp
tieclasps
tierced
tigrish
timarau
timaraus
tinklings
tipstock
tipstocks
tirrivee
tirrivees
tivy
tochered
tochering
togate
togated
toit
toited
toiting
toits
tolane
tolanes
tolidin
tolidins
tollbar
tollbars
tollman
tollmen
toluic
toluid
toluidin
toluidins
toluids
toluole
toluoles
tomback
tombacks
tongman
tongmen
tonlet
tonlets
tonsilar
toolhead
toolheads
toph
tophe
tophes
tophs
topstone
topstones
toquet
toquets
toro
toros
torpids
torse
torses
totalise
totalised
totalises
totalising
toughish
towie
towies
towmont
towmonts
townfolk
townhome
townhomes
townish
townless
townwear
towy
toxical
toxine
toxines
toyish
toyless
toyo
toyos
trachle
trachled
trachles
trachling
traik
traiked
traiking
traiks
trainway
trainways
tramel
trameled
trameling
tramell
tramelled
tramelling
tramells
tramels
tramless
trapball
trapballs
traplike
trapnest
trapnested
trapnesting
trapnests
trappean
trappose
trappous
trauchle
trauchled
trauchles
trauchling
trawley
trawleys
trawlnet
trawlnets
treddle
treddled
treddles
treddling
treelawn
treelawns
trefah
tressier
tressiest
tressour
tressours
tressy
trevet
trevets
triadics
triazin
triazins
tribadic
trickie
tricklier
trickliest
trickly
triens
trientes
trigo
trigos
trilobal
trindle
trindled
trindles
trindling
trined
trining
trinkums
trinodal
tripart
triphase
trippings
triptyca
triptycas
triscele
trisceles
triseme
trisemes
trisemic
triticum
triticums
trivalves
troak
troaked
troaking
troaks
trochil
trochils
trock
trocked
trocking
trocks
troilus
troiluses
trois
troke
troked
trokes
troking
troland
trolands
trollings
troopial
troopials
trooz
trop
trowth
trowths
troys
trueblue
trueblues
truffe
truffes
tryma
trymata
tryste
trystes
tsktsk
tsktsked
tsktsking
tsktsks
tsuba
tubework
tubeworks
tubiform
tubulose
tufoli
tuftily
tugless
tuladi
tuladis
tuneably
turacou
turacous
turbeth
turbeths
turbith
turbiths
turdine
turfless
turgencies
turgency
turgent
turgite
turgites
turkois
turkoises
turmoiled
turmoiling
turnhall
turnhalls
turpeth
turpeths
turrical
tushing
tussar
tussars
tusser
tussers
tussor
tussors
tussuck
tussucks
tussur
tussurs
twangle
twangled
twangler
twanglers
twangles
twangling
twankies
twanky
twasome
twasomes
twier
twiers
twiggen
twofolds
twyer
twyers
tye
tyee
tyees
tyes
tympano
typhon
typhons
typhose
typp
typps
tythe
tythed
tythes
tything
tzetze
tzetzes
ubique
udometries
udometry
umangite
umangites
umbeled
umbelled
umiac
umiack
umiacks
umiacs
umteenth
unagile
unanchor
unanchored
unanchoring
unanchors
unartful
unawaked
unbased
unbear
unbeared
unbearing
unbears
unbenign
unblamed
unboned
unbouncy
unbreech
unbreeched
unbreeches
unbreeching
unbusted
uncake
uncaked
uncakes
uncaking
uncasked
unchary
unchicly
unchosen
uncia
unciae
uncinal
uncloud
unclouded
unclouding
unclouds
uncloyed
uncreate
uncreated
uncreates
uncreating
uncurb
uncurbing
uncurbs
uncursed
undaring
unde
undee
underbud
underbudded
underbudding
underbuds
undergod
undergods
underlit
undertax
undertaxed
undertaxes
undertaxing
undevout
undy
unenvied
unerased
unevaded
unfence
unfences
unfencing
unfished
unflexed
unfoiled
unforged
unforgot
unfought
unfound
ungalled
unglove
ungloved
ungloves
ungloving
ungowned
ungreedy
unguenta
unguentum
unhailed
unhalved
unhang
unhanged
unhanging
unhangs
unhasty
unhat
unhats
unhatted
unhatting
unhouse
unhouses
unhousing
unhung
unhusk
unhusked
unhusking
unhusks
unideaed
unideal
unilobed
unjoyful
unjudged
unkend
unkent
unkingly
unled
unlet
unlethal
unletted
unlevel
unleveled
unleveling
unlevelled
unlevelling
unlevels
unlively
unlobed
unmaker
unmakers
unmanful
unmated
unmatted
unmeetly
unmellow
unmelted
unmended
unmesh
unmeshed
unmeshes
unmeshing
unmew
unmewed
unmewing
unmews
unmingle
unmingled
unmingles
unmingling
unmiter
unmitered
unmitering
unmiters
unmitre
unmitred
unmitres
unmitring
unmolten
unmown
unnoisy
unnoted
unoiled
unopen
unornate
unparted
unpaying
unpitied
unplait
unplaited
unplaiting
unplaits
unplayed
unpliant
unpotted
unprimed
unprobed
unpucker
unpuckered
unpuckering
unpuckers
unpurged
unpuzzle
unpuzzled
unpuzzles
unpuzzling
unraked
unrazed
unreasoned
unreasoning
unrent
unrented
unrepair
unrepairs
unrimed
unrinsed
unrobe
unrobed
unrobes
unrobing
unroped
unrough
unrusted
unsafeties
unsafety
unsated
unsawed
unsawn
unseared
unseized
unshamed
unshed
unshrunk
unsicker
unsilent
unsmoked
unsoaked
unsolid
unsoncy
unsonsie
unsonsy
unsoured
unsowed
unspilt
unstack
unstacked
unstacking
unstacks
unstate
unstates
unstating
unstoned
unstress
unstresses
unstung
unsunk
unswept
untaken
unthawed
untilted
untipped
untired
untrim
untrimmed
untrimming
untrims
untrusty
ununited
unurged
unveined
unvexed
unvext
unwalled
unwaning
unwasted
unweary
unwelded
unwetted
unwifely
unwinder
unwinders
unwit
unwits
unwitted
unwitting
unwooded
unwooed
unwrung
unyeaned
unzoned
upbear
upbearer
upbearers
upbearing
upbears
upbind
upbinding
upbinds
upboil
upboiled
upboiling
upboils
upbore
upborne
upbound
upby
upbye
upcasting
upclimb
upclimbed
upclimbing
upclimbs
upcoil
upcoiled
upcoiling
upcoils
upcurl
upcurled
upcurling
upcurls
upcurve
upcurved
upcurves
upcurving
updart
updarted
updarting
updarts
updater
updaters
updive
updived
updives
updiving
updove
updried
updries
updry
updrying
upfling
upflinging
upflings
upflow
upflowed
upflowing
upflows
upflung
upfold
upfolded
upfolding
upfolds
upgather
upgathered
upgathering
upgathers
upgaze
upgazed
upgazes
upgazing
upgird
upgirded
upgirding
upgirds
upgirt
upgoing
upgrew
upgrow
upgrowing
upgrown
upgrows
upheap
upheaped
upheaping
upheaps
uphoard
uphoarded
uphoarding
uphoards
uphroe
uphroes
upleap
upleaped
upleaping
upleaps
upleapt
upo
uppile
uppiled
uppiles
uppiling
uppings
upprop
uppropped
uppropping
upprops
upraiser
upraisers
upreach
upreached
upreaches
upreaching
uprivers
uprootal
uprootals
uprushed
uprushing
upsend
upsending
upsends
upsent
upshoot
upshooting
upshoots
upsoar
upsoared
upsoaring
upsoars
upstair
upstand
upstanding
upstands
upstare
upstared
upstares
upstaring
upstep
upstepped
upstepping
upsteps
upstir
upstirred
upstirring
upstirs
upstood
uptear
uptearing
uptears
uptore
uptorn
uptoss
uptossed
uptosses
uptossing
upwaft
upwafted
upwafting
upwafts
upwinds
uraemic
uranism
uranisms
urare
urares
urari
uraris
urgingly
urinaries
urinemia
urinemias
urinemic
urnlike
ursa
ursae
usaunce
usaunces
usquabae
usquabaes
usque
usquebae
usquebaes
usques
uta
utas
utilidor
utilidors
utiliser
utilisers
vaccina
vaccinas
valencia
valencias
valeric
valkyr
valkyrie
valkyries
valkyrs
valorise
valorised
valorises
valorising
vandalic
vanitories
vanitory
vanman
vanmen
vapourer
vapourers
vapoury
variated
variating
vatful
vatfuls
vaticide
vaticides
vauntie
vavassor
vavassors
vaw
vawntie
vaws
veepee
veepees
vegetant
vegetist
vegetists
veiler
veilers
veinless
veinlike
veinulet
veinulets
velured
veluring
velveret
velverets
venenate
venenated
venenates
venenating
venenose
venine
venines
venomer
venomers
vera
verbile
verbiles
veritas
veritates
vermian
vermoulu
vermuth
vermuths
verseman
versemen
verser
versers
vesicula
vesiculae
vesseled
vestally
vestless
vexil
vexillar
vexils
viator
viatores
viators
vibrants
viceless
victress
victresses
vicugna
vicugnas
vineal
violater
violaters
visiter
visiters
vitalise
vitalised
vitalises
vitalising
vitesse
vitesses
vivaries
vivary
vive
vivipara
vizirate
vizirates
vizirial
voces
voe
voes
voled
voleries
volery
voling
volti
vomito
vomitos
vowless
vox
vrouw
vrouws
vrow
vrows
vulcanic
vulgars
vulgo
vyingly
wab
wabblier
wabbliest
wabbly
wabs
wadmaal
wadmaals
wadmoll
wadmolls
wadset
wadsets
wadsetted
wadsetting
waeful
waeness
waenesses
waffie
waffies
wafflings
waggoner
waggoners
wagonage
wagonages
wagsome
wahconda
wahcondas
waifed
waifing
wailsome
wair
waired
wairing
wairs
waister
waisters
waisting
waistings
wakiki
wakikis
walies
walkyrie
walkyries
wallie
wallies
waly
wamefou
wamefous
wameful
wamefuls
wammus
wammuses
wampish
wampished
wampishes
wampishing
wampus
wampuses
wamus
wamuses
wandle
wantage
wantages
warcraft
warcrafts
wark
warked
warking
warks
warmaker
warmakers
warpower
warpowers
warragal
warragals
warrigals
warstler
warstlers
wartlike
warwork
warworks
warworn
wasterie
wasteries
wastery
wasteway
wasteways
wastrie
wastries
wastry
wasts
watchcries
watchcry
watchout
watchouts
waterage
waterages
waterings
wattape
wattapes
watter
wattest
wattless
waucht
wauchted
wauchting
wauchts
waugh
waught
waughted
waughting
waughts
wauk
wauked
wauking
wauks
waur
waveoff
waveoffs
wavies
waxworm
waxworms
wearish
weason
weasons
weazand
weazands
wecht
wechts
weel
weeviled
weighman
weighmen
weldless
wellcurb
wellcurbs
welldoer
welldoers
wellsite
wellsites
weltings
wennier
wenniest
wennish
wenny
wergelt
wergelts
wessand
wessands
wetproof
wettings
wha
whapper
whappers
wheep
wheeped
wheeping
wheeple
wheepled
wheeples
wheepling
wheeps
wherve
wherves
whimsied
whitrack
whitracks
whitter
whitters
whoosis
whoosises
wich
wiches
wickape
wickapes
widder
widders
widdie
widdle
widdled
widdles
widdling
widthway
wifed
wifes
wifing
wiggeries
wiggery
wiggings
wilfully
williwau
williwaus
willyard
willyart
wincey
winceys
windable
windburned
windburning
windburnt
windle
windled
windles
windling
windlings
winesop
winesops
wingedly
winned
wireway
wireways
wishless
wiss
wissed
wisses
wissing
witney
witneys
wiver
wivers
wizzen
wizzens
woaded
woadwax
woadwaxes
wobblies
wobegone
woeness
woenesses
woesome
wofully
womaned
womaning
womans
wombier
wombiest
womby
wonner
wonners
woodbind
woodbinds
woodbox
woodboxes
woodhen
woodhens
woodwax
woodwaxes
wooler
woolers
woolman
woolmen
woolwork
woolworks
woorali
wooralis
woorari
wooraris
wormil
wormils
worrit
worrited
worriting
worrits
worset
worsets
wrang
wrangs
wrathed
wrathily
wrathing
wreckful
wrothful
wych
wyches
wyle
wyled
wyles
wyling
wyte
wyted
wytes
wyting
xanthin
xanthins
xenic
xylidin
xylidins
xylocarp
xylocarps
xylyl
xylyls
xystoi
xystos
ya
yachter
yachters
yachtman
yachtmen
yaff
yaffed
yaffing
yaffs
yaird
yairds
yald
yamun
yamuns
yardwand
yardwands
yaud
yauds
yawmeter
yawmeters
yealing
yealings
yecchs
yechs
yechy
yeelin
yeelins
yeggman
yeggmen
yeh
yelk
yelks
yellowly
yestern
yett
yetts
yill
yills
yince
yird
yirds
yirr
yirred
yirring
yirrs
yirth
yirths
yodler
yodlers
yogee
yogees
yokeless
yokozuna
yokozunas
yom
yomim
yonker
yonkers
youpon
youpons
youthen
youthened
youthening
youthens
yowe
yowed
yowes
yowie
yowies
yowing
yows
yperite
yperites
yummies
yupon
yupons
zabaione
zabaiones
zabajone
zabajones
zaffar
zaffars
zaffir
zaffirs
zamarra
zamarras
zamarro
zamarros
zanyish
zanza
zanzas
zaptiah
zaptiahs
zaptieh
zaptiehs
zincified
zincifies
zincify
zincifying
zingani
zingano
zingara
zingare
zingari
zingaro
zinkified
zinkifies
zinkify
zinkifying
zizzle
zizzled
zizzles
zizzling
zoic
zoneless
zonula
zonulae
zonulas
zoomania
zoomanias
zorillo
zorillos
zouave
zouaves
zygose
zymogene
zymogenes
