# 🚨
# 🚨 Source: https://web.archive.org/web/20071018165557if_/http://personal.riverusers.com/~thegrendel/supp2k.zip::ucacr.lst
# 🚨
ABC
ABCs
ABD
ABDs
ABM
ABMs
ABS
ACTH
ADP
ADR
ADRs
ALU
AM
AMP
APB
APC
ATM
ATP
ATPase
ATPases
ATV
ATVs
AZT
BAL
BB
BBQ
BCG
BCME
BHA
BHC
BHT
BLT
BLTs
Bt
Bts
BVD
BVDs
CB
CBer
CBers
CCD
CCU
CD
cDNA
CEA
CEO
CPU
CQ
CRT
CRTs
CS
DA
DAs
dATP
DBCP
dCTP
DDC
DDD
DDE
DDI
DDT
DDVP
DES
dGTP
DH
DHEA
DIY
DJ
DME
DMSO
DMT
DNA
DNAase
DNAases
DNAse
DNAses
DP
DPN
DPs
DRG
DTD
DTs
dTTP
DUI
DVD
DVDs
DWI
DX
EDB
EDTA
EMT
ENG
EQ
ESP
FAD
FM
FMN
FTP
FTPed
FTPing
FTPs
FX
GB
GFCI
GFI
GI
GIs
GMP
GT
GTP
HCG
HDL
HIV
HLA
HMO
HTLV
IC
ICBM
ICBMs
ID
IDed
IDing
IDs
IgA
IgE
IgG
IgM
IOU
IOUs
IQ
IRA
IRAs
IUD
IV
IVs
KIA
KO
KOs
KP
KPs
LAV
LBO
LBOs
LCD
LCDs
LDL
LED
LEDs
LNG
LP
LPN
LPNs
LPs
LSD
LSI
LST
MAO
MC
MDMA
MIA
MP
MRI
MX
NAD
NADH
NADP
NADPH
NCO
OCR
OD
ODed
ODing
ODs
OEM
OG
OJ
OK
OKs
PA
PBB
PBJ
PBX
PC
PCB
PCP
PCs
PDQ
PG
pH
PID
PJs
PK
POW
PPO
PPOs
PT
PTC
PTCA
PVC
PWA
RBI
RBIs
Rh
RN
RNA
RNAase
RNAases
RNAse
RNAses
RPV
rRNA
RV
RVs
Rx
Rxs
SLR
SNG
SOB
SOS
SOSs
sRNA
SRO
SSRI
SST
STD
STP
TAF
TB
TCDD
TGIF
THC
TIA
TKO
TNT
TPN
tRNA
TSR
TSRs
TV
TVs
UFO
UFOs
URL
URLs
UVA
UVB
VCR
VDT
VDU
VHS
VIP
VIPs
VJ
VLDL
VLSI
VOR
VX
WC
XYZ
