# 🚨
# 🚨 Source: https://web.archive.org/web/20071018165557if_/http://personal.riverusers.com/~thegrendel/enable2k.zip::MW10ADD.LST
# 🚨
admasses
adrenalized
aerobicize
aerobicized
aerobicizes
aerobicizing
alnicos
anestruses
antefixae
apoptoses
apoptosis
apoptotic
archaea
archaeal
archaean
archaeans
archentera
assed
audiobook
audiobooks
bafflegab
bafflegabs
benchmarking
benchmarkings
biomarker
biomarkers
bioregion
bioregional
bioregionalism
bioregionalisms
bioregionalist
bioregionalists
bioregions
bioremediation
bioremediations
biosolid
biosolids
bloviation
bloviations
boffed
boffing
bohrium
bohriums
brainiac
brainiacs
brewpub
brewpubs
brownfield
brownfields
butes
calos
canolas
cementums
centai
centas
centu
cineplex
cineplexes
colobuses
cors
culexes
delt
delts
denar
denari
denars
deni
dubnium
dubniums
dyneins
echinacea
echinaceas
ecoterrorism
ecoterrorisms
ecoterrorist
ecoterrorists
eds
farfalle
farfalles
flankens
fluoxetine
fluoxetines
freeware
freewares
frisee
frisees
gateaus
gazillion
gazillions
gazoo
gazoos
gigaflop
gigaflops
gnostics
gopik
gos
greenfield
hantavirus
hantaviruses
hardcores
hassium
hassiums
homegirl
homegirls
homosocial
homosocialities
homosociality
hyperlink
hyperlinked
hyperlinking
hyperlinks
hypermedia
hypermedias
impatienses
incentivize
incentivized
incentivizes
incentivizing
inions
intertextual
intertextualities
intertextuality
intertextually
kaddishes
kermeses
kerygmas
kuna
kune
leaderboard
leaderboards
lipa
lipe
luging
mahimahis
manat
manats
masculinist
masculinists
medigap
medigaps
meitnerium
meitneriums
meme
memes
mesclun
mescluns
mifepristone
mifepristones
minibar
minibars
modernes
morphed
morphing
mosh
moshed
mosher
moshers
moshes
moshing
nairas
nenes
netiquette
netiquettes
netizen
netizens
newbie
newbies
newsgroup
newsgroups
omphaloses
onces
ostinati
paclitaxel
paclitaxels
parashahs
parvenues
perp
perps
pizzazz
pizzazzes
pizzazzy
plasmodesms
plyometric
plyometrics
portabella
portabellas
portabello
portabellos
portobello
portobellos
primavera
quasicrystal
quasicrystalline
quasicrystals
ramen
ramens
rapinis
rappinis
rightsize
rightsized
rightsizes
rightsizing
som
spam
spammed
spammer
spammers
spamming
spams
spatzles
stotin
stotinov
superphenomenons
tacrine
tacrines
takas
tallises
talliths
tandooris
tandoors
tapenade
tapenades
telnet
telneted
telneting
telnets
telnetted
telnetting
teloses
tenge
testatrixes
tolar
tolarjev
tolars
transgender
transgendered
tsimmeses
tsouris
tyin
tyiyn
tzimmeses
velociraptor
velociraptors
viewdatas
violoncellos
waitstaff
waitstaffs
wazoo
wazoos
yottabyte
yottabytes
zeptosecond
zeptoseconds
zettabyte
zettabytes
